D/TelephonyRegistry( 1483): [QCTMM]broadcastDataConnectionStateChangedLTE() ++  anyDataConnectionState=0 apnType=default ipVersion=IPV4, state=0apn=null interfaceName=null isDataConnectivityPossible= true reason= radioTechnologyChanged ipAddress=null gwAddress=null
D/TelephonyRegistry( 1483): [QCTMM][BCST]---------------
D/StatusBarPolicy(20908): slotType[0]=NV
D/TelephonyRegistry( 1483): [QCTMM][BCST] STATE_CHANGE_REASON_KEY(reason)=radioTechnologyChanged
D/TelephonyRegistry( 1483): [QCTMM][BCST] DATA_APN_KEY(apn)=null,DATA_APN_TYPES_KEY=default
D/TelephonyRegistry( 1483): [QCTMM][BCST] STATE_KEY(state) we made v4/v6 =DISCONNECTED
D/TelephonyRegistry( 1483): [QCTMM][BCST] DATA_APN_TYPE_STATE(state) we made v4/v6 =DISCONNECTED
D/TelephonyRegistry( 1483): [QCTMM][BCST] DATA_IPVERSION_REAL_STATE_KEY(realipstate)=DISCONNECTED,ipVersion=IPV4
D/TelephonyRegistry( 1483): [QCTMM][BCST] ---------------
D/TelephonyRegistry( 1483): [QCTMM]broadcastDataConnectionStateChangedLTE()  -- anyDataConnectionState=0 state=DISCONNECTED apnType=default, interfaceName=null apn[]= null ipAddress=null gwAddress=null
D/StatusBarPolicy(20908): iconIndex=1
V/StatusBarPolicy(20908): cdmaLevel:0;max:5
D/StatusBarPolicy(20908): for VZW, cdmaLevel+1, cdmaLevel= 1
D/StatusBarPolicy(20908): iconLevel:1
D/StatusBarManagerService( 1483): disable what =0, token = android.os.Binder@408bd448, pkg = android, mBar = com.android.internal.statusbar.IStatusBar$Stub$Proxy@40d823a8
D/InputManagerService( 1483): Window already focused, ignoring focus gain of: com.android.internal.view.IInputMethodClient$Stub$Proxy@40cefed0
V/NotificationService( 1483): dual Led off
I/ActivityManager( 1483): Starting activity: Intent { act=org.renpy.android.PythonActivity flg=0x10100000 cmp=org.test.myapp/org.renpy.android.PythonActivity } from pid 20908
I/ActivityManager( 1483): Start proc org.test.myapp:python for activity org.test.myapp/org.renpy.android.PythonActivity: pid=21153 uid=10131 gids={1015}
I/WindowManager( 1483): Setting rotation to 1, animFlags=1
D/PowerManagerService( 1483): button light setOrientation:1
D/PowerManagerService( 1483): setPenMenuButtonLed: 2
I/ActivityManager( 1483): Config changed: { scale=1.0 imsi=310/12 loc=en_US touch=3 keys=1/1/2 nav=1/1 orien=2 layout=34 uiMode=17 seq=50 skin=com.htc.skin.Slate}
V/NotificationService( 1483): dual Led off
W/InputManagerService( 1483): [unbindCurrentClientLocked] Disable input method client.
V/NotificationService( 1483): dual Led off
I/ActivityManager( 1483): Process org.test.myapp:python (pid 21153) has died.
I/WindowManager( 1483): WIN DEATH: Window{408f0378 SurfaceView paused=false}
I/WindowManager( 1483): WIN DEATH: Window{408b0738 org.test.myapp/org.renpy.android.PythonActivity paused=false}
I/WindowManager( 1483): Setting rotation to 0, animFlags=1
D/PowerManagerService( 1483): button light setOrientation:0
D/PowerManagerService( 1483): setPenMenuButtonLed: 2
I/ActivityManager( 1483): Config changed: { scale=1.0 imsi=310/12 loc=en_US touch=3 keys=1/1/2 nav=1/1 orien=1 layout=34 uiMode=17 seq=51 skin=com.htc.skin.Slate}
D/InputManagerService( 1483): Got RemoteException sending setActive(false) notification to pid 21153 uid 10131
D/StatusBarPolicy(20908): iconIndex=1
V/StatusBarPolicy(20908): cdmaLevel:0;max:5
D/StatusBarPolicy(20908): for VZW, cdmaLevel+1, cdmaLevel= 1
D/StatusBarPolicy(20908): iconLevel:1
D/StatusBarManagerService( 1483): disable what =1, token = android.os.Binder@408bd448, pkg = android, mBar = com.android.internal.statusbar.IStatusBar$Stub$Proxy@40d823a8
W/ActivityManager( 1483): Timeout of broadcast BroadcastRecord{40c80490 android.intent.action.SCREEN_OFF} - receiver=android.os.BinderProxy@40ccc1d0
W/ActivityManager( 1483): Receiver during timeout: BroadcastFilter{40c904b8 ReceiverList{40c90440 18697 com.htc.bgp/10001 remote:40ccc1d0}}
W/ActivityManager( 1483): Failure sending broadcast Intent { act=android.intent.action.SCREEN_OFF flg=0x40000000 }
W/ActivityManager( 1483): android.os.DeadObjectException
W/ActivityManager( 1483): 	at android.os.BinderProxy.transact(Native Method)
W/ActivityManager( 1483): 	at android.content.IIntentReceiver$Stub$Proxy.performReceive(IIntentReceiver.java:121)
W/ActivityManager( 1483): 	at com.android.server.am.ActivityManagerService.performReceiveLocked(ActivityManagerService.java:12485)
W/ActivityManager( 1483): 	at com.android.server.am.ActivityManagerService.deliverToRegisteredReceiverLocked(ActivityManagerService.java:12547)
W/ActivityManager( 1483): 	at com.android.server.am.ActivityManagerService.processNextBroadcast(ActivityManagerService.java:12759)
W/ActivityManager( 1483): 	at com.android.server.am.ActivityManagerService.access$100(ActivityManagerService.java:212)
W/ActivityManager( 1483): 	at com.android.server.am.ActivityManagerService$2.handleMessage(ActivityManagerService.java:1218)
W/ActivityManager( 1483): 	at android.os.Handler.dispatchMessage(Handler.java:99)
W/ActivityManager( 1483): 	at android.os.Looper.loop(Looper.java:150)
W/ActivityManager( 1483): 	at com.android.server.am.ActivityManagerService$AThread.run(ActivityManagerService.java:1494)
W/ActivityManager( 1483): Failure sending broadcast Intent { act=android.intent.action.SCREEN_OFF flg=0x40000000 }
W/ActivityManager( 1483): android.os.DeadObjectException
W/ActivityManager( 1483): 	at android.os.BinderProxy.transact(Native Method)
W/ActivityManager( 1483): 	at android.content.IIntentReceiver$Stub$Proxy.performReceive(IIntentReceiver.java:121)
W/ActivityManager( 1483): 	at com.android.server.am.ActivityManagerService.performReceiveLocked(ActivityManagerService.java:12485)
W/ActivityManager( 1483): 	at com.android.server.am.ActivityManagerService.deliverToRegisteredReceiverLocked(ActivityManagerService.java:12547)
W/ActivityManager( 1483): 	at com.android.server.am.ActivityManagerService.processNextBroadcast(ActivityManagerService.java:12759)
W/ActivityManager( 1483): 	at com.android.server.am.ActivityManagerService.access$100(ActivityManagerService.java:212)
W/ActivityManager( 1483): 	at com.android.server.am.ActivityManagerService$2.handleMessage(ActivityManagerService.java:1218)
W/ActivityManager( 1483): 	at android.os.Handler.dispatchMessage(Handler.java:99)
W/ActivityManager( 1483): 	at android.os.Looper.loop(Looper.java:150)
W/ActivityManager( 1483): 	at com.android.server.am.ActivityManagerService$AThread.run(ActivityManagerService.java:1494)
I/ActivityManager( 1483): Start proc com.htc.android.Stock for broadcast com.htc.android.Stock/.StockSyncReceiver: pid=21170 uid=10001 gids={3003, 1006, 1015, 2001}
D/AlarmManager( 1483): ACTION_SCREEN_ON
W/InputManagerService( 1483): Receive : Intent.ACTION_SCREEN_ON
W/InputManagerService( 1483): Enable input method client.
I/ActivityManager( 1483): Start proc com.htc.android.worldclock for broadcast com.htc.android.worldclock/.AlarmInitReceiver: pid=21181 uid=1000 gids={3002, 3001, 3003, 2001, 1015, 1007}
I/ActivityManager( 1483): Start proc com.android.settings for broadcast com.android.settings/.HtcCdmaFeatureReceiver: pid=21190 uid=1000 gids={3002, 3001, 3003, 2001, 1015, 1007}
D/HtcCdmaStatusBar(20908): receiver intent, aciton:android.intent.action.GPSONE_MODE_CHANGED
D/HtcCdmaStatusBar(20908): GPS one change:3
D/HtcCdmaStatusBar(20908): Update MtGPS, status=-1, setting=3
D/HtcCdmaStatusBar(20908): FEATURE_SUPPORT_LOCATION_SERVICE = true, show GPS icon
D/HtcCdmaStatusBar(20908): OoO save gpsone pre-status(-1
D/Socket_Alarm(21181): registerHTCSocketMonitorCallBack
D/Socket_Alarm(21181): set mSocketMonitor
D/Socket_Alarm(21181): HTCSocketMonitorImpl::HTCSocketMonitorImpl
D/ConnectivityService( 1483): getNetworkInfo(6) not avaliable
D/ConnectivityService( 1483): getNetworkInfo(6) not avaliable
D/ConnectivityService( 1483): getNetworkInfo(6) not avaliable
D/ConnectivityService( 1483): getNetworkInfo(6) not avaliable
D/AlarmManager( 1483): ACTION_SCREEN_OFF
W/InputManagerService( 1483): Receive : Intent.ACTION_SCREEN_OFF
W/InputManagerService( 1483): Disable input method client.
D/AlarmManager( 1483): ACTION_SCREEN_ON
W/InputManagerService( 1483): Receive : Intent.ACTION_SCREEN_ON
W/InputManagerService( 1483): Enable input method client.
I/ActivityManager( 1483): Start proc com.htc.android.mail for broadcast com.htc.android.mail/.AppMonitorReceiver: pid=21225 uid=10093 gids={3003, 1015}
D/AlarmManager( 1483): ACTION_SCREEN_OFF
W/InputManagerService( 1483): Receive : Intent.ACTION_SCREEN_OFF
W/InputManagerService( 1483): Disable input method client.
D/StatusBarPolicy(20908): iconIndex=1
V/StatusBarPolicy(20908): cdmaLevel:0;max:5
D/StatusBarPolicy(20908): for VZW, cdmaLevel+1, cdmaLevel= 1
D/StatusBarPolicy(20908): iconLevel:1
I/ActivityManager( 1483): Start proc com.htc.dockmode for broadcast com.htc.dockmode/.clock.NextAlarmReceiver: pid=21237 uid=10015 gids={3003, 3002, 3001}
--------- beginning of /dev/log/main
D/Database(21225): dbopen(): path = /data/data/com.htc.android.mail/databases/mail.db, mode: wal, disk free size: 557 M, handle: 0x354090
I/keystore( 1367): uid: 1000 action: e -> 7 state: 2 -> 2 retry: 4
D/Database(21064): dbclose(): path = /data/data/com.htc.mim/databases/yahoo.db, handle = 0x359590
D/Database(21064): dbopen(): path = /data/data/com.htc.mim/databases/msn.db, flag = 6, file size = 5120
D/Database(21064): dbopen(): path = /data/data/com.htc.mim/databases/msn.db, mode: wal, disk free size: 557 M, handle: 0x376410
D/dalvikvm(21064): GC_CONCURRENT freed 260K, 46% free 3051K/5639K, external 0K/0K, paused 3ms+5ms
D/dalvikvm(21225): GC_EXTERNAL_ALLOC freed 165K, 46% free 2985K/5511K, external 0K/0K, paused 141ms
I/keystore( 1367): uid: 1000 action: e -> 7 state: 2 -> 2 retry: 4
D/Database(21064): dbclose(): path = /data/data/com.htc.mim/databases/msn.db, handle = 0x376410
D/mim     (21064): 10:26:48 .:. ReadWriter.run() START >>>>>>>
D/mim     (21064): 10:26:48 .:. IP idle - closing network processes 
D/mim     (21064): 10:26:48 !.:. NetworkHandler close()
D/mim     (21064): 10:26:48 doDisconnect() started
D/mim     (21064): 10:26:48 doDisconnect() Finished
D/mim     (21064): 10:26:48 .:. ReadWriter.run() END >>>>>>>
D/mim     (21064): 10:26:48 !startConnectivityService() running in main thread... skip Looper.prepare() 
D/mim     (21064): 10:26:48 !.:. startConnectivityService() initiated
D/ContactMessageStore( 1625): size: 0 , 0
D/ContactMessageStore( 1625): Background delete complete
D/mim     (21064): 10:26:48 WatchDogThread() START *********
D/mim     (21064): 10:26:48 .:. WatchDogThread() END ********
D/mim     (21064): 10:26:48 !logicMng.startApp()
D/MimEventDispacher(21064): 10:26:48 !FireEvent NoPortal 313 grpID= null ItemID= null index= -1 object= null  [listeners= null]
D/mim     (21064): 10:26:48 !MIMLogicManager.setPaused(false)
I/keystore( 1367): uid: 1000 action: e -> 7 state: 2 -> 2 retry: 4
D/mim     (21064): 10:26:48 !.:. in BG = false
D/MessagingShortcut(20963): Send UNREAD_MESSAGE_COUNT broadcast: count=0
D/mim     (21064): 10:26:48 !MIMConnectivityService.onCreate()
D/mim     (21064): 10:26:48 !MIMConnectivityService.onStartCommand() 1 intent: Intent { cmp=com.htc.mim/com.verizon.handset.mim.utils.android.MIMConnectivityService }, null
D/mim     (21064): 10:26:48 !MIMConnectivityService.handleStart() 1 intent: Intent { cmp=com.htc.mim/com.verizon.handset.mim.utils.android.MIMConnectivityService }, null
D/mim     (21064): 10:26:48 !ConnectivityManager.getNetworkInfo(TYPE_MOBILE).isAvailable() = true
D/mim     (21064): 10:26:48 !ConnectivityManager.getNetworkInfo(HIPRI).isAvailable() = true
D/mim     (21064): 10:26:48 !MIMConnectivityService.handleStart() intent = Intent { cmp=com.htc.mim/com.verizon.handset.mim.utils.android.MIMConnectivityService }
D/mim     (21064): 10:26:48 !MIMConnectivityService.handleStart() mobileNetworkAvailability = true
W/Bundle  ( 1647): Key favorite_item_id expected Long but value was a java.lang.Integer.  The default value -1 was returned.
D/mim     (21064): 10:26:48 !.:. TYPE_MOBILE.isConnected() = false
D/mim     (21064): 10:26:48 !.:. HIPRI.isConnected() = false
D/mim     (21064): 10:26:48 !GlobalData.setCellAndDataState() to 1
D/MessagingShortcut(20963): updateVvmShortcut,vvm count> -1
D/mim     (21064): 10:26:48 !MIMConnectivityService.ConnectivityBroadcastReceiver.onReceive()
W/Bundle  ( 1647): Attempt to cast generated internal exception:
W/Bundle  ( 1647): java.lang.ClassCastException: java.lang.Integer
W/Bundle  ( 1647): 	at android.os.Bundle.getLong(Bundle.java:951)
W/Bundle  ( 1647): 	at android.content.Intent.getLongExtra(Intent.java:3572)
W/Bundle  ( 1647): 	at com.htc.launcher.UpdateShortcutReceiver$1.run(UpdateShortcutReceiver.java:39)
I/keystore( 1367): uid: 1000 action: e -> 7 state: 2 -> 2 retry: 4
D/mim     (21064): 10:26:48 !MIMConnectivityService.ConnectivityBroadcastReceiver.onReceive() mNetworkInfo = NetworkInfo: type: WIFI[], state: DISCONNECTED/DISCONNECTED, reason: (unspecified), extra: (none), roaming: false, failover: false, isAvailable: false, isIpv4Connected: false, isIpv6Connected: false, if: eth0 noConnectivity = true
D/mim     (21064): 10:26:48 !MIMConnectivityService.ServiceHandler.handleMessage() Handling incoming message: { what=2 when=0 }
D/mim     (21064): 10:26:48 !NetworkHandler.isConnectionNeeded() isConnected = false connecting = false outputCount = 0
D/mim     (21064): 10:26:48 !.:.  IP idle timer expired or not running 
D/mim     (21064): 10:26:48 !.:. EVENT_DATA_STATE_CHANGED skipped. IP not needed.
D/mim     (21064): 10:26:48 !ServiceStateListener.onServiceStateChanged  serviceState =  0
D/mim     (21064): 10:26:48 !GlobalData.setCellServiceState() to 3
D/MessagingShortcut(20963): vvm count: 0
D/MessagingShortcut(20963): present vvm count: -1
D/dalvikvm(20908): GC_EXTERNAL_ALLOC freed 188K, 44% free 3376K/5959K, external 3654K/3661K, paused 41ms
I/keystore( 1367): uid: 1000 action: e -> 7 state: 2 -> 2 retry: 4
W/Bundle  ( 1647): Key favorite_item_id expected Long but value was a java.lang.Integer.  The default value -1 was returned.
W/Bundle  ( 1647): Attempt to cast generated internal exception:
W/Bundle  ( 1647): java.lang.ClassCastException: java.lang.Integer
W/Bundle  ( 1647): 	at android.os.Bundle.getLong(Bundle.java:951)
W/Bundle  ( 1647): 	at android.content.Intent.getLongExtra(Intent.java:3572)
W/Bundle  ( 1647): 	at com.htc.launcher.UpdateShortcutReceiver$1.run(UpdateShortcutReceiver.java:39)
W/Bundle  ( 1647): Key favorite_item_id expected Long but value was a java.lang.Integer.  The default value -1 was returned.
W/Bundle  ( 1647): Attempt to cast generated internal exception:
W/Bundle  ( 1647): java.lang.ClassCastException: java.lang.Integer
W/Bundle  ( 1647): 	at android.os.Bundle.getLong(Bundle.java:951)
W/Bundle  ( 1647): 	at android.content.Intent.getLongExtra(Intent.java:3572)
W/Bundle  ( 1647): 	at com.htc.launcher.UpdateShortcutReceiver$1.run(UpdateShortcutReceiver.java:39)
D/AutoSetting(20922): service - mHandler: update timezone
D/AutoSetting(20922): service - getTimeZoneIDFromMCC() MCC code: 310 TimeZoneID: null
D/AutoSetting(20922): service - getTimeZoneIDFromMCC() MCC code: 310 TimeZoneID: null
D/AutoSetting(20922): service - processTimeZoneID() system nitz: 1438007186035
V/SmsReceiverService(20963): updateNotificationAndShortcutStatus: 
D/MessagingNotification(20963): New incoming message, can't cancel notification now
D/MessagingNotification(20963): newMsgCnt: 0, false
D/MessagingShortcut(20963): Send UNREAD_MESSAGE_COUNT broadcast: count=0
D/SensorService( 1483): disable: get sensor name = BMA150 3-axis Accelerometer
D/Sensors ( 1483): Enable akm: en = 0
D/SensorService( 1483): pid=21039, uid=10010
D/dalvikvm(21039): GC_FOR_MALLOC freed 478K, 42% free 4124K/7047K, external 0K/0K, paused 24ms
I/keystore( 1367): uid: 1000 action: e -> 7 state: 2 -> 2 retry: 4
D/SensorService( 1483): enable: get sensor name = BMA150 3-axis Accelerometer
D/Sensors ( 1483): Enable akm: en = 1
D/SensorService( 1483): pid=21039, uid=10010
D/AK8975  ( 1371): Compass CLOSE 
D/AK8975  ( 1371): Compass Start
D/StatusBarPolicy(20908): iconIndex=1
V/StatusBarPolicy(20908): cdmaLevel:4;max:5
D/StatusBarPolicy(20908): for VZW, cdmaLevel+1, cdmaLevel= 5
D/StatusBarPolicy(20908): iconLevel:5
D/StatusBarPolicy(20908): iconIndex=1
V/StatusBarPolicy(20908): cdmaLevel:0;max:5
D/StatusBarPolicy(20908): for VZW, cdmaLevel+1, cdmaLevel= 1
D/StatusBarPolicy(20908): iconLevel:1
D/SensorService( 1483): disable: get sensor name = BMA150 3-axis Accelerometer
D/Sensors ( 1483): Enable akm: en = 0
D/SensorService( 1483): pid=21039, uid=10010
D/AK8975  ( 1371): Compass CLOSE 
D/SensorService( 1483): enable: get sensor name = BMA150 3-axis Accelerometer
D/Sensors ( 1483): Enable akm: en = 1
D/SensorService( 1483): pid=21039, uid=10010
D/AK8975  ( 1371): Compass Start
D/AutoSetting(20922): service - mHandler: update timezone
D/AutoSetting(20922): service - getTimeZoneIDFromMCC() MCC code: 310 TimeZoneID: null
D/AutoSetting(20922): service - getTimeZoneIDFromMCC() MCC code: 310 TimeZoneID: null
D/AutoSetting(20922): service - processTimeZoneID() system nitz: 1438007186035
D/AutoSetting(20922): service - mHandler: update timezone
D/AutoSetting(20922): service - getTimeZoneIDFromMCC() MCC code: 310 TimeZoneID: null
D/AutoSetting(20922): service - getTimeZoneIDFromMCC() MCC code: 310 TimeZoneID: null
D/AutoSetting(20922): service - processTimeZoneID() system nitz: 1438007186035
D/AutoSetting(20922): service - getTimeZoneIDFromMCC() MCC code: 310 TimeZoneID: null
D/AutoSetting(20922): service - getTimeZoneIDFromMCC() MCC code: 310 TimeZoneID: null
D/AutoSetting(20922): service - processTimeZoneID() system nitz: 1438007186035
D/AutoSetting(20922): service - mHandler: update timezone
D/dalvikvm(21039): GC_CONCURRENT freed 432K, 43% free 4076K/7047K, external 0K/0K, paused 12ms+3ms
D/SensorService( 1483): disable: get sensor name = BMA150 3-axis Accelerometer
D/Sensors ( 1483): Enable akm: en = 0
D/SensorService( 1483): pid=21039, uid=10010
D/AK8975  ( 1371): Compass CLOSE 
D/SensorService( 1483): enable: get sensor name = BMA150 3-axis Accelerometer
D/Sensors ( 1483): Enable akm: en = 1
D/SensorService( 1483): pid=21039, uid=10010
D/AK8975  ( 1371): Compass Start
D/SensorService( 1483): disable: get sensor name = BMA150 3-axis Accelerometer
D/Sensors ( 1483): Enable akm: en = 0
D/SensorService( 1483): pid=21039, uid=10010
D/dalvikvm(21039): GC_CONCURRENT freed 376K, 42% free 4124K/7047K, external 0K/0K, paused 8ms+2ms
D/AK8975  ( 1371): Compass CLOSE 
D/dalvikvm( 1483): GC_EXPLICIT freed 1315K, 32% free 9792K/14343K, external 3952K/4511K, paused 100ms
I/keystore( 1367): uid: 1000 action: e -> 7 state: 2 -> 2 retry: 4
D/MMDCT   ( 1625): tryEnableSuperPowerSaving: true, isPowerSavingOn: false, isMobileDataOn: false, isScreenOn: false, mIsCharging: false
D/HtcCdmaPhoneApp( 1625): level 97 scale 100
D/BatteryService( 1483): SendIntentforPowersaver
I/Fumo    (21081): mBatteryLevel:97
I/keystore( 1367): uid: 1000 action: e -> 7 state: 2 -> 2 retry: 4
D/Finsky  (20918): [1] DailyHygiene.onStartCommand: Beginning daily hygiene
W/Finsky  (20918): [1] LibraryUpdateListener.onErrorResponse: Library replication failed: com.google.android.finsky.utils.BgDataDisabledError
D/Database(20918): dbopen(): path = /data/data/com.android.vending/databases/library.db, flag = 6, file size = 22528
D/Database(20918): dbopen(): path = /data/data/com.android.vending/databases/library.db, mode: wal, disk free size: 557 M, handle: 0x35ac00
D/Database(20918): dbclose(): path = /data/data/com.android.vending/databases/library.db, handle = 0x35ac00
D/dalvikvm(20918): GC_CONCURRENT freed 786K, 48% free 4253K/8071K, external 0K/0K, paused 2ms+75ms
I/keystore( 1367): uid: 1000 action: e -> 7 state: 2 -> 2 retry: 4
D/MMDCT   ( 1625): tryEnableSuperPowerSaving: true, isPowerSavingOn: false, isMobileDataOn: false, isScreenOn: false, mIsCharging: false
D/HtcCdmaPhoneApp( 1625): level 96 scale 100
D/BatteryService( 1483): SendIntentforPowersaver
I/Fumo    (21081): mBatteryLevel:96
D/dalvikvm(20918): GC_CONCURRENT freed 70K, 42% free 4695K/8071K, external 0K/0K, paused 2ms+3ms
D/KeyguardViewMediator( 1483): wakeWhenReadyLocked(26)
D/lights  ( 1483): set_light_buttons_func: on=4013373 brightness=61
I/power   ( 1483): *** set_screen_state 1
D/PowerManagerService( 1483): setScreenStateLocked++, on: true, err: 0
D/SensorService( 1483): enable: get sensor name = CM3602 Light sensor
D/SensorService( 1483): pid=1483, uid=1000
D/lights  ( 1483): set_light_buttons_func: on=5066061 brightness=77
D/PowerManagerService( 1483): New lightsensor value:160, lcdValue:83
D/PowerManagerService( 1483): lightSensorChangedLocked, buttonValue >= 0, mPowerState = 3
D/lights  ( 1483): set_light_buttons_func: on=5066061 brightness=77
D/PowerManagerService( 1483): button light setOrientation:-1
D/PowerManagerService( 1483): setPenMenuButtonLed: 2
D/PowerManagerService( 1483): setPenMenuButtonLed: 2
D/CarouselDummyActivity( 1647): CarouselDummyActivity.onResume: tab_allapps
D/AlarmManager( 1483): ACTION_SCREEN_ON
W/InputManagerService( 1483): Receive : Intent.ACTION_SCREEN_ON
W/InputManagerService( 1483): Enable input method client.
D/William ( 1647): - refreshUsageStatCache -
D/DATA    ( 1625): [QCTMM]setEnablePoll   this.enablePoll=false
D/DATA    ( 1625): [QCTMM]isEnablePoll   enablePoll=false
D/MMDCT   ( 1625):  ======= check any DC connected ======= 
D/MMDCT   ( 1625): DC-0: state=DcInactiveState if=null ip=null ipv=null
D/MMDCT   ( 1625): DC-1: state=DcInactiveState if=null ip=null ipv=null
D/MMDCT   ( 1625): DC-2: state=DcInactiveState if=null ip=null ipv=null
D/MMDCT   ( 1625): DC-3: state=DcInactiveState if=null ip=null ipv=null
D/MMDCT   ( 1625): DC-4: state=DcInactiveState if=null ip=null ipv=null
D/MMDCT   ( 1625): DC-5: state=DcInactiveState if=null ip=null ipv=null
D/MMDCT   ( 1625): DC-6: state=DcInactiveState if=null ip=null ipv=null
D/MMDCT   ( 1625): DC-7: state=DcInactiveState if=null ip=null ipv=null
D/MMDCT   ( 1625): ifAnyConnected ret=false
D/MMDCT   ( 1625): tryEnableSuperPowerSaving: false, isPowerSavingOn: false, isMobileDataOn: false, isScreenOn: true, mIsCharging: false
D/SurfaceFlinger( 1483): Screen about to return, flinger = 0xb1148
I/MMDCT   ( 1625): EVENT_ERI_UPDATE
I/MMDCT   ( 1625): EriUpdate.eri_id=64,mEriIndicator=64
D/HtcCdmaPhoneApp( 1625): eri_id = 64 home or roaming = VZW_HOME_NETWORK
V/HtcCdmaGloableRoamingUtil( 1625): localGetGlobalRoamingOption:0
D/HtcCdmaGloableRoamingUtil( 1625): getNeedShowRoamingOption():true
D/HtcCdmaGloableRoamingUtil( 1625): getNeedAutoSetDeny():true
D/StatusBarPolicy(20908): iconIndex=1
V/StatusBarPolicy(20908): cdmaLevel:0;max:5
D/StatusBarPolicy(20908): for VZW, cdmaLevel+1, cdmaLevel= 1
D/StatusBarPolicy(20908): iconLevel:1
D/HtcNBPCDUtil( 1625): EVENT_NBPCD_INFO
I/keystore( 1367): uid: 1000 action: e -> 7 state: 2 -> 2 retry: 4
D/dalvikvm(20918): GC_CONCURRENT freed 211K, 38% free 5007K/8071K, external 0K/0K, paused 2ms+2ms
W/Finsky  (20918): [1] 2.onErrorResponse: Update check failed: com.google.android.finsky.utils.BgDataDisabledError
D/Finsky  (20918): [1] DailyHygiene.logDeviceFeaturesAndContinue: Logging device features
D/Finsky  (20918): [1] DailyHygiene.flushEventLogsAndContinue: Flushing event logs for [FyF3Ii-HZI8XfV3oRIVBnMCS8BQ]
D/Finsky  (20918): [1] DailyHygiene.reschedule: Scheduling new run in 28 minutes (failures=2)
D/DeviceConnectionService(21039): client connected with version: 7095000
D/Finsky  (20918): [1] VerifyInstalledPackagesReceiver.checkPrerequisites: Skipping verification because network inactive
D/dalvikvm(20918): GC_CONCURRENT freed 1128K, 44% free 4526K/8071K, external 0K/0K, paused 2ms+3ms
I/keystore( 1367): uid: 1000 action: e -> 7 state: 2 -> 2 retry: 4
D/Finsky  (20918): [23] AppStatesReplicator.handleContentSyncResponse: Completed 0 account content syncs with 0 successful.
D/Finsky  (20918): [1] 5.onFinished: Installation state replication succeeded.
I/power   ( 1483): *** set_screen_state 0
D/PowerManagerService( 1483): setScreenStateLocked++, on: false, err: 0
D/SensorService( 1483): disable: get sensor name = CM3602 Light sensor
D/SensorService( 1483): pid=1483, uid=1000
D/PowerManagerService( 1483): setScreenStateLocked, turn off the button light 
D/lights  ( 1483): set_light_buttons_func: on=0 brightness=0
D/lights  ( 1483): set_light_buttons_func: on=0 brightness=0
W/dalvikvm( 1483): disableGcForExternalAlloc: false
D/SurfaceFlinger( 1483): About to give-up screen, flinger = 0xb1148
D/AlarmManager( 1483): ACTION_SCREEN_OFF
W/InputManagerService( 1483): Receive : Intent.ACTION_SCREEN_OFF
W/InputManagerService( 1483): Disable input method client.
D/DATA    ( 1625): [QCTMM]setEnablePoll   this.enablePoll=false
D/DATA    ( 1625): [QCTMM]isEnablePoll   enablePoll=false
D/MMDCT   ( 1625):  ======= check any DC connected ======= 
D/MMDCT   ( 1625): DC-0: state=DcInactiveState if=null ip=null ipv=null
D/MMDCT   ( 1625): DC-1: state=DcInactiveState if=null ip=null ipv=null
D/MMDCT   ( 1625): DC-2: state=DcInactiveState if=null ip=null ipv=null
D/MMDCT   ( 1625): DC-3: state=DcInactiveState if=null ip=null ipv=null
D/MMDCT   ( 1625): DC-4: state=DcInactiveState if=null ip=null ipv=null
D/MMDCT   ( 1625): DC-5: state=DcInactiveState if=null ip=null ipv=null
D/MMDCT   ( 1625): DC-6: state=DcInactiveState if=null ip=null ipv=null
D/MMDCT   ( 1625): DC-7: state=DcInactiveState if=null ip=null ipv=null
D/MMDCT   ( 1625): ifAnyConnected ret=false
D/MMDCT   ( 1625): tryEnableSuperPowerSaving: true, isPowerSavingOn: false, isMobileDataOn: false, isScreenOn: false, mIsCharging: false
D/ContactMessageStore( 1625): start background delete task...
D/Background traffic light( 1647): traffic light: GREEN, mBackgroundTrafficLight = true
D/AutoSetting(20922): service - mHandler: cancel location update
D/AutoSetting(20922): service -           changes count: 0
I/keystore( 1367): uid: 1000 action: e -> 7 state: 2 -> 2 retry: 4
D/ContactMessageStore( 1625): size: 0 , 0
D/ContactMessageStore( 1625): Background delete complete
D/MMDCT   ( 1625): tryEnableSuperPowerSaving: true, isPowerSavingOn: false, isMobileDataOn: false, isScreenOn: false, mIsCharging: false
D/HtcCdmaPhoneApp( 1625): level 95 scale 100
D/BatteryService( 1483): SendIntentforPowersaver
I/Fumo    (21081): mBatteryLevel:95
D/KeyguardViewMediator( 1483): wakeWhenReadyLocked(26)
D/lights  ( 1483): set_light_buttons_func: on=4013373 brightness=61
I/power   ( 1483): *** set_screen_state 1
D/PowerManagerService( 1483): setScreenStateLocked++, on: true, err: 0
D/SensorService( 1483): enable: get sensor name = CM3602 Light sensor
D/StatusBarPolicy(20908): iconIndex=1
V/StatusBarPolicy(20908): cdmaLevel:1;max:5
D/StatusBarPolicy(20908): for VZW, cdmaLevel+1, cdmaLevel= 2
D/StatusBarPolicy(20908): iconLevel:2
D/SensorService( 1483): pid=1483, uid=1000
D/lights  ( 1483): set_light_buttons_func: on=5066061 brightness=77
D/PowerManagerService( 1483): button light setOrientation:-1
D/PowerManagerService( 1483): New lightsensor value:160, lcdValue:83
D/PowerManagerService( 1483): lightSensorChangedLocked, buttonValue >= 0, mPowerState = 3
D/lights  ( 1483): set_light_buttons_func: on=5066061 brightness=77
D/PowerManagerService( 1483): setPenMenuButtonLed: 2
D/PowerManagerService( 1483): setPenMenuButtonLed: 2
D/CarouselDummyActivity( 1647): CarouselDummyActivity.onResume: tab_allapps
D/William ( 1647): - refreshUsageStatCache -
D/AlarmManager( 1483): ACTION_SCREEN_ON
W/InputManagerService( 1483): Receive : Intent.ACTION_SCREEN_ON
W/InputManagerService( 1483): Enable input method client.
D/DATA    ( 1625): [QCTMM]setEnablePoll   this.enablePoll=false
D/DATA    ( 1625): [QCTMM]isEnablePoll   enablePoll=false
D/MMDCT   ( 1625):  ======= check any DC connected ======= 
D/MMDCT   ( 1625): DC-0: state=DcInactiveState if=null ip=null ipv=null
D/MMDCT   ( 1625): DC-1: state=DcInactiveState if=null ip=null ipv=null
D/MMDCT   ( 1625): DC-2: state=DcInactiveState if=null ip=null ipv=null
D/MMDCT   ( 1625): DC-3: state=DcInactiveState if=null ip=null ipv=null
D/MMDCT   ( 1625): DC-4: state=DcInactiveState if=null ip=null ipv=null
D/MMDCT   ( 1625): DC-5: state=DcInactiveState if=null ip=null ipv=null
D/MMDCT   ( 1625): DC-6: state=DcInactiveState if=null ip=null ipv=null
D/MMDCT   ( 1625): DC-7: state=DcInactiveState if=null ip=null ipv=null
D/MMDCT   ( 1625): ifAnyConnected ret=false
D/SurfaceFlinger( 1483): Screen about to return, flinger = 0xb1148
D/MMDCT   ( 1625): tryEnableSuperPowerSaving: false, isPowerSavingOn: false, isMobileDataOn: false, isScreenOn: true, mIsCharging: false
I/keystore( 1367): uid: 1000 action: e -> 7 state: 2 -> 2 retry: 4
I/MMDCT   ( 1625): EVENT_ERI_UPDATE
I/MMDCT   ( 1625): EriUpdate.eri_id=64,mEriIndicator=64
D/HtcCdmaPhoneApp( 1625): eri_id = 64 home or roaming = VZW_HOME_NETWORK
V/HtcCdmaGloableRoamingUtil( 1625): localGetGlobalRoamingOption:0
D/HtcCdmaGloableRoamingUtil( 1625): getNeedShowRoamingOption():true
D/HtcCdmaGloableRoamingUtil( 1625): getNeedAutoSetDeny():true
D/HtcNBPCDUtil( 1625): EVENT_NBPCD_INFO
I/power   ( 1483): *** set_screen_state 0
D/PowerManagerService( 1483): setScreenStateLocked++, on: false, err: 0
D/SensorService( 1483): disable: get sensor name = CM3602 Light sensor
D/SensorService( 1483): pid=1483, uid=1000
D/PowerManagerService( 1483): setScreenStateLocked, turn off the button light 
D/lights  ( 1483): set_light_buttons_func: on=0 brightness=0
D/lights  ( 1483): set_light_buttons_func: on=0 brightness=0
W/dalvikvm( 1483): disableGcForExternalAlloc: false
D/SurfaceFlinger( 1483): About to give-up screen, flinger = 0xb1148
D/AlarmManager( 1483): ACTION_SCREEN_OFF
W/InputManagerService( 1483): Receive : Intent.ACTION_SCREEN_OFF
W/InputManagerService( 1483): Disable input method client.
D/ContactMessageStore( 1625): start background delete task...
D/Background traffic light( 1647): traffic light: GREEN, mBackgroundTrafficLight = true
D/DATA    ( 1625): [QCTMM]setEnablePoll   this.enablePoll=false
D/DATA    ( 1625): [QCTMM]isEnablePoll   enablePoll=false
D/MMDCT   ( 1625):  ======= check any DC connected ======= 
D/MMDCT   ( 1625): DC-0: state=DcInactiveState if=null ip=null ipv=null
D/MMDCT   ( 1625): DC-1: state=DcInactiveState if=null ip=null ipv=null
D/MMDCT   ( 1625): DC-2: state=DcInactiveState if=null ip=null ipv=null
D/MMDCT   ( 1625): DC-3: state=DcInactiveState if=null ip=null ipv=null
D/MMDCT   ( 1625): DC-4: state=DcInactiveState if=null ip=null ipv=null
D/MMDCT   ( 1625): DC-5: state=DcInactiveState if=null ip=null ipv=null
D/MMDCT   ( 1625): DC-6: state=DcInactiveState if=null ip=null ipv=null
D/MMDCT   ( 1625): DC-7: state=DcInactiveState if=null ip=null ipv=null
D/MMDCT   ( 1625): ifAnyConnected ret=false
D/MMDCT   ( 1625): tryEnableSuperPowerSaving: true, isPowerSavingOn: false, isMobileDataOn: false, isScreenOn: false, mIsCharging: false
D/AutoSetting(20922): service - mHandler: cancel location update
D/AutoSetting(20922): service -           changes count: 0
I/keystore( 1367): uid: 1000 action: e -> 7 state: 2 -> 2 retry: 4
D/ContactMessageStore( 1625): size: 0 , 0
D/ContactMessageStore( 1625): Background delete complete
I/keystore( 1367): uid: 1000 action: e -> 7 state: 2 -> 2 retry: 4
I/keystore( 1367): uid: 1000 action: e -> 7 state: 2 -> 2 retry: 4
I/EventLogService(20913): Aggregate from 1438007187222 (log), 1438007187222 (data)
I/keystore( 1367): uid: 1000 action: e -> 7 state: 2 -> 2 retry: 4
D/KeyguardViewMediator( 1483): wakeWhenReadyLocked(26)
D/lights  ( 1483): set_light_buttons_func: on=4013373 brightness=61
I/power   ( 1483): *** set_screen_state 1
D/PowerManagerService( 1483): setScreenStateLocked++, on: true, err: 0
D/SensorService( 1483): enable: get sensor name = CM3602 Light sensor
D/SensorService( 1483): pid=1483, uid=1000
D/lights  ( 1483): set_light_buttons_func: on=5066061 brightness=77
D/PowerManagerService( 1483): New lightsensor value:225, lcdValue:116
D/PowerManagerService( 1483): button light setOrientation:-1
D/PowerManagerService( 1483): setPenMenuButtonLed: 2
D/CarouselDummyActivity( 1647): CarouselDummyActivity.onResume: tab_allapps
D/William ( 1647): - refreshUsageStatCache -
D/AlarmManager( 1483): ACTION_SCREEN_ON
W/InputManagerService( 1483): Receive : Intent.ACTION_SCREEN_ON
W/InputManagerService( 1483): Enable input method client.
D/DATA    ( 1625): [QCTMM]setEnablePoll   this.enablePoll=false
D/DATA    ( 1625): [QCTMM]isEnablePoll   enablePoll=false
D/MMDCT   ( 1625):  ======= check any DC connected ======= 
D/MMDCT   ( 1625): DC-0: state=DcInactiveState if=null ip=null ipv=null
D/MMDCT   ( 1625): DC-1: state=DcInactiveState if=null ip=null ipv=null
D/MMDCT   ( 1625): DC-2: state=DcInactiveState if=null ip=null ipv=null
D/MMDCT   ( 1625): DC-3: state=DcInactiveState if=null ip=null ipv=null
D/MMDCT   ( 1625): DC-4: state=DcInactiveState if=null ip=null ipv=null
D/MMDCT   ( 1625): DC-5: state=DcInactiveState if=null ip=null ipv=null
D/MMDCT   ( 1625): DC-6: state=DcInactiveState if=null ip=null ipv=null
D/MMDCT   ( 1625): DC-7: state=DcInactiveState if=null ip=null ipv=null
D/MMDCT   ( 1625): ifAnyConnected ret=false
D/MMDCT   ( 1625): tryEnableSuperPowerSaving: false, isPowerSavingOn: false, isMobileDataOn: false, isScreenOn: true, mIsCharging: false
I/keystore( 1367): uid: 1000 action: e -> 7 state: 2 -> 2 retry: 4
D/SurfaceFlinger( 1483): Screen about to return, flinger = 0xb1148
I/MMDCT   ( 1625): EVENT_ERI_UPDATE
I/MMDCT   ( 1625): EriUpdate.eri_id=64,mEriIndicator=64
D/HtcCdmaPhoneApp( 1625): eri_id = 64 home or roaming = VZW_HOME_NETWORK
V/HtcCdmaGloableRoamingUtil( 1625): localGetGlobalRoamingOption:0
D/HtcCdmaGloableRoamingUtil( 1625): getNeedShowRoamingOption():true
D/HtcCdmaGloableRoamingUtil( 1625): getNeedAutoSetDeny():true
D/StatusBarPolicy(20908): iconIndex=1
V/StatusBarPolicy(20908): cdmaLevel:0;max:5
D/StatusBarPolicy(20908): for VZW, cdmaLevel+1, cdmaLevel= 1
D/StatusBarPolicy(20908): iconLevel:1
D/HtcNBPCDUtil( 1625): EVENT_NBPCD_INFO
D/SurfaceFlinger( 1483): About to give-up screen, flinger = 0xb1148
I/power   ( 1483): *** set_screen_state 0
D/PowerManagerService( 1483): setScreenStateLocked++, on: false, err: 0
D/SensorService( 1483): disable: get sensor name = CM3602 Light sensor
D/SensorService( 1483): pid=1483, uid=1000
D/PowerManagerService( 1483): setScreenStateLocked, turn off the button light 
D/lights  ( 1483): set_light_buttons_func: on=0 brightness=0
D/lights  ( 1483): set_light_buttons_func: on=0 brightness=0
W/dalvikvm( 1483): disableGcForExternalAlloc: false
D/AlarmManager( 1483): ACTION_SCREEN_OFF
W/InputManagerService( 1483): Receive : Intent.ACTION_SCREEN_OFF
W/InputManagerService( 1483): Disable input method client.
D/ContactMessageStore( 1625): start background delete task...
D/DATA    ( 1625): [QCTMM]setEnablePoll   this.enablePoll=false
D/DATA    ( 1625): [QCTMM]isEnablePoll   enablePoll=false
D/MMDCT   ( 1625):  ======= check any DC connected ======= 
D/MMDCT   ( 1625): DC-0: state=DcInactiveState if=null ip=null ipv=null
D/MMDCT   ( 1625): DC-1: state=DcInactiveState if=null ip=null ipv=null
D/MMDCT   ( 1625): DC-2: state=DcInactiveState if=null ip=null ipv=null
D/MMDCT   ( 1625): DC-3: state=DcInactiveState if=null ip=null ipv=null
D/MMDCT   ( 1625): DC-4: state=DcInactiveState if=null ip=null ipv=null
D/MMDCT   ( 1625): DC-5: state=DcInactiveState if=null ip=null ipv=null
D/MMDCT   ( 1625): DC-6: state=DcInactiveState if=null ip=null ipv=null
D/MMDCT   ( 1625): DC-7: state=DcInactiveState if=null ip=null ipv=null
D/MMDCT   ( 1625): ifAnyConnected ret=false
D/MMDCT   ( 1625): tryEnableSuperPowerSaving: true, isPowerSavingOn: false, isMobileDataOn: false, isScreenOn: false, mIsCharging: false
D/Background traffic light( 1647): traffic light: GREEN, mBackgroundTrafficLight = true
D/AutoSetting(20922): service - mHandler: cancel location update
D/AutoSetting(20922): service -           changes count: 0
I/keystore( 1367): uid: 1000 action: e -> 7 state: 2 -> 2 retry: 4
D/ContactMessageStore( 1625): size: 0 , 0
D/ContactMessageStore( 1625): Background delete complete
V/DeviceStorageMonitorService( 1483): freeMemory=584085504
D/DeviceStorageMonitorService( 1483): OoO SMS Memory available. SMS_AVAILABLE_THRESHOLD == 524288
I/DeviceStorageMonitorService( 1483): Posting Message again
D/MMDCT   ( 1625): tryEnableSuperPowerSaving: true, isPowerSavingOn: false, isMobileDataOn: false, isScreenOn: false, mIsCharging: false
D/HtcCdmaPhoneApp( 1625): level 94 scale 100
D/BatteryService( 1483): SendIntentforPowersaver
D/dalvikvm( 1483): GC_FOR_MALLOC freed 1163K, 33% free 9724K/14343K, external 3612K/4511K, paused 199ms
I/Fumo    (21081): mBatteryLevel:94
D/dalvikvm(21081): GC_CONCURRENT freed 270K, 47% free 2996K/5575K, external 0K/0K, paused 3ms+2ms
I/keystore( 1367): uid: 1000 action: e -> 7 state: 2 -> 2 retry: 4
I/keystore( 1367): uid: 1000 action: e -> 7 state: 2 -> 2 retry: 4
I/dalvikvm(20913): Could not find method android.net.TrafficStats.setThreadStatsTag, referenced from method com.android.volley.k.run
W/dalvikvm(20913): VFY: unable to resolve static method 840: Landroid/net/TrafficStats;.setThreadStatsTag (I)V
D/dalvikvm(20913): VFY: replacing opcode 0x71 at 0x0036
I/dalvikvm(20913): Could not find method android.net.ConnectivityManager.isActiveNetworkMetered, referenced from method com.google.android.gms.security.snet.x.a
W/dalvikvm(20913): VFY: unable to resolve virtual method 1019: Landroid/net/ConnectivityManager;.isActiveNetworkMetered ()Z
D/dalvikvm(20913): VFY: replacing opcode 0x6e at 0x002b
D/dalvikvm(20913): VFY: dead code 0x002e-0038 in Lcom/google/android/gms/security/snet/x;.a ()Z
D/SnetService(20913): snet destroyed
D/MMDCT   ( 1625): tryEnableSuperPowerSaving: true, isPowerSavingOn: false, isMobileDataOn: false, isScreenOn: false, mIsCharging: false
D/HtcCdmaPhoneApp( 1625): level 93 scale 100
D/BatteryService( 1483): SendIntentforPowersaver
I/Fumo    (21081): mBatteryLevel:93
I/keystore( 1367): uid: 1000 action: e -> 7 state: 2 -> 2 retry: 4
D/Finsky  (20918): [1] DailyHygiene.onStartCommand: Beginning daily hygiene
W/Finsky  (20918): [1] LibraryUpdateListener.onErrorResponse: Library replication failed: com.google.android.finsky.utils.BgDataDisabledError
D/Database(20918): dbopen(): path = /data/data/com.android.vending/databases/library.db, flag = 6, file size = 22528
D/Database(20918): dbopen(): path = /data/data/com.android.vending/databases/library.db, mode: wal, disk free size: 557 M, handle: 0x35ac00
D/Database(20918): dbclose(): path = /data/data/com.android.vending/databases/library.db, handle = 0x35ac00
D/dalvikvm(20918): GC_CONCURRENT freed 699K, 46% free 4398K/8071K, external 0K/0K, paused 2ms+3ms
D/dalvikvm(20918): GC_CONCURRENT freed 306K, 45% free 4504K/8071K, external 0K/0K, paused 3ms+3ms
W/Finsky  (20918): [1] 2.onErrorResponse: Update check failed: com.google.android.finsky.utils.BgDataDisabledError
D/Finsky  (20918): [1] DailyHygiene.logDeviceFeaturesAndContinue: Logging device features
D/Finsky  (20918): [1] DailyHygiene.flushEventLogsAndContinue: Flushing event logs for [FyF3Ii-HZI8XfV3oRIVBnMCS8BQ]
D/Finsky  (20918): [1] DailyHygiene.reschedule: Scheduling new run in 98 minutes (failures=3)
D/DeviceConnectionService(21039): client connected with version: 7095000
D/Finsky  (20918): [1] VerifyInstalledPackagesReceiver.checkPrerequisites: Skipping verification because network inactive
I/keystore( 1367): uid: 1000 action: e -> 7 state: 2 -> 2 retry: 4
I/keystore( 1367): uid: 1000 action: e -> 7 state: 2 -> 2 retry: 4
D/BatteryService( 1483): SendIntentforPowersaver
D/MMDCT   ( 1625): tryEnableSuperPowerSaving: true, isPowerSavingOn: false, isMobileDataOn: false, isScreenOn: false, mIsCharging: false
D/HtcCdmaPhoneApp( 1625): level 92 scale 100
I/Fumo    (21081): mBatteryLevel:92
D/dalvikvm(20918): GC_CONCURRENT freed 817K, 48% free 4251K/8071K, external 0K/0K, paused 2ms+2ms
D/dalvikvm(20918): GC_CONCURRENT freed 164K, 45% free 4483K/8071K, external 0K/0K, paused 3ms+3ms
I/keystore( 1367): uid: 1000 action: e -> 7 state: 2 -> 2 retry: 4
I/keystore( 1367): uid: 1000 action: e -> 7 state: 2 -> 2 retry: 4
I/EventLogService(20913): Aggregate from 1438008987692 (log), 1438008987692 (data)
D/Finsky  (20918): [23] AppStatesReplicator.handleContentSyncResponse: Completed 0 account content syncs with 0 successful.
D/Finsky  (20918): [1] 5.onFinished: Installation state replication succeeded.
I/keystore( 1367): uid: 1000 action: e -> 7 state: 2 -> 2 retry: 4
D/dalvikvm(20913): GC_CONCURRENT freed 316K, 41% free 4209K/7047K, external 0K/0K, paused 5ms+3ms
I/rmt_storage( 1381): rmt_storage write event
I/rmt_storage( 1381): rmt_storage events processing done
I/rmt_storage( 1381): unblock rmt_storage client thread
I/rmt_storage( 1381): rmt_storage lseek...
I/rmt_storage( 1381): rmt_storage lseek ret = 1
I/rmt_storage( 1381): rmt_storage write buf = 0x40011000, num_sector = 8191
I/rmt_storage( 1381): rmt_storage write: bytes written = 4193792
I/rmt_storage( 1381): rmt_storage lseek...
I/rmt_storage( 1381): rmt_storage lseek ret = 8191
I/rmt_storage( 1381): rmt_storage write buf = 0x40410e00, num_sector = 1
I/rmt_storage( 1381): rmt_storage write: bytes written = 512
I/rmt_storage( 1381): rmt_storage status handle = 2
I/keystore( 1367): uid: 1000 action: e -> 7 state: 2 -> 2 retry: 4
I/keystore( 1367): uid: 1000 action: e -> 7 state: 2 -> 2 retry: 4
D/MMDCT   ( 1625): tryEnableSuperPowerSaving: true, isPowerSavingOn: false, isMobileDataOn: false, isScreenOn: false, mIsCharging: false
D/HtcCdmaPhoneApp( 1625): level 91 scale 100
D/BatteryService( 1483): SendIntentforPowersaver
I/Fumo    (21081): mBatteryLevel:91
D/BatteryService( 1483): SendIntentforPowersaver
D/dalvikvm( 1483): GC_FOR_MALLOC freed 767K, 33% free 9726K/14343K, external 3612K/4511K, paused 120ms
D/MMDCT   ( 1625): tryEnableSuperPowerSaving: true, isPowerSavingOn: false, isMobileDataOn: false, isScreenOn: false, mIsCharging: false
D/HtcCdmaPhoneApp( 1625): level 91 scale 100
D/BatteryService_ULog( 1483): ULogForBatteryChargingStateChange(91,2) is called
D/BatteryService_ULog( 1483): charger=on,battery_power=91
I/power   ( 1483): *** set_screen_state 1
D/PowerManagerService( 1483): setScreenStateLocked++, on: true, err: 0
D/SensorService( 1483): enable: get sensor name = CM3602 Light sensor
D/lights  ( 1483): [LedInfo] write attr ok name=/sys/class/leds/amber/brightness string=1,len=1
D/lights  ( 1483): [LedInfo] write attr ok name=/sys/class/leds/amber/blink string=0,len=1
D/lights  ( 1483): [LedInfo] write attr ok name=/sys/class/leds/amber/off_timer string=0 0,len=3
D/lights  ( 1483): [LedInfo] write attr ok name=/sys/class/leds/green/brightness string=0,len=1
D/lights  ( 1483): [LedInfo] write attr ok name=/sys/class/leds/green/blink string=0,len=1
D/lights  ( 1483): [LedInfo] write attr ok name=/sys/class/leds/green/off_timer string=0 0,len=3
V/NotificationService( 1483): Charging...
D/MMDCT   ( 1625): tryEnableSuperPowerSaving: false, isPowerSavingOn: false, isMobileDataOn: false, isScreenOn: false, mIsCharging: true
D/BatteryService( 1483): SendIntentforPowersaver
D/HtcCdmaPhoneApp( 1625): level 91 scale 100
D/BatteryService( 1483): duration: 38576842 discharge: 9
I/iu.Environment(20913): update battery state; isPlugged? false
D/Database(20913): dbopen(): path = /data/data/com.google.android.gms/databases/networkstatistics.sqlite, flag = 6, file size = 5120
D/Database(20913): dbopen(): path = /data/data/com.google.android.gms/databases/networkstatistics.sqlite, mode: wal, disk free size: 557 M, handle: 0x3f6c20
D/NetworkLogImpl(20913): Loaded NetworkSpeedPredictor
D/SensorService( 1483): pid=1483, uid=1000
D/lights  ( 1483): set_light_buttons_func: on=16777215 brightness=255
D/PowerManagerService( 1483): New lightsensor value:160, lcdValue:83
D/PowerManagerService( 1483): lightSensorChangedLocked, buttonValue >= 0, mPowerState = 3
D/lights  ( 1483): set_light_buttons_func: on=5066061 brightness=77
D/lights  ( 1483): set_light_buttons_func: on=5066061 brightness=77
D/PowerManagerService( 1483): button light setOrientation:-1
D/PowerManagerService( 1483): setPenMenuButtonLed: 2
D/PowerManagerService( 1483): setPenMenuButtonLed: 2
I/iu.Environment(20913): update connectivity state; isNetworkMetered? true*, isRoaming? false, isBackgroundDataAllowed? false
I/iu.Environment(20913): update battery state; isPlugged? true*
D/CarouselDummyActivity( 1647): CarouselDummyActivity.onResume: tab_allapps
D/William ( 1647): - refreshUsageStatCache -
I/keystore( 1367): uid: 1000 action: e -> 7 state: 2 -> 2 retry: 4
W/Vold    ( 1357): usb_mass_storage online 
I/GCoreUlr(21039): Starting service, intent=Intent { act=com.google.android.location.reporting.ACTION_UPDATE_WORLD cmp=com.google.android.gms/com.google.android.location.reporting.service.DispatchingService (has extras) }, extras=Bundle[{receiverAction=android.intent.action.ACTION_POWER_CONNECTED}]
I/keystore( 1367): uid: 1000 action: e -> 7 state: 2 -> 2 retry: 4
D/SurfaceFlinger( 1483): Screen about to return, flinger = 0xb1148
I/keystore( 1367): uid: 1000 action: e -> 7 state: 2 -> 2 retry: 4
I/keystore( 1367): uid: 1000 action: e -> 7 state: 2 -> 2 retry: 4
I/iu.FingerprintManager(20913): Start processing all media
D/Database(20913): dbopen(): path = /data/data/com.google.android.gms/databases/iu.upload.db, flag = 6, file size = 152576
D/AlarmManager( 1483): ACTION_SCREEN_ON
W/InputManagerService( 1483): Receive : Intent.ACTION_SCREEN_ON
W/InputManagerService( 1483): Enable input method client.
W/Vold    ( 1357): Ignoring unknown switch 'usb_connected'
I/keystore( 1367): uid: 1000 action: e -> 7 state: 2 -> 2 retry: 4
D/UsbService( 1483): [USBNET] USB UEVENT: {SUBSYSTEM=switch, SWITCH_STATE=1, DEVPATH=/devices/virtual/switch/usb_connected, SEQNUM=2261, ACTION=change, SWITCH_NAME=usb_connected}
D/DATA    ( 1625): [QCTMM]setEnablePoll   this.enablePoll=false
D/DATA    ( 1625): [QCTMM]isEnablePoll   enablePoll=false
D/MMDCT   ( 1625):  ======= check any DC connected ======= 
D/MMDCT   ( 1625): DC-0: state=DcInactiveState if=null ip=null ipv=null
D/MMDCT   ( 1625): DC-1: state=DcInactiveState if=null ip=null ipv=null
D/MMDCT   ( 1625): DC-2: state=DcInactiveState if=null ip=null ipv=null
D/MMDCT   ( 1625): DC-3: state=DcInactiveState if=null ip=null ipv=null
D/MMDCT   ( 1625): DC-4: state=DcInactiveState if=null ip=null ipv=null
D/MMDCT   ( 1625): DC-5: state=DcInactiveState if=null ip=null ipv=null
D/MMDCT   ( 1625): DC-6: state=DcInactiveState if=null ip=null ipv=null
D/MMDCT   ( 1625): DC-7: state=DcInactiveState if=null ip=null ipv=null
D/MMDCT   ( 1625): ifAnyConnected ret=false
D/MMDCT   ( 1625): tryEnableSuperPowerSaving: false, isPowerSavingOn: false, isMobileDataOn: false, isScreenOn: true, mIsCharging: true
E/NotificationService( 1483): adbEnabled = true
D/UsbService( 1483): [USBNET] handleMessage: 0; mConnected=1(0),mConfiguration=0(0)
I/MMDCT   ( 1625): EVENT_ERI_UPDATE
I/MMDCT   ( 1625): EriUpdate.eri_id=64,mEriIndicator=64
D/HtcCdmaPhoneApp( 1625): eri_id = 64 home or roaming = VZW_HOME_NETWORK
V/HtcCdmaGloableRoamingUtil( 1625): localGetGlobalRoamingOption:0
D/HtcCdmaGloableRoamingUtil( 1625): getNeedShowRoamingOption():true
D/HtcCdmaGloableRoamingUtil( 1625): getNeedAutoSetDeny():true
D/HtcNBPCDUtil( 1625): EVENT_NBPCD_INFO
I/GCoreUlr(21039): DispatchingService.onCreate()
D/Tethering( 1483): sendTetherStateChangedBroadcast 1, 0, 0
D/Tethering( 1483): interfaceAdded :usb0
I/Fumo    (21081): mBatteryLevel:91
I/Fumo    (21081): mBatteryLevel:91
I/iu.SyncManager(20913): SYNC; picasa accounts
I/keystore( 1367): uid: 1000 action: e -> 7 state: 2 -> 2 retry: 4
I/Database(20913): sqlite returned: error code = 0, msg = Recovered 149 frames from WAL file /data/data/com.google.android.gms/databases/iu.upload.db-wal
D/Vold    ( 1357): USB connected
W/Vold    ( 1357): Share method ums now available
D/UsbService( 1483): [USBNET] USB UEVENT: {SUBSYSTEM=switch, SWITCH_STATE=1, DEVPATH=/devices/virtual/switch/usb_configuration, SEQNUM=2262, ACTION=change, SWITCH_NAME=usb_configuration}
D/UsbService( 1483): [USBNET] handleMessage: 0; mConnected=1(1),mConfiguration=1(0)
E/NotificationService( 1483): adbEnabled = true
D/HtcLockScreen2.0( 1483): HtcLockScreen: touch action:0
W/dalvikvm( 1483): disableGcForExternalAlloc: false
W/Vold    ( 1357): Ignoring unknown switch 'usb_connect2pc'
D/UsbService( 1483): [USBNET] USB UEVENT: {SUBSYSTEM=switch, SWITCH_STATE=1, DEVPATH=/devices/virtual/switch/usb_connect2pc, SEQNUM=2263, ACTION=change, SWITCH_NAME=usb_connect2pc}
D/UsbService( 1483): [USBNET] handleMessage: 3; mConnected=1(1),mConfiguration=1(1)
D/StatusBarPolicy(20908): iconIndex=1
V/StatusBarPolicy(20908): cdmaLevel:0;max:5
D/StatusBarPolicy(20908): for VZW, cdmaLevel+1, cdmaLevel= 1
D/StatusBarPolicy(20908): iconLevel:1
I/StorageNotification(20908): UMS connection changed to true (media state mounted)
D/dalvikvm(20908): GC_CONCURRENT freed 345K, 44% free 3490K/6215K, external 3094K/3639K, paused 3ms+4ms
D/HtcLockScreen2.0( 1483): HtcLockScreen: touch action:1
D/HtcLockScreen2.0( 1483): HtcLockScreen: touch ACTION_UP
D/HtcLockScreen2.0( 1483): HtcLockScreen: do not match unlock conditions
D/Database(20913): dbopen(): path = /data/data/com.google.android.gms/databases/iu.upload.db, mode: wal, disk free size: 557 M, handle: 0x3ed0e0
I/dalvikvm(21039): Could not find method android.accounts.AccountManager.getPreviousName, referenced from method com.google.android.location.util.b.a
W/dalvikvm(21039): VFY: unable to resolve virtual method 24: Landroid/accounts/AccountManager;.getPreviousName (Landroid/accounts/Account;)Ljava/lang/String;
D/dalvikvm(21039): VFY: replacing opcode 0x6e at 0x000a
D/dalvikvm(21039): VFY: dead code 0x000d-000d in Lcom/google/android/location/util/b;.a (Landroid/accounts/Account;)Ljava/lang/String;
D/dalvikvm(21039): GC_CONCURRENT freed 400K, 42% free 4115K/7047K, external 0K/0K, paused 5ms+15ms
