E/DataBuffer(21039): Internal data leak within a DataBuffer object detected!  Be sure to explicitly call release() on all DataBuffer extending objects when you are done with them. (internal object: com.google.android.gms.common.data.DataHolder@4060dfe8)
E/DataBuffer(21039): Internal data leak within a DataBuffer object detected!  Be sure to explicitly call release() on all DataBuffer extending objects when you are done with them. (internal object: com.google.android.gms.common.data.DataHolder@405cbdf0)
D/dalvikvm( 1483): GC_FOR_MALLOC freed 471K, 33% free 9703K/14343K, external 3689K/4511K, paused 234ms
D/HtcLockScreen2.0( 1483): HtcLockScreen: touch action:0
W/dalvikvm( 1483): disableGcForExternalAlloc: false
I/keystore( 1367): uid: 1000 action: e -> 7 state: 2 -> 2 retry: 4
D/HtcLockScreen2.0( 1483): HtcLockScreen: touch action:1
D/HtcLockScreen2.0( 1483): HtcLockScreen: touch ACTION_UP
D/HtcLockScreen2.0( 1483): HtcLockScreen: do not match unlock conditions
I/dalvikvm(21039): Could not find method android.app.ActivityManager.isLowRamDevice, referenced from method com.google.android.location.reporting.LocationReportingController.a
W/dalvikvm(21039): VFY: unable to resolve virtual method 108: Landroid/app/ActivityManager;.isLowRamDevice ()Z
D/dalvikvm(21039): VFY: replacing opcode 0x6e at 0x0243
D/dalvikvm(21039): VFY: dead code 0x0246-0249 in Lcom/google/android/location/reporting/LocationReportingController;.a (Lcom/google/android/location/reporting/config/ReportingConfig;Ljava/lang/String;)V
I/keystore( 1367): uid: 1000 action: e -> 7 state: 2 -> 2 retry: 4
I/NetSharing_NSReceiver(21190): customizedNS:true
D/NetSharing_NSReceiver(21190): onReceive : android.net.conn.TETHER_STATE_CHANGED
D/NetSharing_NSReceiver(21190): Tethered state change:false
D/UsbConnectedReceiver(20922): action = android.hardware.usb.action.USB_CONNECT2PC
D/UsbConnectedReceiver(20922): USB Connected.
D/PSCommon(20922): usb_cable_connect = 1
I/NetSharing_NSReceiver(21190): customizedNS:true
D/NetSharing_NSReceiver(21190): onReceive : com.htc.usb.change
D/UsbConnectedReceiver(20922): Launch Usb connection UI
D/NetSharing_NSReceiver(21190): USB = true hasTethered = false
D/PSReceiver(21190): onReceive : com.htc.usb.change
I/ActivityManager( 1483): Starting activity: Intent { flg=0x10000000 cmp=com.htc.android.psclient/.UsbConnectionSettings } from pid 20922
D/PSReceiver(21190): USB Plugged, Set USBPlugged=  true
V/HtcAppUsageStats( 1483): handleMessage msg=1
I/iu.FingerprintManager(20913): Start processing media store URI: content://media/external/images/media
D/Background traffic light( 1647): traffic light: GREEN, mBackgroundTrafficLight = true
V/HtcAppUsageStats( 1483): (launch app, package): (Connect to PC, com.htc.android.psclient)
I/keystore( 1367): uid: 1000 action: e -> 7 state: 2 -> 2 retry: 4
D/UsbConnectionSettings(20922): -onCreate()
I/iu.UploadsManager(20913): num queued entries: 0
I/keystore( 1367): uid: 1000 action: e -> 7 state: 2 -> 2 retry: 4
D/SwitchUsbSettings(20922): getUpdateInfo() no update
D/ATRecorder(20922): com.htc.autotest.dlib.RecordEngine in loader dalvik.system.DexClassLoader@405a94c0
D/StatusBarPolicy(20908): iconIndex=1
V/StatusBarPolicy(20908): cdmaLevel:1;max:5
D/StatusBarPolicy(20908): for VZW, cdmaLevel+1, cdmaLevel= 2
D/StatusBarPolicy(20908): iconLevel:2
D/dalvikvm(20922): GC_EXTERNAL_ALLOC freed 219K, 45% free 3227K/5767K, external 1137K/1144K, paused 32ms
I/iu.UploadsManager(20913): num updated entries: 0
D/SwitchUsbSettings(20922): getUpdateInfo() no update
I/ActivityManager( 1483): Displayed com.htc.android.psclient/.UsbConnectionSettings: +600ms
E/dalvikvm(21039): Could not find class 'android.os.UserManager', referenced from method com.google.android.gms.common.util.a.b
I/iu.SyncManager(20913): NEXT; no task
W/dalvikvm(21039): VFY: unable to resolve check-cast 253 (Landroid/os/UserManager;) in Lcom/google/android/gms/common/util/a;
D/dalvikvm(21039): VFY: replacing opcode 0x1f at 0x000e
D/dalvikvm(21039): VFY: dead code 0x0010-0028 in Lcom/google/android/gms/common/util/a;.b (Landroid/content/Context;)Z
I/dalvikvm(21039): Could not find method android.accounts.AccountManager.getAccountsByTypeForPackage, referenced from method com.google.android.gms.common.util.a.c
W/dalvikvm(21039): VFY: unable to resolve virtual method 21: Landroid/accounts/AccountManager;.getAccountsByTypeForPackage (Ljava/lang/String;Ljava/lang/String;)[Landroid/accounts/Account;
D/dalvikvm(21039): VFY: replacing opcode 0x6e at 0x000c
D/dalvikvm(21039): VFY: dead code 0x000f-000f in Lcom/google/android/gms/common/util/a;.c (Landroid/content/Context;Ljava/lang/String;Ljava/lang/String;)Ljava/util/List;
E/dalvikvm(21039): Could not find class 'android.os.UserManager', referenced from method com.google.android.gms.common.util.a.c
W/dalvikvm(21039): VFY: unable to resolve check-cast 253 (Landroid/os/UserManager;) in Lcom/google/android/gms/common/util/a;
D/dalvikvm(21039): VFY: replacing opcode 0x1f at 0x000f
D/dalvikvm(21039): VFY: dead code 0x0011-0022 in Lcom/google/android/gms/common/util/a;.c (Landroid/content/Context;)Z
E/dalvikvm(21039): Could not find class 'android.os.UserManager', referenced from method com.google.android.gms.common.util.a.e
I/iu.FingerprintManager(20913): Start processing media store URI: content://media/external/video/media
I/keystore( 1367): uid: 1000 action: e -> 7 state: 2 -> 2 retry: 4
D/dalvikvm(21039): GC_CONCURRENT freed 340K, 41% free 4180K/7047K, external 0K/0K, paused 3ms+2ms
W/dalvikvm(21039): VFY: unable to resolve check-cast 253 (Landroid/os/UserManager;) in Lcom/google/android/gms/common/util/a;
D/dalvikvm(21039): VFY: replacing opcode 0x1f at 0x000f
D/dalvikvm(21039): VFY: dead code 0x0011-001d in Lcom/google/android/gms/common/util/a;.e (Landroid/content/Context;)Z
D/dalvikvm(21039): VFY: dead code 0x001f-0020 in Lcom/google/android/gms/common/util/a;.e (Landroid/content/Context;)Z
I/keystore( 1367): uid: 1000 action: e -> 7 state: 2 -> 2 retry: 4
I/iu.FingerprintManager(20913): Start processing media store URI: content://media/phoneStorage/images/media
I/keystore( 1367): uid: 1000 action: e -> 7 state: 2 -> 2 retry: 4
I/iu.FingerprintManager(20913): Start processing media store URI: content://media/phoneStorage/video/media
I/keystore( 1367): uid: 1000 action: e -> 7 state: 2 -> 2 retry: 4
I/GCoreUlr(21039): WorldUpdater received intent Intent { act=com.google.android.location.reporting.ACTION_UPDATE_WORLD cmp=com.google.android.gms/com.google.android.location.reporting.service.DispatchingService (has extras) } with receiverAction android.intent.action.ACTION_POWER_CONNECTED
I/iu.FingerprintManager(20913): Finished generating fingerprints; 2.343 seconds
I/iu.FingerprintManager(20913):   numSeen=324 numGenerated=0 numDeleted=0 numFailed=0
I/keystore( 1367): uid: 1000 action: e -> 7 state: 2 -> 2 retry: 4
D/dalvikvm(20913): GC_CONCURRENT freed 472K, 41% free 4216K/7047K, external 0K/0K, paused 2ms+5ms
D/Database(21039): dbopen(): path = /data/data/com.google.android.gms/databases/gcore_ulr_UlrLocation.db, flag = 6, file size = 5120
D/Database(21039): dbopen(): path = /data/data/com.google.android.gms/databases/gcore_ulr_UlrLocation.db, mode: wal, disk free size: 557 M, handle: 0x3c8dc0
D/Database(21039): dbclose(): path = /data/data/com.google.android.gms/databases/gcore_ulr_UlrLocation.db, handle = 0x3c8dc0
D/Database(21039): dbopen(): path = /data/data/com.google.android.gms/databases/gcore_ulr_ActivityDetection.db, flag = 6, file size = 5120
D/Database(21039): dbopen(): path = /data/data/com.google.android.gms/databases/gcore_ulr_ActivityDetection.db, mode: wal, disk free size: 557 M, handle: 0x3c8dc0
D/Database(21039): dbclose(): path = /data/data/com.google.android.gms/databases/gcore_ulr_ActivityDetection.db, handle = 0x3c8dc0
D/Database(21039): dbopen(): path = /data/data/com.google.android.gms/databases/gcore_ulr_ApiMetadata.db, flag = 6, file size = 5120
D/Database(21039): dbopen(): path = /data/data/com.google.android.gms/databases/gcore_ulr_ApiMetadata.db, mode: wal, disk free size: 557 M, handle: 0x3c8dc0
D/Database(21039): dbclose(): path = /data/data/com.google.android.gms/databases/gcore_ulr_ApiMetadata.db, handle = 0x3c8dc0
I/keystore( 1367): uid: 1000 action: e -> 7 state: 2 -> 2 retry: 4
D/SyncManager( 1483): setIsSyncable: com.google, provider com.google.android.location.reporting -> 1
D/SyncManager( 1483): setIsSyncable: already set to 1, doing nothing
D/SyncManager( 1483): setSyncAutomatically: , provider com.google.android.location.reporting -> true
D/SyncManager( 1483): setSyncAutomatically: already set to true, doing nothing
D/Database(21039): dbopen(): path = /data/data/com.google.android.gms/databases/gcore_ulr_UlrLocation.db, flag = 6, file size = 5120
D/Database(21039): dbopen(): path = /data/data/com.google.android.gms/databases/gcore_ulr_UlrLocation.db, mode: wal, disk free size: 557 M, handle: 0x3cb280
D/Database(21039): dbclose(): path = /data/data/com.google.android.gms/databases/gcore_ulr_UlrLocation.db, handle = 0x3cb280
D/Database(21039): dbopen(): path = /data/data/com.google.android.gms/databases/gcore_ulr_ActivityDetection.db, flag = 6, file size = 5120
D/Database(21039): dbopen(): path = /data/data/com.google.android.gms/databases/gcore_ulr_ActivityDetection.db, mode: wal, disk free size: 557 M, handle: 0x3c6fd8
D/Database(21039): dbclose(): path = /data/data/com.google.android.gms/databases/gcore_ulr_ActivityDetection.db, handle = 0x3c6fd8
D/Database(21039): dbopen(): path = /data/data/com.google.android.gms/databases/gcore_ulr_ApiMetadata.db, flag = 6, file size = 5120
D/Database(21039): dbopen(): path = /data/data/com.google.android.gms/databases/gcore_ulr_ApiMetadata.db, mode: wal, disk free size: 557 M, handle: 0x3cb280
D/Database(21039): dbclose(): path = /data/data/com.google.android.gms/databases/gcore_ulr_ApiMetadata.db, handle = 0x3cb280
I/GCoreUlr(21039): WorldUpdater:android.intent.action.ACTION_POWER_CONNECTED: Ensuring that reporting is stopped because of reasons: {account#14#=[InactiveReason{mVersionCode=0, mIdentifier=12, mName='LocationDisabled'}, InactiveReason{mVersionCode=0, mIdentifier=6, mName='ReportingNotEnabled'}, InactiveReason{mVersionCode=0, mIdentifier=14, mName='HistoryNotEnabled'}]}
I/GCoreUlr(21039): Unbound from all location providers
I/GCoreUlr(21039): DispatchingService.onDestroy()
I/GCoreUlr(21039): Unbound from all location providers
D/PowerManagerService( 1483): New lightsensor value:225, lcdValue:116
D/dalvikvm( 1647): GC_EXPLICIT freed 922K, 50% free 4513K/8967K, external 21758K/23299K, paused 82ms
D/UsbConnectionSettings(20922): Close UI by timeout
D/UsbConnectionSettings(20922): -enableChargeOnly()
D/PSCommon(20922): usb_cable_connect = 1
D/UsbConnectionSettings(20922): -onPause()
D/skia    ( 1647): purging 360K from font cache [48 entries]
D/dalvikvm( 1647): GC_EXPLICIT freed 51K, 51% free 4462K/8967K, external 21251K/23299K, paused 67ms
I/CarouselTimeLog( 1647): onStart() finish: 1438012187650
D/CarouselDummyActivity( 1647): CarouselDummyActivity.onResume: tab_allapps
D/Background traffic light( 1647): traffic light: RED, mBackgroundTrafficLight = true
D/William ( 1647): - refreshUsageStatCache -
D/UsbConnectionSettings(20922): -onStop()
D/UsbConnectionSettings(20922): -onDestroy()
D/HtcLockScreen2.0( 1483): HtcLockScreen: touch action:0
W/dalvikvm( 1483): disableGcForExternalAlloc: false
D/HtcLockScreen2.0( 1483): HtcLockScreen: touch action:1
D/HtcLockScreen2.0( 1483): HtcLockScreen: touch ACTION_UP
D/HtcLockScreen2.0( 1483): HtcLockScreen: do not match unlock conditions
D/HtcLockScreen2.0( 1483): HtcLockScreen: touch action:0
W/dalvikvm( 1483): disableGcForExternalAlloc: false
D/HtcLockScreen2.0( 1483): HtcLockScreen: touch action:1
D/HtcLockScreen2.0( 1483): HtcLockScreen: touch ACTION_UP
D/HtcLockScreen2.0( 1483): HtcLockScreen: unlock condition true
W/dalvikvm( 1483): disableGcForExternalAlloc: true
D/HtcLockScreen2.0( 1483): HtcLockScreen: unlock animationn done
W/dalvikvm( 1483): disableGcForExternalAlloc: false
W/dalvikvm( 1483): disableGcForExternalAlloc: false
W/dalvikvm( 1483): disableGcForExternalAlloc: false
D/PowerManagerService( 1483): New lightsensor value:160, lcdValue:83
D/PowerManagerService( 1483): lightSensorChangedLocked, buttonValue >= 0, mPowerState = 3
D/PowerManagerService( 1483): setPenMenuButtonLed: 2
D/HtcLockScreen2.0( 1483): HtcLockScreen: onScreenPause
D/KeyguardViewManager( 1483): hide()
D/Background traffic light( 1647): traffic light: RED, mBackgroundTrafficLight = false
D/StatusBarManagerService( 1483): disable what =0, token = android.os.Binder@408bd448, pkg = android, mBar = com.android.internal.statusbar.IStatusBar$Stub$Proxy@40d823a8
D/Twitter-MessageReceiver(20932): action android.intent.action.USER_PRESENT
I/keystore( 1367): uid: 1000 action: e -> 7 state: 2 -> 2 retry: 4
D/SyncProvider(20932): match settings
D/FacebookReceiver(20932): Intent.ACTION_USER_PRESENT SyncInterval=3600000,currTime=1438012192643
D/FacebookReceiver(20932): Intent.ACTION_USER_PRESENT lastStreamSyncTime=1438012192647,lastFriendSyncTime=1438012192647
D/SyncProvider(20932): match settings
D/FlickrReceiver(20932): Intent.ACTION_USER_PRESENT SyncInterval=3600000,currTime=1438012192671
D/FlickrReceiver(20932): Intent.ACTION_USER_PRESENT lastStreamSyncTime=1438012192691,lastFriendSyncTime=1438012192691
W/HtcLockScreen2.0( 1483): HtcLockScreen: onWindowFocusChanged bFocus:false
D/InputManagerService( 1483): Window already focused, ignoring focus gain of: com.android.internal.view.IInputMethodClient$Stub$Proxy@40b31b08
D/StatusBarPolicy(20908): iconIndex=1
V/StatusBarPolicy(20908): cdmaLevel:1;max:5
D/StatusBarPolicy(20908): for VZW, cdmaLevel+1, cdmaLevel= 2
D/StatusBarPolicy(20908): iconLevel:2
D/PowerManagerService( 1483): New lightsensor value:225, lcdValue:116
D/skia    (20922): purging 214K from font cache [27 entries]
D/dalvikvm(20922): GC_EXPLICIT freed 76K, 44% free 3257K/5767K, external 0K/512K, paused 77ms
D/StatusBarPolicy(20908): iconIndex=1
V/StatusBarPolicy(20908): cdmaLevel:1;max:5
D/StatusBarPolicy(20908): for VZW, cdmaLevel+1, cdmaLevel= 2
D/StatusBarPolicy(20908): iconLevel:2
D/Background traffic light( 1647): traffic light: GREEN, mBackgroundTrafficLight = false
D/AutoSetting(20922): service - mRequestRunnable: screen on delay 10s, request NLP now
D/AutoSetting(20922): service - requestNLP() NetworkLocationProvider not enabled
I/power   ( 1483): *** set_screen_state 0
D/PowerManagerService( 1483): setScreenStateLocked++, on: false, err: 0
D/SensorService( 1483): disable: get sensor name = CM3602 Light sensor
D/SensorService( 1483): pid=1483, uid=1000
D/PowerManagerService( 1483): setScreenStateLocked, turn off the button light 
D/SurfaceFlinger( 1483): About to give-up screen, flinger = 0xb1148
D/lights  ( 1483): set_light_buttons_func: on=0 brightness=0
D/lights  ( 1483): set_light_buttons_func: on=0 brightness=0
V/KeyguardViewMediator( 1483): password timeout now
D/KeyguardViewManager( 1483): show(); mKeyguardView==com.android.internal.policy.impl.LockPatternKeyguardView@409cf4c8
D/HtcLockScreen( 1483): createPatternUnlockScreen() ...
D/HtcLockScreen( 1483): packageInfo - PackageInfo{40cd5578 com.htc.lockscreen}
D/HtcLockScreen2.0( 1483): UnlockScreen: UnlockScreen() ctor: totalFailedAttempts=0, mFailedPat...=0
D/AlarmManager( 1483): ACTION_SCREEN_OFF
W/InputManagerService( 1483): Receive : Intent.ACTION_SCREEN_OFF
W/InputManagerService( 1483): Disable input method client.
D/HtcLockScreen2.0( 1483): UnlockScreen: setEnableFallback(true)
D/HtcLockScreen2.0( 1483): HtcLockScreen: onScreenRestart
I/keystore( 1367): uid: 1000 action: e -> 7 state: 2 -> 2 retry: 4
I/keystore( 1367): uid: 1000 action: e -> 7 state: 2 -> 2 retry: 4
D/StatusBarManagerService( 1483): disable what =1, token = android.os.Binder@408bd448, pkg = android, mBar = com.android.internal.statusbar.IStatusBar$Stub$Proxy@40d823a8
W/HtcLockScreen2.0( 1483): HtcLockScreen: onWindowFocusChanged bFocus:true
D/DATA    ( 1625): [QCTMM]setEnablePoll   this.enablePoll=false
D/DATA    ( 1625): [QCTMM]isEnablePoll   enablePoll=false
D/MMDCT   ( 1625):  ======= check any DC connected ======= 
D/MMDCT   ( 1625): DC-0: state=DcInactiveState if=null ip=null ipv=null
D/MMDCT   ( 1625): DC-1: state=DcInactiveState if=null ip=null ipv=null
D/MMDCT   ( 1625): DC-2: state=DcInactiveState if=null ip=null ipv=null
D/MMDCT   ( 1625): DC-3: state=DcInactiveState if=null ip=null ipv=null
D/MMDCT   ( 1625): DC-4: state=DcInactiveState if=null ip=null ipv=null
D/MMDCT   ( 1625): DC-5: state=DcInactiveState if=null ip=null ipv=null
D/MMDCT   ( 1625): DC-6: state=DcInactiveState if=null ip=null ipv=null
D/MMDCT   ( 1625): DC-7: state=DcInactiveState if=null ip=null ipv=null
D/MMDCT   ( 1625): ifAnyConnected ret=false
D/MMDCT   ( 1625): tryEnableSuperPowerSaving: true, isPowerSavingOn: false, isMobileDataOn: false, isScreenOn: false, mIsCharging: true
D/Background traffic light( 1647): traffic light: GREEN, mBackgroundTrafficLight = true
W/dalvikvm( 1647): disableGcForExternalAlloc: false
D/AutoSetting(20922): service - mHandler: cancel location update
D/AutoSetting(20922): service -           changes count: 0
I/keystore( 1367): uid: 1000 action: e -> 7 state: 2 -> 2 retry: 4
D/ContactMessageStore( 1625): start background delete task...
D/dalvikvm(20918): GC_EXPLICIT freed 795K, 52% free 3949K/8071K, external 0K/0K, paused 186ms
D/ContactMessageStore( 1625): size: 0 , 0
D/ContactMessageStore( 1625): Background delete complete
D/dalvikvm(20913): GC_EXPLICIT freed 35K, 41% free 4181K/7047K, external 0K/0K, paused 95ms
D/dalvikvm(20925): GC_EXPLICIT freed 22K, 41% free 3797K/6407K, external 0K/0K, paused 68ms
D/dalvikvm(20932): GC_EXPLICIT freed 76K, 45% free 3081K/5575K, external 0K/0K, paused 77ms
V/DeviceStorageMonitorService( 1483): freeMemory=584065024
D/DeviceStorageMonitorService( 1483): OoO SMS Memory available. SMS_AVAILABLE_THRESHOLD == 524288
I/DeviceStorageMonitorService( 1483): Posting Message again
D/dalvikvm(21023): GC_EXPLICIT freed 101K, 46% free 2945K/5379K, external 712K/1024K, paused 63ms
D/dalvikvm(21039): GC_EXPLICIT freed 181K, 41% free 4172K/7047K, external 0K/0K, paused 82ms
D/dalvikvm(21081): GC_EXPLICIT freed 39K, 47% free 2982K/5575K, external 0K/0K, paused 76ms
D/AndroidRuntime(21346): 
D/AndroidRuntime(21346): >>>>>> AndroidRuntime START com.android.internal.os.RuntimeInit <<<<<<
D/AndroidRuntime(21346): CheckJNI is OFF
D/dalvikvm(21346): creating instr width table
D/AndroidRuntime(21346): Calling main entry com.android.commands.pm.Pm
I/keystore( 1367): uid: 1000 action: e -> 7 state: 2 -> 2 retry: 4
I/keystore( 1367): uid: 1000 action: e -> 7 state: 2 -> 2 retry: 4
I/ActivityManager( 1483): Start proc com.android.defcontainer for service com.android.defcontainer/.DefaultContainerService: pid=21354 uid=10076 gids={1015, 2001}
D/dalvikvm(21354): GC_EXPLICIT freed 52K, 48% free 2831K/5379K, external 0K/0K, paused 24ms
W/ActivityManager( 1483): No content provider found for: 
W/ActivityManager( 1483): No content provider found for: 
D/PackageParser( 1483): Scanning package: /data/app/vmdl1284855085.tmp
D/dalvikvm( 1483): GC_FOR_MALLOC freed 817K, 32% free 9785K/14343K, external 4007K/4511K, paused 93ms
I/PackageManager( 1483): Removing non-system package:org.test.myapp
I/ActivityManager( 1483): Force stopping package org.test.myapp uid=10131
I/keystore( 1367): uid: 1000 action: g -> 2 state: 2 -> 2 retry: 4
D/PackageManager( 1483): Scanning package org.test.myapp
I/keystore( 1367): uid: 1000 action: g -> 2 state: 2 -> 2 retry: 4
I/PackageManager( 1483): Package org.test.myapp codePath changed from /data/app/org.test.myapp-2.apk to /data/app/org.test.myapp-1.apk; Retaining data and using new
I/PackageManager( 1483): Unpacking native libraries for /data/app/org.test.myapp-1.apk
D/installd( 1366): DexInv: --- BEGIN '/data/app/org.test.myapp-1.apk' ---
D/dalvikvm(21362): creating instr width table
D/dalvikvm(21362): DexOpt: load 11ms, verify+opt 77ms
D/installd( 1366): DexInv: --- END '/data/app/org.test.myapp-1.apk' (success) ---
D/PackageManager( 1483):   Activities: org.renpy.android.PythonActivity
I/ActivityManager( 1483): Force stopping package org.test.myapp uid=10131
W/PackageManager( 1483): Code path for pkg : org.test.myapp changing from /data/app/org.test.myapp-2.apk to /data/app/org.test.myapp-1.apk
W/PackageManager( 1483): Resource path for pkg : org.test.myapp changing from /data/app/org.test.myapp-2.apk to /data/app/org.test.myapp-1.apk
I/installd( 1366): move /data/dalvik-cache/data@app@org.test.myapp-1.apk@classes.dex -> /data/dalvik-cache/data@app@org.test.myapp-1.apk@classes.dex
D/PackageManager( 1483): [embedded] New package installed in /data/app/org.test.myapp-1.apk
D/dalvikvm( 1483): GC_FOR_MALLOC freed 800K, 32% free 9796K/14343K, external 3612K/4511K, paused 118ms
I/ActivityManager( 1483): Force stopping package org.test.myapp uid=10131
D/PhoneApp( 1625): -- PackageChangeBroadcastReceiver  action = android.intent.action.PACKAGE_REMOVED
D/HomeLoaders( 1647): get install or remove message so do change adapter
I/keystore( 1367): uid: 1000 action: e -> 7 state: 2 -> 2 retry: 4
I/ActivityManager( 1483): Start proc com.htc.opensense for broadcast com.htc.opensense/.pluginmanager.RegisterReceiver: pid=21364 uid=10001 gids={3003, 1006, 1015, 2001}
D/dalvikvm( 1362): GC_EXPLICIT freed 13K, 48% free 2826K/5379K, external 0K/0K, paused 102ms
D/dalvikvm(20908): GC_EXPLICIT freed 113K, 45% free 3462K/6215K, external 2922K/3544K, paused 183ms
I/keystore( 1367): uid: 1000 action: e -> 7 state: 2 -> 2 retry: 4
I/keystore( 1367): uid: 1000 action: e -> 7 state: 2 -> 2 retry: 4
D/dalvikvm( 1362): GC_EXPLICIT freed <1K, 48% free 2826K/5379K, external 0K/0K, paused 61ms
I/RegisterService(21364): android.intent.action.PACKAGE_REMOVED package:org.test.myapp
D/dalvikvm( 1362): GC_EXPLICIT freed <1K, 48% free 2826K/5379K, external 0K/0K, paused 63ms
I/keystore( 1367): uid: 1000 action: e -> 7 state: 2 -> 2 retry: 4
I/ActivityManager( 1483): Start proc com.htc.HtcLinkifyDispatcher:remote for broadcast com.htc.HtcLinkifyDispatcher/.HtcLinkifyDispatcherReceiver: pid=21372 uid=1000 gids={3002, 3001, 3003, 2001, 1015, 1007}
D/Database(20922): dbopen(): path = /data/data/com.htc.opensense/databases/registry.db, flag = 6, file size = 21504
D/PhoneApp( 1625): -- PackageChangeBroadcastReceiver  action = android.intent.action.PACKAGE_ADDED
D/HomeLoaders( 1647): get install or remove message so do change adapter
I/Database(20922): sqlite returned: error code = 0, msg = Recovered 21 frames from WAL file /data/data/com.htc.opensense/databases/registry.db-wal
D/Database(20922): dbopen(): path = /data/data/com.htc.opensense/databases/registry.db, mode: wal, disk free size: 540 M, handle: 0xc7a40
D/dalvikvm( 1483): GC_EXPLICIT freed 515K, 32% free 9785K/14343K, external 3612K/4511K, paused 112ms
I/keystore( 1367): uid: 1000 action: e -> 7 state: 2 -> 2 retry: 4
I/installd( 1366): unlink /data/dalvik-cache/data@app@org.test.myapp-2.apk@classes.dex
D/AndroidRuntime(21346): Shutting down VM
D/dalvikvm(21346): GC_CONCURRENT freed 102K, 69% free 322K/1024K, external 0K/0K, paused 0ms+1ms
I/AndroidRuntime(21346): NOTE: attach of thread 'Binder Thread #3' failed
D/jdwp    (21346): adbd disconnected
I/HtcAppAssociationsUtils (Dispatcher)(21372):  @@@@@ enable by 2 = true
I/HtcAppAssociationsUtils (Dispatcher)(21372):  @@@@@ method = 0
I/HtcAppAssociationsUtils (Dispatcher)(21372):  @@@@@ check enable = true
D/HtcLinkifyDispatcherReceiver(21372):  @@@@@ action=android.intent.action.PACKAGE_REMOVED
D/HtcLinkifyDispatcherReceiver(21372):  @@@@@ package=org.test.myapp
I/keystore( 1367): uid: 1000 action: e -> 7 state: 2 -> 2 retry: 4
I/keystore( 1367): uid: 1000 action: e -> 7 state: 2 -> 2 retry: 4
I/ActivityManager( 1483): Start proc com.android.voicedialer for broadcast com.android.voicedialer/.VoiceDialerReceiver: pid=21384 uid=10046 gids={3002}
D/szipinf ( 1483): Initializing inflate state
D/VoiceDialerReceiver(21384): onReceive Intent { act=android.intent.action.PACKAGE_REMOVED dat=package:org.test.myapp flg=0x10000000 cmp=com.android.voicedialer/.VoiceDialerReceiver (has extras) }
V/RecognizerEngine(21384): deleteCachedGrammarFiles /data/data/com.android.voicedialer/files/openentries.txt
I/keystore( 1367): uid: 1000 action: e -> 7 state: 2 -> 2 retry: 4
I/ActivityManager( 1483): Start proc com.slacker.radio for broadcast com.slacker.radio/com.slacker.gui.UpdateReceiver: pid=21393 uid=10049 gids={3003, 1007, 1015}
D/HtcLinkifyDispatcherIntentService(21372):  @@@@@ receive package action.
I/HtcLinkifyDispatcherIntentService(21372):  @@@@@ action for package=android.intent.action.PACKAGE_REMOVED
I/HtcLinkifyDispatcherIntentService(21372):  @@@@@ package name=org.test.myapp
I/HtcAppAssociationsUtils (Dispatcher)(21372):  @@@@@ getPreferredActivity(): Enter.
I/HtcAppAssociationsUtils (Dispatcher)(21372):  @@@@@ getPreferredActivity():      category=Video category
I/HtcAppAssociationsUtils (Dispatcher)(21372):  @@@@@ getPreferredActivity():      add=true
I/ActivityThread(21393): Pub com.slacker.search.SearchProvider: com.slacker.search.SearchProvider
D/SlackerRadio(21393): search.SearchProvider.++ create
I/keystore( 1367): uid: 1000 action: e -> 7 state: 2 -> 2 retry: 4
I/keystore( 1367): uid: 1000 action: e -> 7 state: 2 -> 2 retry: 4
I/keystore( 1367): uid: 1000 action: e -> 7 state: 2 -> 2 retry: 4
I/ActivityManager( 1483): Start proc com.htc.providers.settings:remote for content provider com.htc.providers.settings/.HtcPreferredAppProvider: pid=21402 uid=10125 gids={}
E/UpdateReceiver(21393): ACTION_PACKAGE_REMOVED
D/AndroidRuntime(21396): 
D/AndroidRuntime(21396): >>>>>> AndroidRuntime START com.android.internal.os.RuntimeInit <<<<<<
I/keystore( 1367): uid: 1000 action: e -> 7 state: 2 -> 2 retry: 4
D/AndroidRuntime(21396): CheckJNI is OFF
D/dalvikvm(21396): creating instr width table
I/ActivityManager( 1483): Start proc com.gravitymobile.app.hornbill for broadcast com.gravitymobile.app.hornbill/com.gravitymobile.utils.hornbill.HornbillPackageInfoReceiver: pid=21406 uid=10074 gids={3003, 1015}
I/ActivityThread(21402): Pub com.htc.providers.settings.HtcInternalSettingsProvider: com.htc.providers.settings.HtcInternalSettingsProvider
I/ActivityThread(21402): Pub com.htc.providers.settings.HtcPreferredAppProvider: com.htc.providers.settings.HtcPreferredAppProvider
I/keystore( 1367): uid: 1000 action: e -> 7 state: 2 -> 2 retry: 4
I/keystore( 1367): uid: 1000 action: e -> 7 state: 2 -> 2 retry: 4
D/Database(21402): dbopen(): path = /data/data/com.htc.providers.settings/databases/settings.db, flag = 6, file size = 5120
I/Database(21402): sqlite returned: error code = 0, msg = Recovered 5 frames from WAL file /data/data/com.htc.providers.settings/databases/settings.db-wal
D/Database(21402): dbopen(): path = /data/data/com.htc.providers.settings/databases/settings.db, mode: wal, disk free size: 557 M, handle: 0x32a8e0
I/keystore( 1367): uid: 1000 action: e -> 7 state: 2 -> 2 retry: 4
D/HtcAppAssociationsUtils (Dispatcher)(21372):  @@@@@ getPreferredActivity():      Go DB ------
I/ActivityManager( 1483): Start proc com.htc.RosieUtility for broadcast com.htc.AddProgramWidget/.HtcWidgetScanner: pid=21421 uid=10100 gids={3003, 2001, 1015}
D/AndroidRuntime(21396): Calling main entry com.android.commands.am.Am
I/keystore( 1367): uid: 1000 action: e -> 7 state: 2 -> 2 retry: 4
I/ActivityManager( 1483): Starting activity: Intent { act=org.renpy.android.PythonActivity flg=0x10000000 cmp=org.test.myapp/org.renpy.android.PythonActivity } from pid 21396
V/HtcAppUsageStats( 1483): handleMessage msg=1
I/keystore( 1367): uid: 1000 action: e -> 7 state: 2 -> 2 retry: 4
V/HtcAppUsageStats( 1483): (launch app, package): (Pathfinder, org.test.myapp)
D/AndroidRuntime(21396): Shutting down VM
I/ActivityManager( 1483): Start proc org.test.myapp:python for activity org.test.myapp/org.renpy.android.PythonActivity: pid=21431 uid=10131 gids={1015}
D/dalvikvm(21396): GC_CONCURRENT freed 102K, 66% free 352K/1024K, external 0K/0K, paused 1ms+0ms
I/AndroidRuntime(21396): NOTE: attach of thread 'Binder Thread #3' failed
D/jdwp    (21396): adbd disconnected
I/RosieUtility(21421): disable self killer: mEnabled=1
I/keystore( 1367): uid: 1000 action: e -> 7 state: 2 -> 2 retry: 4
I/RosieUtility(21421): enable self killer: mEnabled=0
E/NetworkScheduler.SchedulerReceiver(17796): Invalid parameter app
E/NetworkScheduler.SchedulerReceiver(17796): Invalid package name : Perhaps you didn't include a PendingIntent in the extras?
I/keystore( 1367): uid: 1000 action: e -> 7 state: 2 -> 2 retry: 4
W/ResourceType(21431): No package identifier when getting value for resource number 0x00000000
I/keystore( 1367): uid: 1000 action: e -> 7 state: 2 -> 2 retry: 4
I/ActivityManager( 1483): Start proc com.google.android.partnersetup for broadcast com.google.android.partnersetup/.AppInstalledReceiver: pid=21441 uid=10006 gids={}
V/python  (21431): metadata fullscreen is1
I/SDLSurface(21431): Surface will NOT be transparent
D/ATRecorder(21431): com.htc.autotest.dlib.RecordEngine in loader dalvik.system.DexClassLoader@40526588
V/Python  (21431): Extracting private assets.
I/keystore( 1367): uid: 1000 action: e -> 7 state: 2 -> 2 retry: 4
I/ActivityManager( 1483): Displayed org.test.myapp/org.renpy.android.PythonActivity: +260ms
I/RegisterService(21364): android.intent.action.PACKAGE_ADDED package:org.test.myapp
I/keystore( 1367): uid: 1000 action: e -> 7 state: 2 -> 2 retry: 4
I/ActivityManager( 1483): Start proc com.svox.pico for broadcast com.svox.pico/.VoiceDataInstallerReceiver: pid=21452 uid=10035 gids={}
D/HtcWidgetScanner(21421): action - android.intent.action.PACKAGE_REMOVED
I/RosieUtility(21421): disable self killer: mEnabled=1
I/ActivityThread(21452): Pub com.svox.pico.providers.SettingsProvider: com.svox.pico.providers.SettingsProvider
I/keystore( 1367): uid: 1000 action: e -> 7 state: 2 -> 2 retry: 4
I/HtcAppAssociationsUtils (Dispatcher)(21372):  @@@@@ check enable = true
D/HtcLinkifyDispatcherReceiver(21372):  @@@@@ action=android.intent.action.PACKAGE_ADDED
D/HtcLinkifyDispatcherReceiver(21372):  @@@@@ package=org.test.myapp
I/keystore( 1367): uid: 1000 action: e -> 7 state: 2 -> 2 retry: 4
I/keystore( 1367): uid: 1000 action: e -> 7 state: 2 -> 2 retry: 4
D/VoiceDialerReceiver(21384): onReceive Intent { act=android.intent.action.PACKAGE_ADDED dat=package:org.test.myapp flg=0x10000000 cmp=com.android.voicedialer/.VoiceDialerReceiver (has extras) }
V/RecognizerEngine(21384): deleteCachedGrammarFiles /data/data/com.android.voicedialer/files/openentries.txt
I/keystore( 1367): uid: 1000 action: e -> 7 state: 2 -> 2 retry: 4
D/HtcWidgetScanner(21421): packageUid - 10131
I/RosieUtility(21421): disable self killer: mEnabled=0
I/keystore( 1367): uid: 1000 action: e -> 7 state: 2 -> 2 retry: 4
I/keystore( 1367): uid: 1000 action: e -> 7 state: 2 -> 2 retry: 4
I/RosieUtility(21421): enable self killer: mEnabled=-1
I/RosieUtility(21421): enable self killer: mEnabled=0
D/HtcWidgetScanner(21421): action - android.intent.action.PACKAGE_ADDED
I/RosieUtility(21421): disable self killer: mEnabled=1
D/HtcWidgetScanner(21421): packageUid - 10131
I/RosieUtility(21421): enable self killer: mEnabled=0
D/PackageAddedReceiver(17796): package added org.test.myapp
I/keystore( 1367): uid: 1000 action: e -> 7 state: 2 -> 2 retry: 4
I/keystore( 1367): uid: 1000 action: e -> 7 state: 2 -> 2 retry: 4
I/keystore( 1367): uid: 1000 action: e -> 7 state: 2 -> 2 retry: 4
I/RegisterService(21364): android.intent.action.PACKAGE_REPLACED package:org.test.myapp
I/ActivityManager( 1483): Start proc com.google.android.apps.maps:FriendService for broadcast com.google.android.apps.maps/com.google.googlenav.friend.android.ServiceReceiver: pid=21461 uid=10039 gids={3003, 1015}
D/dalvikvm(21431): GC_FOR_MALLOC freed 367K, 49% free 2865K/5575K, external 0K/0K, paused 66ms
I/dalvikvm-heap(21431): Grow heap (frag case) to 6.050MB for 1048592-byte allocation
D/dalvikvm(21431): GC_FOR_MALLOC freed <1K, 42% free 3889K/6663K, external 0K/0K, paused 16ms
I/python  (21431): extracting libpymodules.so
D/dalvikvm(21431): GC_CONCURRENT freed 13K, 42% free 3908K/6663K, external 0K/0K, paused 2ms+2ms
D/PhoneApp( 1625): EVENT_QUERY_MO_PACKAGES
I/PackageManager( 1483):   Action: "android.intent.action.VIEW"
I/PackageManager( 1483):   Category: "android.intent.category.DEFAULT"
I/PackageManager( 1483):   Scheme: "http"
I/PackageManager( 1483):   Type: "audio"
I/PackageManager( 1483):   mPriority=0, mHasPartialTypes=true
I/PackageManager( 1483): Adding preferred activity ComponentInfo{com.htc.streamplayer/com.htc.streamplayer.VideoPlayerActivity}:
I/PackageManager( 1483):   Action: "android.intent.action.VIEW"
I/PackageManager( 1483):   Category: "android.intent.category.DEFAULT"
I/PackageManager( 1483):   Category: "android.intent.category.BROWSABLE"
I/PackageManager( 1483):   Scheme: "http"
I/PackageManager( 1483):   Type: "audio"
I/PackageManager( 1483):   mPriority=0, mHasPartialTypes=true
I/PackageManager( 1483): Adding preferred activity ComponentInfo{com.htc.streamplayer/com.htc.streamplayer.VideoPlayerActivity}:
I/keystore( 1367): uid: 1000 action: e -> 7 state: 2 -> 2 retry: 4
D/dalvikvm(21461): GC_CONCURRENT freed 141K, 44% free 3190K/5639K, external 0K/0K, paused 3ms+13ms
I/keystore( 1367): uid: 1000 action: e -> 7 state: 2 -> 2 retry: 4
I/keystore( 1367): uid: 1000 action: e -> 7 state: 2 -> 2 retry: 4
D/Socket_Alarm(21461): registerHTCSocketMonitorCallBack
D/Socket_Alarm(21461): set mSocketMonitor
D/Socket_Alarm(21461): HTCSocketMonitorImpl::HTCSocketMonitorImpl
D/PhoneApp( 1625): -- N1 =1
D/dalvikvm(21461): GC_CONCURRENT freed 117K, 41% free 3590K/6023K, external 0K/0K, paused 2ms+7ms
I/PackageManager( 1483):  setEnabledSetting(), pkgName=com.google.android.apps.maps, clsName=com.google.android.maps.driveabout.app.DestinationActivity, state=1, flag=1, pid=21461, uid=10039
E/NetworkScheduler.SchedulerReceiver(17796): Invalid parameter app
E/NetworkScheduler.SchedulerReceiver(17796): Invalid package name : Perhaps you didn't include a PendingIntent in the extras?
I/python  (21431): extracting include/
I/python  (21431): extracting include/python2.7/
I/python  (21431): extracting include/python2.7/pyconfig.h
I/keystore( 1367): uid: 1000 action: e -> 7 state: 2 -> 2 retry: 4
D/SlackerRadio(21393): appwidget.SlackerAppWidgetProvider.### onReceive: context: android.app.ReceiverRestrictedContext@405323c0, intent: Intent { act=com.slacker.appwidget.SlackerAppWidgetProvider.ACTION_PACKAGE_REMOVED cmp=com.slacker.radio/com.slacker.appwidget.SlackerAppWidgetProvider }, action: com.slacker.appwidget.SlackerAppWidgetProvider.ACTION_PACKAGE_REMOVED
I/SlackerRadio(21393): appwidget.SlackerAppWidgetProvider.ACTION_PACKAGE_REMOVED
I/python  (21431): extracting lib/
I/keystore( 1367): uid: 1000 action: e -> 7 state: 2 -> 2 retry: 4
I/python  (21431): extracting lib/python27.zip
I/ActivityManager( 1483): Start proc com.google.android.googlequicksearchbox for broadcast com.google.android.googlequicksearchbox/.SourceUpdateReceiver: pid=21468 uid=10018 gids={3003}
D/dalvikvm( 1362): GC_EXPLICIT freed 11K, 48% free 2826K/5379K, external 0K/0K, paused 64ms
D/dalvikvm( 1362): GC_EXPLICIT freed <1K, 48% free 2826K/5379K, external 0K/0K, paused 83ms
D/dalvikvm( 1362): GC_EXPLICIT freed <1K, 48% free 2826K/5379K, external 0K/0K, paused 40ms
I/PackageManager( 1483):   Action: "android.intent.action.VIEW"
I/PackageManager( 1483):   Category: "android.intent.category.DEFAULT"
I/PackageManager( 1483):   Scheme: "rtsp"
I/PackageManager( 1483):   Action: "android.intent.action.VIEW"
I/PackageManager( 1483):   Category: "android.intent.category.DEFAULT"
I/PackageManager( 1483):   Category: "android.intent.category.BROWSABLE"
I/PackageManager( 1483):   Scheme: "rtsp"
I/PackageManager( 1483): Adding preferred activity ComponentInfo{com.htc.streamplayer/com.htc.streamplayer.VideoPlayerActivity}:
I/PackageManager( 1483): Adding preferred activity ComponentInfo{com.htc.streamplayer/com.htc.streamplayer.VideoPlayerActivity}:
I/keystore( 1367): uid: 1000 action: e -> 7 state: 2 -> 2 retry: 4
I/python  (21431): extracting lib/python2.7/
I/python  (21431): extracting lib/python2.7/lib-dynload/
I/python  (21431): extracting lib/python2.7/lib-dynload/_hashlib.so
D/PhoneApp( 1625): -- N2 =0
I/python  (21431): extracting lib/python2.7/lib-dynload/_io.so
I/python  (21431): extracting lib/python2.7/lib-dynload/syslog.so
I/python  (21431): extracting lib/python2.7/lib-dynload/_ctypes.so
I/python  (21431): extracting lib/python2.7/lib-dynload/unicodedata.so
I/python  (21431): extracting lib/python2.7/lib-dynload/future_builtins.so
I/python  (21431): extracting lib/python2.7/lib-dynload/_ssl.so
D/PhoneApp( 1625): -- N3 =0
I/python  (21431): extracting lib/python2.7/site-packages/
I/python  (21431): extracting lib/python2.7/site-packages/README
I/python  (21431): extracting lib/python2.7/site-packages/jnius_config.pyo
I/python  (21431): extracting lib/python2.7/site-packages/android/
I/python  (21431): extracting lib/python2.7/site-packages/android/billing.pyo
I/python  (21431): extracting lib/python2.7/site-packages/android/runnable.pyo
I/python  (21431): extracting lib/python2.7/site-packages/android/_android_billing.so
I/python  (21431): extracting lib/python2.7/site-packages/android/_android.so
I/python  (21431): extracting lib/python2.7/site-packages/android/mixer.pyo
I/python  (21431): extracting lib/python2.7/site-packages/android/__init__.pyo
I/python  (21431): extracting lib/python2.7/site-packages/android/activity.pyo
I/python  (21431): extracting lib/python2.7/site-packages/android/broadcast.pyo
I/python  (21431): extracting lib/python2.7/site-packages/android/_android_sound.so
I/python  (21431): extracting lib/python2.7/site-packages/jnius/
I/python  (21431): extracting lib/python2.7/site-packages/jnius/__init__.pyo
I/python  (21431): extracting lib/python2.7/site-packages/jnius/reflect.pyo
I/python  (21431): extracting lib/python2.7/site-packages/jnius/jnius.so
I/python  (21431): extracting lib/python2.7/site-packages/kivy/
I/python  (21431): extracting lib/python2.7/site-packages/kivy/clock.pyo
I/python  (21431): extracting lib/python2.7/site-packages/kivy/_event.pxd
I/python  (21431): extracting lib/python2.7/site-packages/kivy/interactive.pyo
I/python  (21431): extracting lib/python2.7/site-packages/kivy/animation.pyo
I/python  (21431): extracting lib/python2.7/site-packages/kivy/base.pyo
I/python  (21431): extracting lib/python2.7/site-packages/kivy/weakmethod.pyo
I/python  (21431): extracting lib/python2.7/site-packages/kivy/support.pyo
I/python  (21431): extracting lib/python2.7/site-packages/kivy/factory.pyo
I/python  (21431): extracting lib/python2.7/site-packages/kivy/geometry.pyo
I/python  (21431): extracting lib/python2.7/site-packages/kivy/setupconfig.pyo
I/python  (21431): extracting lib/python2.7/site-packages/kivy/metrics.pyo
I/python  (21431): extracting lib/python2.7/site-packages/kivy/vector.pyo
I/python  (21431): extracting lib/python2.7/site-packages/kivy/resources.pyo
I/python  (21431): extracting lib/python2.7/site-packages/kivy/logger.pyo
I/python  (21431): extracting lib/python2.7/site-packages/kivy/parser.pyo
D/dalvikvm(21431): GC_CONCURRENT freed 554K, 43% free 3918K/6791K, external 0K/0K, paused 2ms+3ms
I/python  (21431): extracting lib/python2.7/site-packages/kivy/properties.so
I/python  (21431): extracting lib/python2.7/site-packages/kivy/compat.pyo
I/python  (21431): extracting lib/python2.7/site-packages/kivy/cache.pyo
I/python  (21431): extracting lib/python2.7/site-packages/kivy/gesture.pyo
I/python  (21431): extracting lib/python2.7/site-packages/kivy/__init__.pyo
I/python  (21431): extracting lib/python2.7/site-packages/kivy/properties.pxd
I/python  (21431): extracting lib/python2.7/site-packages/kivy/event.pyo
I/python  (21431): extracting lib/python2.7/site-packages/kivy/app.pyo
I/python  (21431): extracting lib/python2.7/site-packages/kivy/atlas.pyo
I/python  (21431): extracting lib/python2.7/site-packages/kivy/weakproxy.so
I/python  (21431): extracting lib/python2.7/site-packages/kivy/lang.pyo
I/python  (21431): extracting lib/python2.7/site-packages/kivy/multistroke.pyo
I/python  (21431): extracting lib/python2.7/site-packages/kivy/utils.pyo
I/python  (21431): extracting lib/python2.7/site-packages/kivy/factory_registers.pyo
I/python  (21431): extracting lib/python2.7/site-packages/kivy/config.pyo
I/python  (21431): extracting lib/python2.7/site-packages/kivy/loader.pyo
I/python  (21431): extracting lib/python2.7/site-packages/kivy/context.pyo
I/python  (21431): extracting lib/python2.7/site-packages/kivy/_event.so
I/python  (21431): extracting lib/python2.7/site-packages/kivy/effects/
I/python  (21431): extracting lib/python2.7/site-packages/kivy/effects/scroll.pyo
I/python  (21431): extracting lib/python2.7/site-packages/kivy/effects/kinetic.pyo
I/python  (21431): extracting lib/python2.7/site-packages/kivy/effects/__init__.pyo
I/python  (21431): extracting lib/python2.7/site-packages/kivy/effects/dampedscroll.pyo
I/python  (21431): extracting lib/python2.7/site-packages/kivy/effects/opacityscroll.pyo
I/python  (21431): extracting lib/python2.7/site-packages/kivy/core/
I/python  (21431): extracting lib/python2.7/site-packages/kivy/core/__init__.pyo
I/python  (21431): extracting lib/python2.7/site-packages/kivy/core/text/
I/python  (21431): extracting lib/python2.7/site-packages/kivy/core/text/text_pygame.pyo
I/python  (21431): extracting lib/python2.7/site-packages/kivy/core/text/text_sdl2.pyo
I/python  (21431): extracting lib/python2.7/site-packages/kivy/core/text/markup.pyo
I/python  (21431): extracting lib/python2.7/site-packages/kivy/core/text/__init__.pyo
I/python  (21431): extracting lib/python2.7/site-packages/kivy/core/text/text_layout.pxd
I/python  (21431): extracting lib/python2.7/site-packages/kivy/core/text/text_pil.pyo
I/python  (21431): extracting lib/python2.7/site-packages/kivy/core/text/text_layout.so
I/python  (21431): extracting lib/python2.7/site-packages/kivy/core/window/
I/python  (21431): extracting lib/python2.7/site-packages/kivy/core/window/window_pygame.pyo
I/python  (21431): extracting lib/python2.7/site-packages/kivy/core/window/window_sdl2.pyo
I/python  (21431): extracting lib/python2.7/site-packages/kivy/core/window/__init__.pyo
D/dalvikvm(21431): GC_CONCURRENT freed 511K, 43% free 3918K/6791K, external 0K/0K, paused 2ms+2ms
I/python  (21431): extracting lib/python2.7/site-packages/kivy/core/window/window_egl_rpi.pyo
I/python  (21431): extracting lib/python2.7/site-packages/kivy/core/clipboard/
I/python  (21431): extracting lib/python2.7/site-packages/kivy/core/clipboard/clipboard_gtk3.pyo
I/python  (21431): extracting lib/python2.7/site-packages/kivy/core/clipboard/clipboard_dbusklipper.pyo
I/python  (21431): extracting lib/python2.7/site-packages/kivy/core/clipboard/clipboard_winctypes.pyo
I/python  (21431): extracting lib/python2.7/site-packages/kivy/core/clipboard/clipboard_xsel.pyo
I/python  (21431): extracting lib/python2.7/site-packages/kivy/core/clipboard/clipboard_sdl2.pyo
I/python  (21431): extracting lib/python2.7/site-packages/kivy/core/clipboard/__init__.pyo
I/python  (21431): extracting lib/python2.7/site-packages/kivy/core/clipboard/clipboard_android.pyo
I/python  (21431): extracting lib/python2.7/site-packages/kivy/core/clipboard/clipboard_nspaste.pyo
I/python  (21431): extracting lib/python2.7/site-packages/kivy/core/clipboard/clipboard_dummy.pyo
I/python  (21431): extracting lib/python2.7/site-packages/kivy/core/clipboard/clipboard_pygame.pyo
I/python  (21431): extracting lib/python2.7/site-packages/kivy/core/video/
I/python  (21431): extracting lib/python2.7/site-packages/kivy/core/video/video_ffpyplayer.pyo
I/python  (21431): extracting lib/python2.7/site-packages/kivy/core/video/video_gstplayer.pyo
I/python  (21431): extracting lib/python2.7/site-packages/kivy/core/video/__init__.pyo
I/python  (21431): extracting lib/python2.7/site-packages/kivy/core/video/video_null.pyo
I/python  (21431): extracting lib/python2.7/site-packages/kivy/core/video/video_gi.pyo
I/python  (21431): extracting lib/python2.7/site-packages/kivy/core/video/video_ffmpeg.pyo
I/python  (21431): extracting lib/python2.7/site-packages/kivy/core/video/video_pygst.pyo
I/python  (21431): extracting lib/python2.7/site-packages/kivy/core/gl/
I/python  (21431): extracting lib/python2.7/site-packages/kivy/core/gl/__init__.pyo
I/python  (21431): extracting lib/python2.7/site-packages/kivy/core/audio/
I/python  (21431): extracting lib/python2.7/site-packages/kivy/core/audio/audio_gstplayer.pyo
I/python  (21431): extracting lib/python2.7/site-packages/kivy/core/audio/audio_pygame.pyo
I/python  (21431): extracting lib/python2.7/site-packages/kivy/core/audio/audio_pygst.pyo
I/python  (21431): extracting lib/python2.7/site-packages/kivy/core/audio/audio_ffpyplayer.pyo
I/python  (21431): extracting lib/python2.7/site-packages/kivy/core/audio/__init__.pyo
I/python  (21431): extracting lib/python2.7/site-packages/kivy/core/audio/audio_gi.pyo
I/python  (21431): extracting lib/python2.7/site-packages/kivy/core/image/
I/python  (21431): extracting lib/python2.7/site-packages/kivy/core/image/img_pygame.pyo
D/PackageBroadcastService(20913): Received broadcast action=android.intent.action.PACKAGE_REMOVED and uri=org.test.myapp
I/keystore( 1367): uid: 1000 action: e -> 7 state: 2 -> 2 retry: 4
I/python  (21431): extracting lib/python2.7/site-packages/kivy/core/image/img_ffpyplayer.pyo
I/python  (21431): extracting lib/python2.7/site-packages/kivy/core/image/img_sdl2.pyo
I/python  (21431): extracting lib/python2.7/site-packages/kivy/core/image/img_dds.pyo
I/python  (21431): extracting lib/python2.7/site-packages/kivy/core/image/__init__.pyo
I/python  (21431): extracting lib/python2.7/site-packages/kivy/core/image/img_pil.pyo
I/python  (21431): extracting lib/python2.7/site-packages/kivy/core/image/img_tex.pyo
I/python  (21431): extracting lib/python2.7/site-packages/kivy/core/image/img_gif.pyo
I/python  (21431): extracting lib/python2.7/site-packages/kivy/core/spelling/
I/python  (21431): extracting lib/python2.7/site-packages/kivy/core/spelling/__init__.pyo
D/dalvikvm(21431): GC_CONCURRENT freed 514K, 43% free 3916K/6791K, external 0K/0K, paused 2ms+2ms
I/python  (21431): extracting lib/python2.7/site-packages/kivy/core/spelling/spelling_enchant.pyo
I/python  (21431): extracting lib/python2.7/site-packages/kivy/core/camera/
I/python  (21431): extracting lib/python2.7/site-packages/kivy/core/camera/camera_pygst.pyo
I/python  (21431): extracting lib/python2.7/site-packages/kivy/core/camera/camera_gi.pyo
I/python  (21431): extracting lib/python2.7/site-packages/kivy/core/camera/__init__.pyo
I/ActivityThread(21468): Pub com.google.android.googlequicksearchbox.shortcuts: com.google.android.googlequicksearchbox.WebHistoryProvider
I/python  (21431): extracting lib/python2.7/site-packages/kivy/core/camera/camera_opencv.pyo
I/python  (21431): extracting lib/python2.7/site-packages/kivy/storage/
I/python  (21431): extracting lib/python2.7/site-packages/kivy/storage/dictstore.pyo
I/python  (21431): extracting lib/python2.7/site-packages/kivy/storage/redisstore.pyo
I/python  (21431): extracting lib/python2.7/site-packages/kivy/storage/__init__.pyo
I/python  (21431): extracting lib/python2.7/site-packages/kivy/storage/jsonstore.pyo
I/python  (21431): extracting lib/python2.7/site-packages/kivy/garden/
I/python  (21431): extracting lib/python2.7/site-packages/kivy/garden/__init__.pyo
I/python  (21431): extracting lib/python2.7/site-packages/kivy/extras/
I/python  (21431): extracting lib/python2.7/site-packages/kivy/extras/highlight.pyo
I/python  (21431): extracting lib/python2.7/site-packages/kivy/extras/__init__.pyo
I/keystore( 1367): uid: 1000 action: e -> 7 state: 2 -> 2 retry: 4
I/python  (21431): extracting lib/python2.7/site-packages/kivy/uix/
I/python  (21431): extracting lib/python2.7/site-packages/kivy/uix/bubble.pyo
I/python  (21431): extracting lib/python2.7/site-packages/kivy/uix/gridlayout.pyo
I/python  (21431): extracting lib/python2.7/site-packages/kivy/uix/checkbox.pyo
I/keystore( 1367): uid: 1000 action: e -> 7 state: 2 -> 2 retry: 4
I/python  (21431): extracting lib/python2.7/site-packages/kivy/uix/abstractview.pyo
I/python  (21431): extracting lib/python2.7/site-packages/kivy/uix/scrollview.pyo
I/python  (21431): extracting lib/python2.7/site-packages/kivy/uix/togglebutton.pyo
I/ConfigService(17796): onCreate
I/keystore( 1367): uid: 1000 action: e -> 7 state: 2 -> 2 retry: 4
I/ConfigService(17796): onBind for Intent { act=com.google.android.gms.config.UPDATE pkg=com.google.android.gms } action com.google.android.gms.config.UPDATE
D/Database(17796): dbopen(): path = /data/data/com.google.android.gms/databases/config.db, flag = 6, file size = 14336
I/keystore( 1367): uid: 1000 action: e -> 7 state: 2 -> 2 retry: 4
D/Database(17796): dbopen(): path = /data/data/com.google.android.gms/databases/config.db, mode: wal, disk free size: 560 M, handle: 0x4e3af0
I/python  (21431): extracting lib/python2.7/site-packages/kivy/uix/dropdown.pyo
I/python  (21431): extracting lib/python2.7/site-packages/kivy/uix/selectableview.pyo
I/keystore( 1367): uid: 1000 action: e -> 7 state: 2 -> 2 retry: 4
D/PackageBroadcastService(20913): Received broadcast action=android.intent.action.PACKAGE_ADDED and uri=org.test.myapp
I/python  (21431): extracting lib/python2.7/site-packages/kivy/uix/label.pyo
I/python  (21431): extracting lib/python2.7/site-packages/kivy/uix/behaviors.pyo
I/python  (21431): extracting lib/python2.7/site-packages/kivy/uix/layout.pyo
I/python  (21431): extracting lib/python2.7/site-packages/kivy/uix/modalview.pyo
I/python  (21431): extracting lib/python2.7/site-packages/kivy/uix/switch.pyo
I/ConfigService(17796): onBind returning update interface
