W/ConfigFetchTask(20913): 	at org.apache.harmony.luni.internal.net.www.protocol.http.HttpURLConnectionImpl.makeConnection(HttpURLConnectionImpl.java:267)
W/ConfigFetchTask(20913): 	at org.apache.harmony.luni.internal.net.www.protocol.https.HttpsURLConnectionImpl$HttpsEngine.makeSslConnection(HttpsURLConnectionImpl.java:406)
W/ConfigFetchTask(20913): 	at org.apache.harmony.luni.internal.net.www.protocol.https.HttpsURLConnectionImpl$HttpsEngine.makeConnection(HttpsURLConnectionImpl.java:387)
W/ConfigFetchTask(20913): 	at org.apache.harmony.luni.internal.net.www.protocol.http.HttpURLConnectionImpl.connect(HttpURLConnectionImpl.java:205)
W/ConfigFetchTask(20913): 	at org.apache.harmony.luni.internal.net.www.protocol.http.HttpURLConnectionImpl.getOutputStream(HttpURLConnectionImpl.java:614)
W/ConfigFetchTask(20913): 	at org.apache.harmony.luni.internal.net.www.protocol.https.HttpsURLConnectionImpl.getOutputStream(HttpsURLConnectionImpl.java:268)
W/ConfigFetchTask(20913): 	at com.google.android.gms.config.h.a(SourceFile:119)
W/ConfigFetchTask(20913): 	at com.google.android.gms.config.h.doInBackground(SourceFile:41)
W/ConfigFetchTask(20913): 	at android.os.AsyncTask$2.call(AsyncTask.java:185)
W/ConfigFetchTask(20913): 	at java.util.concurrent.FutureTask$Sync.innerRun(FutureTask.java:306)
W/ConfigFetchTask(20913): 	at java.util.concurrent.FutureTask.run(FutureTask.java:138)
W/ConfigFetchTask(20913): 	at java.util.concurrent.ThreadPoolExecutor.runWorker(ThreadPoolExecutor.java:1088)
W/ConfigFetchTask(20913): 	at java.util.concurrent.ThreadPoolExecutor$Worker.run(ThreadPoolExecutor.java:581)
W/ConfigFetchTask(20913): 	at java.lang.Thread.run(Thread.java:1027)
I/PackageManager( 1483):   Action: "android.intent.action.VIEW"
I/PackageManager( 1483):   Category: "android.intent.category.DEFAULT"
I/PackageManager( 1483):   Category: "android.intent.category.BROWSABLE"
I/PackageManager( 1483):   Scheme: "http"
I/PackageManager( 1483):   Scheme: "https"
D/HtcAppAssociationsUtils (Dispatcher)(21372):  @@@@@ getPreferredActivity():      return package=com.android.browser/com.android.browser.BrowserActivity
D/HtcLinkifyDispatcherIntentService(21372):  @@@@@ receive package action.
I/HtcLinkifyDispatcherIntentService(21372):  @@@@@ action for package=android.intent.action.PACKAGE_ADDED
I/HtcLinkifyDispatcherIntentService(21372):  @@@@@ package name=org.test.myapp
I/HtcAppAssociationsUtils (Dispatcher)(21372):  @@@@@ getPreferredActivity(): Enter.
I/PackageManager( 1483): Adding preferred activity ComponentInfo{com.android.browser/com.android.browser.BrowserActivity}:
I/HtcAppAssociationsUtils (Dispatcher)(21372):  @@@@@ getPreferredActivity():      category=Video category
I/HtcAppAssociationsUtils (Dispatcher)(21372):  @@@@@ getPreferredActivity():      add=true
I/keystore( 1367): uid: 1000 action: e -> 7 state: 2 -> 2 retry: 4
I/ConfigFetchService(20913): fetch service done; releasing wakelock
I/ConfigFetchService(20913): stopping self
D/HtcAppAssociationsUtils (Dispatcher)(21372):  @@@@@ getPreferredActivity():      Go DB ------
I/keystore( 1367): uid: 1000 action: e -> 7 state: 2 -> 2 retry: 4
I/keystore( 1367): uid: 1000 action: e -> 7 state: 2 -> 2 retry: 4
D/dalvikvm(21372): GC_CONCURRENT freed 386K, 49% free 2897K/5639K, external 0K/0K, paused 2ms+8ms
D/dalvikvm(21372): GC_EXPLICIT freed 5K, 49% free 2891K/5639K, external 0K/0K, paused 45ms
I/keystore( 1367): uid: 1000 action: e -> 7 state: 2 -> 2 retry: 4
I/keystore( 1367): uid: 1000 action: e -> 7 state: 2 -> 2 retry: 4
I/PackageManager( 1483):   Action: "android.intent.action.VIEW"
I/PackageManager( 1483):   Category: "android.intent.category.DEFAULT"
I/PackageManager( 1483):   Scheme: "http"
I/PackageManager( 1483):   Type: "audio"
I/PackageManager( 1483):   mPriority=0, mHasPartialTypes=true
I/PackageManager( 1483): Adding preferred activity ComponentInfo{com.htc.streamplayer/com.htc.streamplayer.VideoPlayerActivity}:
I/PackageManager( 1483):   Action: "android.intent.action.VIEW"
I/PackageManager( 1483):   Category: "android.intent.category.DEFAULT"
I/PackageManager( 1483):   Category: "android.intent.category.BROWSABLE"
I/PackageManager( 1483):   Scheme: "http"
I/PackageManager( 1483):   Type: "audio"
I/PackageManager( 1483):   mPriority=0, mHasPartialTypes=true
I/keystore( 1367): uid: 1000 action: e -> 7 state: 2 -> 2 retry: 4
I/PackageManager( 1483): Adding preferred activity ComponentInfo{com.htc.streamplayer/com.htc.streamplayer.VideoPlayerActivity}:
I/PackageManager( 1483):   Action: "android.intent.action.VIEW"
I/PackageManager( 1483):   Category: "android.intent.category.DEFAULT"
I/PackageManager( 1483): Adding preferred activity ComponentInfo{com.htc.streamplayer/com.htc.streamplayer.VideoPlayerActivity}:
I/PackageManager( 1483):   Scheme: "rtsp"
I/PackageManager( 1483):   Action: "android.intent.action.VIEW"
I/PackageManager( 1483):   Category: "android.intent.category.DEFAULT"
I/PackageManager( 1483):   Category: "android.intent.category.BROWSABLE"
I/PackageManager( 1483):   Scheme: "rtsp"
I/keystore( 1367): uid: 1000 action: e -> 7 state: 2 -> 2 retry: 4
I/PackageManager( 1483): Adding preferred activity ComponentInfo{com.htc.streamplayer/com.htc.streamplayer.VideoPlayerActivity}:
I/PackageManager( 1483):   Action: "android.intent.action.VIEW"
I/PackageManager( 1483):   Category: "android.intent.category.DEFAULT"
I/PackageManager( 1483):   Scheme: "http"
I/PackageManager( 1483):   Type: "video"
I/PackageManager( 1483):   mPriority=0, mHasPartialTypes=true
I/PackageManager( 1483):   Action: "android.intent.action.VIEW"
I/PackageManager( 1483):   Category: "android.intent.category.DEFAULT"
I/PackageManager( 1483):   Category: "android.intent.category.BROWSABLE"
I/PackageManager( 1483):   Scheme: "http"
I/PackageManager( 1483): Adding preferred activity ComponentInfo{com.htc.streamplayer/com.htc.streamplayer.VideoPlayerActivity}:
I/PackageManager( 1483): Adding preferred activity ComponentInfo{com.htc.streamplayer/com.htc.streamplayer.VideoPlayerActivity}:
I/PackageManager( 1483):   Type: "video"
I/PackageManager( 1483):   mPriority=0, mHasPartialTypes=true
D/HtcAppAssociationsUtils (Dispatcher)(21372):  @@@@@ getPreferredActivity():      return package=com.htc.streamplayer/com.htc.streamplayer.VideoPlayerActivity
I/HtcAppAssociationsUtils (Dispatcher)(21372):  @@@@@ getPreferredActivity(): Enter.
I/HtcAppAssociationsUtils (Dispatcher)(21372):  @@@@@ getPreferredActivity():      category=Audio category
I/HtcAppAssociationsUtils (Dispatcher)(21372):  @@@@@ getPreferredActivity():      add=true
I/keystore( 1367): uid: 1000 action: e -> 7 state: 2 -> 2 retry: 4
D/HtcAppAssociationsUtils (Dispatcher)(21372):  @@@@@ getPreferredActivity():      Go DB ------
I/keystore( 1367): uid: 1000 action: e -> 7 state: 2 -> 2 retry: 4
I/keystore( 1367): uid: 1000 action: e -> 7 state: 2 -> 2 retry: 4
I/keystore( 1367): uid: 1000 action: e -> 7 state: 2 -> 2 retry: 4
D/Database(20913): dbopen(): path = /data/data/com.google.android.gms/databases/games_170284a2.db, flag = 6, file size = 53248
I/keystore( 1367): uid: 1000 action: e -> 7 state: 2 -> 2 retry: 4
I/Database(20913): sqlite returned: error code = 0, msg = Recovered 93 frames from WAL file /data/data/com.google.android.gms/databases/games_170284a2.db-wal
D/Database(20913): dbopen(): path = /data/data/com.google.android.gms/databases/games_170284a2.db, mode: wal, disk free size: 557 M, handle: 0x46d520
D/dalvikvm( 1483): GC_EXPLICIT freed 1394K, 32% free 9859K/14343K, external 3612K/4511K, paused 115ms
I/PackageManager( 1483):   Action: "android.intent.action.VIEW"
I/PackageManager( 1483):   Category: "android.intent.category.DEFAULT"
I/PackageManager( 1483):   Scheme: "http"
I/PackageManager( 1483):   Type: "video"
I/PackageManager( 1483):   mPriority=0, mHasPartialTypes=true
I/PackageManager( 1483):   Action: "android.intent.action.VIEW"
I/PackageManager( 1483):   Category: "android.intent.category.DEFAULT"
I/PackageManager( 1483):   Category: "android.intent.category.BROWSABLE"
I/PackageManager( 1483):   Scheme: "http"
I/PackageManager( 1483):   Type: "video"
I/PackageManager( 1483):   mPriority=0, mHasPartialTypes=true
I/PackageManager( 1483): Adding preferred activity ComponentInfo{com.htc.streamplayer/com.htc.streamplayer.VideoPlayerActivity}:
I/PackageManager( 1483): Adding preferred activity ComponentInfo{com.htc.streamplayer/com.htc.streamplayer.VideoPlayerActivity}:
I/keystore( 1367): uid: 1000 action: e -> 7 state: 2 -> 2 retry: 4
I/PackageManager( 1483):   Action: "android.intent.action.VIEW"
I/PackageManager( 1483):   Category: "android.intent.category.DEFAULT"
I/PackageManager( 1483):   Scheme: "rtsp"
I/PackageManager( 1483):   Action: "android.intent.action.VIEW"
I/PackageManager( 1483): Adding preferred activity ComponentInfo{com.htc.streamplayer/com.htc.streamplayer.VideoPlayerActivity}:
I/PackageManager( 1483): Adding preferred activity ComponentInfo{com.htc.streamplayer/com.htc.streamplayer.VideoPlayerActivity}:
I/PackageManager( 1483):   Category: "android.intent.category.DEFAULT"
I/PackageManager( 1483):   Category: "android.intent.category.BROWSABLE"
I/PackageManager( 1483):   Scheme: "rtsp"
I/keystore( 1367): uid: 1000 action: e -> 7 state: 2 -> 2 retry: 4
I/PackageManager( 1483):   Action: "android.intent.action.VIEW"
I/PackageManager( 1483):   Category: "android.intent.category.DEFAULT"
I/PackageManager( 1483):   Scheme: "http"
I/PackageManager( 1483):   Type: "audio"
I/PackageManager( 1483):   mPriority=0, mHasPartialTypes=true
I/PackageManager( 1483):   Action: "android.intent.action.VIEW"
I/PackageManager( 1483):   Category: "android.intent.category.DEFAULT"
I/PackageManager( 1483):   Category: "android.intent.category.BROWSABLE"
I/PackageManager( 1483):   Scheme: "http"
I/PackageManager( 1483):   Type: "audio"
I/PackageManager( 1483):   mPriority=0, mHasPartialTypes=true
D/HtcAppAssociationsUtils (Dispatcher)(21372):  @@@@@ getPreferredActivity():      return package=com.htc.streamplayer/com.htc.streamplayer.VideoPlayerActivity
I/HtcAppAssociationsUtils (Dispatcher)(21372):  @@@@@ getPreferredActivity(): Enter.
I/PackageManager( 1483): Adding preferred activity ComponentInfo{com.htc.streamplayer/com.htc.streamplayer.VideoPlayerActivity}:
I/PackageManager( 1483): Adding preferred activity ComponentInfo{com.htc.streamplayer/com.htc.streamplayer.VideoPlayerActivity}:
I/HtcAppAssociationsUtils (Dispatcher)(21372):  @@@@@ getPreferredActivity():      category=Stream category
I/HtcAppAssociationsUtils (Dispatcher)(21372):  @@@@@ getPreferredActivity():      add=true
I/keystore( 1367): uid: 1000 action: e -> 7 state: 2 -> 2 retry: 4
D/HtcAppAssociationsUtils (Dispatcher)(21372):  @@@@@ getPreferredActivity():      Go DB ------
I/keystore( 1367): uid: 1000 action: e -> 7 state: 2 -> 2 retry: 4
I/keystore( 1367): uid: 1000 action: e -> 7 state: 2 -> 2 retry: 4
I/keystore( 1367): uid: 1000 action: e -> 7 state: 2 -> 2 retry: 4
I/keystore( 1367): uid: 1000 action: e -> 7 state: 2 -> 2 retry: 4
I/PackageManager( 1483):   Action: "android.intent.action.VIEW"
I/PackageManager( 1483):   Category: "android.intent.category.DEFAULT"
I/PackageManager( 1483):   Scheme: "http"
I/PackageManager( 1483):   Type: "video"
I/PackageManager( 1483):   mPriority=0, mHasPartialTypes=true
I/PackageManager( 1483):   Action: "android.intent.action.VIEW"
I/PackageManager( 1483): Adding preferred activity ComponentInfo{com.htc.streamplayer/com.htc.streamplayer.VideoPlayerActivity}:
I/PackageManager( 1483): Adding preferred activity ComponentInfo{com.htc.streamplayer/com.htc.streamplayer.VideoPlayerActivity}:
I/PackageManager( 1483):   Category: "android.intent.category.DEFAULT"
I/PackageManager( 1483):   Category: "android.intent.category.BROWSABLE"
I/PackageManager( 1483):   Scheme: "http"
I/PackageManager( 1483):   Type: "video"
I/PackageManager( 1483):   mPriority=0, mHasPartialTypes=true
I/keystore( 1367): uid: 1000 action: e -> 7 state: 2 -> 2 retry: 4
I/PackageManager( 1483):   Action: "android.intent.action.VIEW"
I/PackageManager( 1483):   Category: "android.intent.category.DEFAULT"
I/PackageManager( 1483):   Scheme: "http"
I/PackageManager( 1483):   Type: "audio"
I/PackageManager( 1483):   mPriority=0, mHasPartialTypes=true
I/PackageManager( 1483):   Action: "android.intent.action.VIEW"
I/PackageManager( 1483):   Category: "android.intent.category.DEFAULT"
I/PackageManager( 1483):   Category: "android.intent.category.BROWSABLE"
I/PackageManager( 1483):   Scheme: "http"
I/PackageManager( 1483):   Type: "audio"
I/PackageManager( 1483):   mPriority=0, mHasPartialTypes=true
I/PackageManager( 1483): Adding preferred activity ComponentInfo{com.htc.streamplayer/com.htc.streamplayer.VideoPlayerActivity}:
I/PackageManager( 1483): Adding preferred activity ComponentInfo{com.htc.streamplayer/com.htc.streamplayer.VideoPlayerActivity}:
W/AlarmManager( 1483): RXTXtriggerAlarmsLocked
I/keystore( 1367): uid: 1000 action: e -> 7 state: 2 -> 2 retry: 4
I/PackageManager( 1483):   Action: "android.intent.action.VIEW"
I/PackageManager( 1483): Adding preferred activity ComponentInfo{com.htc.streamplayer/com.htc.streamplayer.VideoPlayerActivity}:
I/PackageManager( 1483):   Category: "android.intent.category.DEFAULT"
I/PackageManager( 1483):   Scheme: "rtsp"
I/PackageManager( 1483):   Action: "android.intent.action.VIEW"
I/PackageManager( 1483):   Category: "android.intent.category.DEFAULT"
I/PackageManager( 1483):   Category: "android.intent.category.BROWSABLE"
I/PackageManager( 1483):   Scheme: "rtsp"
D/HtcAppAssociationsUtils (Dispatcher)(21372):  @@@@@ getPreferredActivity():      return package=com.htc.streamplayer/com.htc.streamplayer.VideoPlayerActivity
I/HtcAppAssociationsUtils (Dispatcher)(21372):  @@@@@ getPreferredActivity(): Enter.
I/HtcAppAssociationsUtils (Dispatcher)(21372):  @@@@@ getPreferredActivity():      category=Map category
I/HtcAppAssociationsUtils (Dispatcher)(21372):  @@@@@ getPreferredActivity():      add=true
I/PackageManager( 1483): Adding preferred activity ComponentInfo{com.htc.streamplayer/com.htc.streamplayer.VideoPlayerActivity}:
I/keystore( 1367): uid: 1000 action: e -> 7 state: 2 -> 2 retry: 4
D/HtcAppAssociationsUtils (Dispatcher)(21372):  @@@@@ getPreferredActivity():      Go DB ------
I/keystore( 1367): uid: 1000 action: e -> 7 state: 2 -> 2 retry: 4
I/keystore( 1367): uid: 1000 action: e -> 7 state: 2 -> 2 retry: 4
I/keystore( 1367): uid: 1000 action: e -> 7 state: 2 -> 2 retry: 4
I/keystore( 1367): uid: 1000 action: e -> 7 state: 2 -> 2 retry: 4
I/PackageManager( 1483):   Action: "android.intent.action.VIEW"
I/PackageManager( 1483):   Category: "android.intent.category.DEFAULT"
I/PackageManager( 1483):   Scheme: "http://maps.google.com/maps?f=q&geocode=&q="
I/PackageManager( 1483):   Scheme: "http://maps.google.com/maps?q="
I/PackageManager( 1483):   Scheme: "http://maps.google.com/maps?"
I/PackageManager( 1483):   Action: "android.intent.action.VIEW"
I/PackageManager( 1483):   Category: "android.intent.category.DEFAULT"
I/PackageManager( 1483):   Category: "android.intent.category.BROWSABLE"
I/PackageManager( 1483):   Scheme: "http://maps.google.com/maps?f=q&geocode=&q="
I/PackageManager( 1483):   Scheme: "http://maps.google.com/maps?q="
I/PackageManager( 1483):   Scheme: "http://maps.google.com/maps?"
D/HtcAppAssociationsUtils (Dispatcher)(21372):  @@@@@ getPreferredActivity():      return package=com.htc.android.footprints/com.htc.laputa.lb.browser.view.LocationDetailViewActivity
I/HtcAppAssociationsUtils (Dispatcher)(21372):  @@@@@ getPreferredActivity(): Enter.
I/HtcAppAssociationsUtils (Dispatcher)(21372):  @@@@@ getPreferredActivity():      category=Location category
I/HtcAppAssociationsUtils (Dispatcher)(21372):  @@@@@ getPreferredActivity():      add=true
I/PackageManager( 1483): Adding preferred activity ComponentInfo{com.htc.android.footprints/com.htc.laputa.lb.browser.view.LocationDetailViewActivity}:
I/PackageManager( 1483): Adding preferred activity ComponentInfo{com.htc.android.footprints/com.htc.laputa.lb.browser.view.LocationDetailViewActivity}:
I/keystore( 1367): uid: 1000 action: e -> 7 state: 2 -> 2 retry: 4
D/HtcAppAssociationsUtils (Dispatcher)(21372):  @@@@@ getPreferredActivity():      Go DB ------
I/keystore( 1367): uid: 1000 action: e -> 7 state: 2 -> 2 retry: 4
I/keystore( 1367): uid: 1000 action: e -> 7 state: 2 -> 2 retry: 4
I/keystore( 1367): uid: 1000 action: e -> 7 state: 2 -> 2 retry: 4
I/keystore( 1367): uid: 1000 action: e -> 7 state: 2 -> 2 retry: 4
I/PackageManager( 1483):   Action: "android.intent.action.VIEW"
I/PackageManager( 1483):   Category: "android.intent.category.DEFAULT"
I/PackageManager( 1483):   Scheme: "geo"
I/PackageManager( 1483):   Action: "android.intent.action.VIEW"
I/PackageManager( 1483):   Category: "android.intent.category.DEFAULT"
I/PackageManager( 1483):   Category: "android.intent.category.BROWSABLE"
I/PackageManager( 1483):   Scheme: "geo"
D/HtcAppAssociationsUtils (Dispatcher)(21372):  @@@@@ getPreferredActivity():      return package=com.google.android.apps.maps/com.google.android.maps.MapsActivity
I/HtcAppAssociationsUtils (Dispatcher)(21372):  @@@@@ getPreferredActivity(): Enter.
I/HtcAppAssociationsUtils (Dispatcher)(21372):  @@@@@ getPreferredActivity():      category=Phone category
I/HtcAppAssociationsUtils (Dispatcher)(21372):  @@@@@ getPreferredActivity():      add=true
I/PackageManager( 1483): Adding preferred activity ComponentInfo{com.google.android.apps.maps/com.google.android.maps.MapsActivity}:
I/PackageManager( 1483): Adding preferred activity ComponentInfo{com.google.android.apps.maps/com.google.android.maps.MapsActivity}:
I/keystore( 1367): uid: 1000 action: e -> 7 state: 2 -> 2 retry: 4
D/HtcAppAssociationsUtils (Dispatcher)(21372):  @@@@@ getPreferredActivity():      Go DB ------
I/keystore( 1367): uid: 1000 action: e -> 7 state: 2 -> 2 retry: 4
I/keystore( 1367): uid: 1000 action: e -> 7 state: 2 -> 2 retry: 4
D/dalvikvm(21402): GC_EXPLICIT freed 95K, 46% free 2981K/5447K, external 0K/0K, paused 26ms
I/keystore( 1367): uid: 1000 action: e -> 7 state: 2 -> 2 retry: 4
I/keystore( 1367): uid: 1000 action: e -> 7 state: 2 -> 2 retry: 4
I/PackageManager( 1483):   Action: "android.intent.action.VIEW"
I/PackageManager( 1483):   Category: "android.intent.category.DEFAULT"
I/PackageManager( 1483):   Scheme: "tel"
I/PackageManager( 1483):   Action: "android.intent.action.VIEW"
I/PackageManager( 1483):   Category: "android.intent.category.DEFAULT"
I/PackageManager( 1483):   Category: "android.intent.category.BROWSABLE"
I/PackageManager( 1483):   Scheme: "tel"
I/PackageManager( 1483):   Action: "android.intent.action.DIAL"
I/PackageManager( 1483):   Category: "android.intent.category.DEFAULT"
I/PackageManager( 1483):   Scheme: "tel"
I/PackageManager( 1483):   Action: "android.intent.action.DIAL"
I/PackageManager( 1483):   Category: "android.intent.category.DEFAULT"
I/PackageManager( 1483):   Category: "android.intent.category.BROWSABLE"
I/PackageManager( 1483):   Scheme: "tel"
I/PackageManager( 1483): Adding preferred activity ComponentInfo{com.android.htcdialer/com.android.htcdialer.Dialer}:
I/PackageManager( 1483): Adding preferred activity ComponentInfo{com.android.htcdialer/com.android.htcdialer.Dialer}:
I/PackageManager( 1483): Adding preferred activity ComponentInfo{com.android.htcdialer/com.android.htcdialer.Dialer}:
I/PackageManager( 1483): Adding preferred activity ComponentInfo{com.android.htcdialer/com.android.htcdialer.Dialer}:
I/PackageManager( 1483):   Action: "android.intent.action.DIAL"
I/PackageManager( 1483):   Category: "android.intent.category.DEFAULT"
I/PackageManager( 1483):   Action: "android.intent.action.DIAL"
I/PackageManager( 1483):   Category: "android.intent.category.DEFAULT"
I/PackageManager( 1483):   Category: "android.intent.category.BROWSABLE"
D/HtcAppAssociationsUtils (Dispatcher)(21372):  @@@@@ getPreferredActivity():      return package=com.android.htcdialer/com.android.htcdialer.Dialer
I/HtcAppAssociationsUtils (Dispatcher)(21372):  @@@@@ getPreferredActivity(): Enter.
I/HtcAppAssociationsUtils (Dispatcher)(21372):  @@@@@ getPreferredActivity():      category=Mail category
I/HtcAppAssociationsUtils (Dispatcher)(21372):  @@@@@ getPreferredActivity():      add=true
I/PackageManager( 1483): Adding preferred activity ComponentInfo{com.android.htcdialer/com.android.htcdialer.Dialer}:
I/PackageManager( 1483): Adding preferred activity ComponentInfo{com.android.htcdialer/com.android.htcdialer.Dialer}:
I/keystore( 1367): uid: 1000 action: e -> 7 state: 2 -> 2 retry: 4
D/HtcAppAssociationsUtils (Dispatcher)(21372):  @@@@@ getPreferredActivity():      Go DB ------
I/keystore( 1367): uid: 1000 action: e -> 7 state: 2 -> 2 retry: 4
I/keystore( 1367): uid: 1000 action: e -> 7 state: 2 -> 2 retry: 4
I/keystore( 1367): uid: 1000 action: e -> 7 state: 2 -> 2 retry: 4
I/keystore( 1367): uid: 1000 action: e -> 7 state: 2 -> 2 retry: 4
I/PackageManager( 1483):   Action: "android.intent.action.VIEW"
I/PackageManager( 1483):   Action: "android.intent.action.SENDTO"
I/PackageManager( 1483):   Category: "android.intent.category.DEFAULT"
I/PackageManager( 1483):   Scheme: "mailto"
I/PackageManager( 1483):   Action: "android.intent.action.VIEW"
I/PackageManager( 1483):   Action: "android.intent.action.SENDTO"
I/PackageManager( 1483):   Category: "android.intent.category.DEFAULT"
I/PackageManager( 1483):   Category: "android.intent.category.BROWSABLE"
I/PackageManager( 1483):   Scheme: "mailto"
D/HtcAppAssociationsUtils (Dispatcher)(21372):  @@@@@ getPreferredActivity():      return package=com.google.android.gm/com.google.android.gm.ComposeActivityGmail
I/HtcAppAssociationsUtils (Dispatcher)(21372):  @@@@@ getPreferredActivity(): Enter.
I/HtcAppAssociationsUtils (Dispatcher)(21372):  @@@@@ getPreferredActivity():      category=Web category
I/HtcAppAssociationsUtils (Dispatcher)(21372):  @@@@@ getPreferredActivity():      add=true
I/PackageManager( 1483): Adding preferred activity ComponentInfo{com.google.android.gm/com.google.android.gm.ComposeActivityGmail}:
I/PackageManager( 1483): Adding preferred activity ComponentInfo{com.google.android.gm/com.google.android.gm.ComposeActivityGmail}:
I/keystore( 1367): uid: 1000 action: e -> 7 state: 2 -> 2 retry: 4
D/HtcAppAssociationsUtils (Dispatcher)(21372):  @@@@@ getPreferredActivity():      Go DB ------
I/keystore( 1367): uid: 1000 action: e -> 7 state: 2 -> 2 retry: 4
I/keystore( 1367): uid: 1000 action: e -> 7 state: 2 -> 2 retry: 4
I/keystore( 1367): uid: 1000 action: e -> 7 state: 2 -> 2 retry: 4
I/keystore( 1367): uid: 1000 action: e -> 7 state: 2 -> 2 retry: 4
I/PackageManager( 1483):   Action: "android.intent.action.VIEW"
I/PackageManager( 1483):   Category: "android.intent.category.DEFAULT"
I/PackageManager( 1483):   Category: "android.intent.category.BROWSABLE"
I/PackageManager( 1483):   Scheme: "http"
I/PackageManager( 1483):   Scheme: "https"
D/HtcAppAssociationsUtils (Dispatcher)(21372):  @@@@@ getPreferredActivity():      return package=com.android.browser/com.android.browser.BrowserActivity
I/PackageManager( 1483): Adding preferred activity ComponentInfo{com.android.browser/com.android.browser.BrowserActivity}:
W/Addapter( 1647): info.icon:2130838014
W/Addapter( 1647): info.icon:2130838077
W/Addapter( 1647): info.icon:2130837547
W/Addapter( 1647): info.icon:2130837552
W/Addapter( 1647): info.icon:2130837529
W/Addapter( 1647): info.icon:2130837513
W/Addapter( 1647): info.icon:2130837504
W/Addapter( 1647): info.icon:2130837508
W/Addapter( 1647): info.icon:2130903045
W/Addapter( 1647): info.icon:2130837522
W/Addapter( 1647): info.icon:2130903041
W/Addapter( 1647): info.icon:2130838014
W/Addapter( 1647): info.icon:2130838077
W/Addapter( 1647): info.icon:2130837547
W/Addapter( 1647): info.icon:2130837552
W/Addapter( 1647): info.icon:2130837529
W/Addapter( 1647): info.icon:2130837513
W/Addapter( 1647): info.icon:2130837504
W/Addapter( 1647): info.icon:2130837508
W/Addapter( 1647): info.icon:2130903045
W/Addapter( 1647): info.icon:2130837522
W/Addapter( 1647): info.icon:2130903041
D/skia    ( 1647): purging 74K from font cache [9 entries]
D/dalvikvm( 1647): GC_EXPLICIT freed 576K, 50% free 4536K/8967K, external 22916K/23299K, paused 115ms
D/KeyguardViewMediator( 1483): wakeWhenReadyLocked(26)
I/power   ( 1483): *** set_screen_state 1
D/PowerManagerService( 1483): setScreenStateLocked++, on: true, err: 0
D/SensorService( 1483): enable: get sensor name = CM3602 Light sensor
D/SensorService( 1483): pid=1483, uid=1000
D/PowerManagerService( 1483): button light setOrientation:-1
D/lights  ( 1483): set_light_buttons_func: on=16777215 brightness=255
D/PowerManagerService( 1483): New lightsensor value:160, lcdValue:83
D/PowerManagerService( 1483): lightSensorChangedLocked, buttonValue >= 0, mPowerState = 3
D/lights  ( 1483): set_light_buttons_func: on=5066061 brightness=77
D/lights  ( 1483): set_light_buttons_func: on=5066061 brightness=77
D/PowerManagerService( 1483): setPenMenuButtonLed: 2
D/PowerManagerService( 1483): setPenMenuButtonLed: 2
D/AlarmManager( 1483): ACTION_SCREEN_ON
W/InputManagerService( 1483): Receive : Intent.ACTION_SCREEN_ON
W/InputManagerService( 1483): Enable input method client.
D/DATA    ( 1625): [QCTMM]setEnablePoll   this.enablePoll=false
D/DATA    ( 1625): [QCTMM]isEnablePoll   enablePoll=false
D/MMDCT   ( 1625):  ======= check any DC connected ======= 
D/MMDCT   ( 1625): DC-0: state=DcInactiveState if=null ip=null ipv=null
D/MMDCT   ( 1625): DC-1: state=DcInactiveState if=null ip=null ipv=null
D/MMDCT   ( 1625): DC-2: state=DcInactiveState if=null ip=null ipv=null
D/MMDCT   ( 1625): DC-3: state=DcInactiveState if=null ip=null ipv=null
D/MMDCT   ( 1625): DC-4: state=DcInactiveState if=null ip=null ipv=null
D/MMDCT   ( 1625): DC-5: state=DcInactiveState if=null ip=null ipv=null
D/MMDCT   ( 1625): DC-6: state=DcInactiveState if=null ip=null ipv=null
D/MMDCT   ( 1625): DC-7: state=DcInactiveState if=null ip=null ipv=null
D/MMDCT   ( 1625): ifAnyConnected ret=false
D/MMDCT   ( 1625): tryEnableSuperPowerSaving: false, isPowerSavingOn: false, isMobileDataOn: false, isScreenOn: true, mIsCharging: true
D/SurfaceFlinger( 1483): Screen about to return, flinger = 0xb1148
I/keystore( 1367): uid: 1000 action: e -> 7 state: 2 -> 2 retry: 4
I/MMDCT   ( 1625): EVENT_ERI_UPDATE
I/MMDCT   ( 1625): EriUpdate.eri_id=64,mEriIndicator=64
D/HtcCdmaPhoneApp( 1625): eri_id = 64 home or roaming = VZW_HOME_NETWORK
V/HtcCdmaGloableRoamingUtil( 1625): localGetGlobalRoamingOption:0
D/HtcCdmaGloableRoamingUtil( 1625): getNeedShowRoamingOption():true
D/HtcCdmaGloableRoamingUtil( 1625): getNeedAutoSetDeny():true
D/StatusBarPolicy(20908): iconIndex=1
V/StatusBarPolicy(20908): cdmaLevel:1;max:5
D/StatusBarPolicy(20908): for VZW, cdmaLevel+1, cdmaLevel= 2
D/StatusBarPolicy(20908): iconLevel:2
D/HtcNBPCDUtil( 1625): EVENT_NBPCD_INFO
D/Database(17796): dbclose(): path = /data/data/com.google.android.gms/databases/config.db, handle = 0x4e3af0
I/ConfigService(17796): onDestroy
D/HtcLockScreen2.0( 1483): HtcLockScreen: touch action:0
W/dalvikvm( 1483): disableGcForExternalAlloc: false
V/DeviceStorageMonitorService( 1483): freeMemory=584278016
D/DeviceStorageMonitorService( 1483): OoO SMS Memory available. SMS_AVAILABLE_THRESHOLD == 524288
I/DeviceStorageMonitorService( 1483): Posting Message again
D/HtcLockScreen2.0( 1483): HtcLockScreen: touch action:1
D/HtcLockScreen2.0( 1483): HtcLockScreen: touch ACTION_UP
D/HtcLockScreen2.0( 1483): HtcLockScreen: unlock condition true
W/dalvikvm( 1483): disableGcForExternalAlloc: true
D/HtcLockScreen2.0( 1483): HtcLockScreen: unlock animationn done
W/dalvikvm( 1483): disableGcForExternalAlloc: false
W/dalvikvm( 1483): disableGcForExternalAlloc: false
W/dalvikvm( 1483): disableGcForExternalAlloc: false
D/HtcLockScreen2.0( 1483): HtcLockScreen: onScreenPause
D/KeyguardViewManager( 1483): hide()
D/StatusBarManagerService( 1483): disable what =0, token = android.os.Binder@408bd448, pkg = android, mBar = com.android.internal.statusbar.IStatusBar$Stub$Proxy@40d823a8
D/SensorService( 1483): enable: get sensor name = BMA150 3-axis Accelerometer
D/Sensors ( 1483): Enable akm: en = 1
D/SensorService( 1483): pid=1483, uid=1000
D/lights  ( 1483): set_light_buttons_func: on=0 brightness=0
D/lights  ( 1483): set_light_buttons_func: on=5066061 brightness=77
I/WindowManager( 1483): Setting rotation to 1, animFlags=1
D/PowerManagerService( 1483): button light setOrientation:1
I/SurfaceFlinger( 1483): SurfaceFlinger::setOrientation
D/AK8975  ( 1371): Compass Start
D/Twitter-MessageReceiver(20932): action android.intent.action.USER_PRESENT
I/keystore( 1367): uid: 1000 action: e -> 7 state: 2 -> 2 retry: 4
D/PowerManagerService( 1483): setPenMenuButtonLed: 2
I/ActivityManager( 1483): Config changed: { scale=1.0 imsi=310/12 loc=en_US touch=3 keys=1/1/2 nav=1/1 orien=2 layout=34 uiMode=17 seq=52 skin=com.htc.skin.Slate}
D/SyncProvider(20932): match settings
D/FacebookReceiver(20932): Intent.ACTION_USER_PRESENT SyncInterval=3600000,currTime=1438012288215
D/FacebookReceiver(20932): Intent.ACTION_USER_PRESENT lastStreamSyncTime=1438012288221,lastFriendSyncTime=1438012288221
E/NotificationService( 1483): adbEnabled = false
W/HtcLockScreen2.0( 1483): HtcLockScreen: onWindowFocusChanged bFocus:false
D/lights  ( 1483): [LedInfo] write attr ok name=/sys/class/leds/amber/brightness string=1,len=1
V/NotificationService( 1483): Charging...
D/lights  ( 1483): [LedInfo] write attr ok name=/sys/class/leds/amber/blink string=0,len=1
D/lights  ( 1483): [LedInfo] write attr ok name=/sys/class/leds/amber/off_timer string=0 0,len=3
D/lights  ( 1483): [LedInfo] write attr ok name=/sys/class/leds/green/brightness string=0,len=1
D/lights  ( 1483): [LedInfo] write attr ok name=/sys/class/leds/green/blink string=0,len=1
D/lights  ( 1483): [LedInfo] write attr ok name=/sys/class/leds/green/off_timer string=0 0,len=3
D/NotificationService( 1483): cancelNotification, ACTION_NOTIFICATION_REMOVE,pkg=android,id=17040243
E/NotificationService( 1483): adbEnabled = true
D/SyncProvider(20932): match settings
W/InputManagerService( 1483): [unbindCurrentClientLocked] Disable input method client.
W/InputManagerService( 1483): [startInputLocked] Enable input method client.
D/FlickrReceiver(20932): Intent.ACTION_USER_PRESENT SyncInterval=3600000,currTime=1438012288360
D/FlickrReceiver(20932): Intent.ACTION_USER_PRESENT lastStreamSyncTime=1438012288379,lastFriendSyncTime=1438012288379
I/keystore( 1367): uid: 1000 action: e -> 7 state: 2 -> 2 retry: 4
I/ActivityManager( 1483): Start proc com.android.htccontacts for broadcast com.android.htccontacts/.HtcContactBroadcastReceiver: pid=21497 uid=10007 gids={3003, 1015}
D/libEGL  (21431): loaded /system/lib/egl/libGLES_android.so
D/libEGL  (21431): loaded /system/lib/egl/libEGL_adreno200.so
D/libEGL  (21431): loaded /system/lib/egl/libGLESv1_CM_adreno200.so
D/libEGL  (21431): loaded /system/lib/egl/libGLESv2_adreno200.so
I/SDLSurface(21431): Choose egl configuration
I/SDLSurface(21431): Try to use graphics config R8G8B8A8S8
W/SDLSurface(21431): Create egl surface
I/libSDL  (21431): Physical screen resolution is 800x480
W/dalvikvm(21497): Refusing to reopen boot DEX '/system/framework/com.htc.android.pimlib.jar'
D/dalvikvm(21431): GC_CONCURRENT freed 1434K, 58% free 2869K/6791K, external 0K/0K, paused 1ms+10ms
D/dalvikvm(21431): GC_EXTERNAL_ALLOC freed 0K, 58% free 2869K/6791K, external 0K/0K, paused 53ms
V/PeopleApp(21497): PeopleApp constructed: com.android.htccontacts.PeopleApp@40536ce0
I/ActivityThread(21497): Pub com.android.htccontacts.TabProvider: com.android.htccontacts.TabProvider
I/keystore( 1367): uid: 1000 action: e -> 7 state: 2 -> 2 retry: 4
D/dalvikvm(21497): GC_EXTERNAL_ALLOC freed 75K, 47% free 2904K/5379K, external 0K/0K, paused 85ms
I/libSDL  (21431): Physical screen resolution is 800x480
I/python  (21431): Initialize Python for Android
D/dalvikvm(21497): GC_CONCURRENT freed 260K, 46% free 3062K/5639K, external 20K/532K, paused 3ms+11ms
V/PeopleApp(21497): PeopleApp created done: com.android.htccontacts.PeopleApp@40536ce0
I/PeopleApp(21497): Preload all people cursor with - displayOnlyPhones: false
I/python  (21431): ['/data/data/org.test.myapp/files/lib/python2.7/site-packages', '/data/data/org.test.myapp/files/lib/site-python']
I/python  (21431): Android path ['/data/data/org.test.myapp/files/lib/python27.zip', '/data/data/org.test.myapp/files/lib/python2.7', '/data/data/org.test.myapp/files/lib/python2.7/lib-dynload', '/data/data/org.test.myapp/files/lib/python2.7/site-packages', '/data/data/org.test.myapp/files', '/data/data/org.test.myapp/files/_applibs']
I/python  (21431): Android kivy bootstrap done. __name__ is __main__
I/python  (21431): Run user program, change dir and execute main.py
I/keystore( 1367): uid: 1000 action: e -> 7 state: 2 -> 2 retry: 4
V/ContactsProvider( 1631): inner query: SELECT SUBSTR(sort_key,1,1) AS letter, GET_PHONEBOOK_INDEX(SUBSTR(sort_key,1,1),'en_US') AS title, COUNT(_id) AS count FROM ( SELECT contacts._id AS _id, contacts.display_name AS display_name, contacts.starred AS starred, contacts.custom_ringtone AS custom_ringtone, contacts.send_to_voicemail AS send_to_voicemail, contacts.times_contacted AS times_contacted, contacts.last_time_contacted AS last_time_contacted, contacts.lookup AS lookup, contacts.has_phone_number AS has_phone_number, contacts.photo_id AS photo_id, contacts.in_visible_group AS in_visible_group, contacts.single_is_restricted AS single_is_restricted, contacts.status_update_id AS status_update_id, contacts.ext_account_Type AS ext_account_Type, contacts.ext_photo_url AS ext_photo_url, contacts.default_action AS default_action , phonetic_name , sort_key , sort_key_alt , contacts.vip AS vip , single_is_restricted, NULL AS data1, NULL AS data2, NULL AS data3, NULL AS display_title , NULL AS mimetype  FROM contacts JOIN raw_contacts ON (name_raw_contact_id= raw_contacts._id )) WHERE (  ( ext_account_Type <> 'com.htc.socialnetwork.flickr' )  AND ( ext_account_Type <> 'com.htc.htctwitter' AND ext_account_Type <> 'com.htc.socialnetwork.plurk' AND ext_account_Type <> 'com.twitter.android.auth.login' )   AND  ( ext_account_Type <> 'DeviceOnly' ) ) GROUP BY letter COLLATE PHONEBOOK ORDER BY letter COLLATE PHONEBOOK ASC 
I/python  (21431): [WARNING           ] [Config      ] Older configuration version detected (0 instead of 13)
I/python  (21431): [WARNING           ] [Config      ] Upgrading configuration in progress.
I/python  (21431): [INFO              ] [Logger      ] Record log in /data/data/org.test.myapp/files/.kivy/logs/kivy_15-07-27_0.txt
I/python  (21431): [INFO              ] [Kivy        ] v1.9.0
I/python  (21431): [INFO              ] [Python      ] v2.7.2 (default, Jul 27 2015, 01:03:32) 
I/python  (21431): [GCC 4.8]
I/python  (21431):  Traceback (most recent call last):
I/python  (21431):    File "/home/elliot/projects/pathfinder/kivy/.buildozer/android/app/main.py", line 3, in <module>
I/python  (21431):    File "/home/elliot/projects/pathfinder/kivy/.buildozer/android/platform/python-for-android/build/python-install/lib/python2.7/site-packages/kivy/support.py", line 164, in install_twisted_reactor
I/python  (21431):  ImportError: No module named twisted
I/python  (21431): Python for android ended.
V/PERFORMANCE_TRACE( 1631): bundleLetterCountExtras query: content://com.android.contacts/strong_query_contacts?address_book_index_extras=true&limit=2000   timer:  146
I/ActivityManager( 1483): Process org.test.myapp:python (pid 21431) has died.
I/WindowManager( 1483): WIN DEATH: Window{40a47db8 SurfaceView paused=false}
I/WindowManager( 1483): WIN DEATH: Window{40a19418 org.test.myapp/org.renpy.android.PythonActivity paused=false}
E/ActivityManager( 1483): fail to set top app changed!
D/SensorService( 1483): disable: get sensor name = BMA150 3-axis Accelerometer
D/Sensors ( 1483): Enable akm: en = 0
D/SensorService( 1483): pid=1483, uid=1000
D/dalvikvm( 1483): GC_EXPLICIT freed 1132K, 32% free 9798K/14343K, external 3684K/4511K, paused 99ms
D/lights  ( 1483): set_light_buttons_func: on=0 brightness=0
D/lights  ( 1483): set_light_buttons_func: on=5066061 brightness=77
I/SurfaceFlinger( 1483): SurfaceFlinger::setOrientation
I/WindowManager( 1483): Setting rotation to 0, animFlags=1
D/PowerManagerService( 1483): button light setOrientation:0
D/PowerManagerService( 1483): setPenMenuButtonLed: 2
I/ActivityManager( 1483): Config changed: { scale=1.0 imsi=310/12 loc=en_US touch=3 keys=1/1/2 nav=1/1 orien=1 layout=34 uiMode=17 seq=53 skin=com.htc.skin.Slate}
E/NotificationService( 1483): adbEnabled = false
D/lights  ( 1483): [LedInfo] write attr ok name=/sys/class/leds/amber/brightness string=1,len=1
D/lights  ( 1483): [LedInfo] write attr ok name=/sys/class/leds/amber/blink string=0,len=1
D/lights  ( 1483): [LedInfo] write attr ok name=/sys/class/leds/amber/off_timer string=0 0,len=3
D/lights  ( 1483): [LedInfo] write attr ok name=/sys/class/leds/green/brightness string=0,len=1
V/NotificationService( 1483): Charging...
I/CarouselTimeLog( 1647): onStart() finish: 1438012290076
D/lights  ( 1483): [LedInfo] write attr ok name=/sys/class/leds/green/blink string=0,len=1
D/lights  ( 1483): [LedInfo] write attr ok name=/sys/class/leds/green/off_timer string=0 0,len=3
E/NotificationService( 1483): adbEnabled = true
D/NotificationService( 1483): cancelNotification, ACTION_NOTIFICATION_REMOVE,pkg=android,id=17040243
D/CarouselDummyActivity( 1647): CarouselDummyActivity.onResume: tab_allapps
D/William ( 1647): - refreshUsageStatCache -
D/AK8975  ( 1371): Compass CLOSE 
D/CarouselWidget( 1647): onLayout()
D/dalvikvm(20908): GC_EXTERNAL_ALLOC freed 144K, 44% free 3507K/6215K, external 3469K/3544K, paused 80ms
D/InputManagerService( 1483): Got RemoteException sending setActive(false) notification to pid 21431 uid 10131
D/PowerManagerService( 1483): New lightsensor value:225, lcdValue:116
W/InputManagerService( 1483): [startInputLocked] Enable input method client.
D/CarouselWidget( 1647): onLayout()
I/keystore( 1367): uid: 1000 action: e -> 7 state: 2 -> 2 retry: 4
D/CarouselWidget( 1647): onLayout()
D/dalvikvm(20918): GC_CONCURRENT freed 34K, 46% free 4378K/8071K, external 0K/0K, paused 2ms+2ms
D/dalvikvm(20918): GC_CONCURRENT freed 281K, 45% free 4502K/8071K, external 0K/0K, paused 3ms+31ms
D/Finsky  (20918): [23] AppStatesReplicator.handleContentSyncResponse: Completed 0 account content syncs with 0 successful.
D/Finsky  (20918): [1] 5.onFinished: Installation state replication succeeded.
I/power   ( 1483): *** set_screen_state 0
D/PowerManagerService( 1483): setScreenStateLocked++, on: false, err: 0
D/SensorService( 1483): disable: get sensor name = CM3602 Light sensor
D/SensorService( 1483): pid=1483, uid=1000
D/PowerManagerService( 1483): setScreenStateLocked, turn off the button light 
D/lights  ( 1483): set_light_buttons_func: on=0 brightness=0
D/lights  ( 1483): set_light_buttons_func: on=0 brightness=0
V/KeyguardViewMediator( 1483): password timeout now
D/KeyguardViewManager( 1483): show(); mKeyguardView==com.android.internal.policy.impl.LockPatternKeyguardView@409cf4c8
D/HtcLockScreen( 1483): createPatternUnlockScreen() ...
D/HtcLockScreen( 1483): packageInfo - PackageInfo{40ca4668 com.htc.lockscreen}
D/SurfaceFlinger( 1483): About to give-up screen, flinger = 0xb1148
D/HtcLockScreen2.0( 1483): UnlockScreen: UnlockScreen() ctor: totalFailedAttempts=0, mFailedPat...=0
D/AlarmManager( 1483): ACTION_SCREEN_OFF
W/InputManagerService( 1483): Receive : Intent.ACTION_SCREEN_OFF
W/InputManagerService( 1483): Disable input method client.
D/HtcLockScreen2.0( 1483): UnlockScreen: setEnableFallback(true)
D/HtcLockScreen2.0( 1483): HtcLockScreen: onScreenRestart
I/keystore( 1367): uid: 1000 action: e -> 7 state: 2 -> 2 retry: 4
I/keystore( 1367): uid: 1000 action: e -> 7 state: 2 -> 2 retry: 4
D/StatusBarManagerService( 1483): disable what =1, token = android.os.Binder@408bd448, pkg = android, mBar = com.android.internal.statusbar.IStatusBar$Stub$Proxy@40d823a8
D/ContactMessageStore( 1625): start background delete task...
W/HtcLockScreen2.0( 1483): HtcLockScreen: onWindowFocusChanged bFocus:true
D/DATA    ( 1625): [QCTMM]setEnablePoll   this.enablePoll=false
D/DATA    ( 1625): [QCTMM]isEnablePoll   enablePoll=false
D/MMDCT   ( 1625):  ======= check any DC connected ======= 
D/MMDCT   ( 1625): DC-0: state=DcInactiveState if=null ip=null ipv=null
D/MMDCT   ( 1625): DC-1: state=DcInactiveState if=null ip=null ipv=null
D/MMDCT   ( 1625): DC-2: state=DcInactiveState if=null ip=null ipv=null
D/MMDCT   ( 1625): DC-3: state=DcInactiveState if=null ip=null ipv=null
D/MMDCT   ( 1625): DC-4: state=DcInactiveState if=null ip=null ipv=null
D/MMDCT   ( 1625): DC-5: state=DcInactiveState if=null ip=null ipv=null
D/MMDCT   ( 1625): DC-6: state=DcInactiveState if=null ip=null ipv=null
D/MMDCT   ( 1625): DC-7: state=DcInactiveState if=null ip=null ipv=null
D/MMDCT   ( 1625): ifAnyConnected ret=false
D/MMDCT   ( 1625): tryEnableSuperPowerSaving: true, isPowerSavingOn: false, isMobileDataOn: false, isScreenOn: false, mIsCharging: true
D/Background traffic light( 1647): traffic light: GREEN, mBackgroundTrafficLight = true
W/dalvikvm( 1647): disableGcForExternalAlloc: false
D/AutoSetting(20922): service - mHandler: cancel location update
D/AutoSetting(20922): service -           changes count: 0
I/keystore( 1367): uid: 1000 action: e -> 7 state: 2 -> 2 retry: 4
D/StatusBarPolicy(20908): iconIndex=1
V/StatusBarPolicy(20908): cdmaLevel:1;max:5
D/StatusBarPolicy(20908): for VZW, cdmaLevel+1, cdmaLevel= 2
D/StatusBarPolicy(20908): iconLevel:2
D/ContactMessageStore( 1625): size: 0 , 0
D/dalvikvm( 1483): GC_EXPLICIT freed 317K, 32% free 9756K/14343K, external 3952K/4511K, paused 163ms
D/ContactMessageStore( 1625): Background delete complete
