--------- beginning of /dev/log/system
I/ActivityManager( 1483): Start proc com.google.android.gm for broadcast com.google.android.gm/.downloadprovider.DownloadReceiver: pid=20862 uid=10034 gids={3003, 1015}
I/ActivityManager( 1483): Start proc com.skype.android.verizon for broadcast com.skype.android.verizon/.receiver.ConnectivityReceiver: pid=20870 uid=10068 gids={3003, 1015}
D/StatusBarManagerService( 1483): disable what =1, token = android.os.Binder@408bd448, pkg = android, mBar = com.android.internal.statusbar.IStatusBar$Stub$Proxy@40b60708
I/ActivityManager( 1483): Starting activity: Intent { act=android.intent.action.MAIN cat=[android.intent.category.HOME] flg=0x10000000 cmp=com.htc.launcher/.Launcher } from pid 1483
I/WifiService( 1483): Quickboot - Intent received: ACTION_QUICKBOOT_POWEROFF
D/StatusBarManagerService( 1483): disable what =0, token = android.os.Binder@408bd448, pkg = android, mBar = com.android.internal.statusbar.IStatusBar$Stub$Proxy@40b60708
W/VoldCmdListener( 1357): volume shared /mnt/sdcard ums
D/NotificationService( 1483): mIntentReceiver() Intent.ACTION_QUICKBOOT_POWEROFF
V/NotificationService( 1483): dual Led off
D/HtcCdmaStatusBar(18534): receiver intent, aciton:android.intent.action.QUICKBOOT_POWEROFF
D/HtcCdmaStatusBar(18534): OoO save gpsone pre-status(3
D/StatusBarPolicy(18534): iconIndex=1
V/StatusBarPolicy(18534): cdmaLevel:-1;max:5
D/StatusBarPolicy(18534): cdmaLevel < 0, assign cdmaLevel= -1
D/StatusBarPolicy(18534): iconLevel:-1
D/StatusBarPolicy(18534): iconIndex=1
V/StatusBarPolicy(18534): cdmaLevel:-1;max:5
D/StatusBarPolicy(18534): cdmaLevel < 0, assign cdmaLevel= -1
D/StatusBarPolicy(18534): iconLevel:-1
W/CarrierLabel(18534): updateNetworkNameExt: mSimState = UNKNOWN
V/CarrierLabel(18534): Cdma ROAMING_INDICATOR_OFF, removing ERI icon
D/StatusBarPolicy(18534): hasService()=false ,mDataState=0 ,mPhone.htcModemLinkOn()=false ,mDataActivity=0
D/StatusBarPolicy(18534): slotType[0]=NV
D/StatusBarPolicy(18534): hasService()=false ,mDataState=0 ,mPhone.htcModemLinkOn()=false ,mDataActivity=0
D/StatusBarPolicy(18534): slotType[0]=NV
I/WindowManager( 1483): WINDOW DIED Window{40abf768 InputMethod paused=false}
I/WindowManager( 1483): WINDOW DIED Window{4055b0a8 StatusBar paused=false}
I/WindowManager( 1483): WINDOW DIED Window{40560558 TrackingView paused=false}
I/WindowManager( 1483): WINDOW DIED Window{40ac9ab8 StatusBarExpanded paused=false}
I/WindowManager( 1483): WIN DEATH: Window{4055b0a8 StatusBar paused=false}
D/TelephonyRegistry( 1483): [QCTMM] notifyDataConnectionLTE
D/TelephonyRegistry( 1483): [QCTMM] to phonelistener anyDataConnectionState=0,tech=6
D/TelephonyRegistry( 1483): [QCTMM] r.callback.onDataConnectionStateChanged anyDataConnectionState=0,networkType=6
D/TelephonyRegistry( 1483): [QCTMM] r.callback.onDataConnectionStateChanged anyDataConnectionState=0,networkType=6
D/TelephonyRegistry( 1483): [QCTMM] r.callback.onDataConnectionStateChanged anyDataConnectionState=0,networkType=6
D/TelephonyRegistry( 1483): [QCTMM] r.callback.onDataConnectionStateChanged anyDataConnectionState=0,networkType=6
D/TelephonyRegistry( 1483): [QCTMM] r.callback.onDataConnectionStateChanged anyDataConnectionState=0,networkType=6
D/TelephonyRegistry( 1483): [QCTMM]broadcastDataConnectionStateChangedLTE() ++  anyDataConnectionState=0 apnType=default ipVersion=IPV4, state=0apn=null interfaceName=null isDataConnectivityPossible= false reason= radioTechnologyChanged ipAddress=null gwAddress=null
D/TelephonyRegistry( 1483): [QCTMM][BCST]---------------
D/TelephonyRegistry( 1483): [QCTMM][BCST] STATE_CHANGE_REASON_KEY(reason)=radioTechnologyChanged
D/TelephonyRegistry( 1483): [QCTMM][BCST] DATA_APN_KEY(apn)=null,DATA_APN_TYPES_KEY=default
D/TelephonyRegistry( 1483): [QCTMM][BCST] STATE_KEY(state) we made v4/v6 =DISCONNECTED
D/TelephonyRegistry( 1483): [QCTMM][BCST] DATA_APN_TYPE_STATE(state) we made v4/v6 =DISCONNECTED
D/TelephonyRegistry( 1483): [QCTMM][BCST] DATA_IPVERSION_REAL_STATE_KEY(realipstate)=DISCONNECTED,ipVersion=IPV4
D/TelephonyRegistry( 1483): [QCTMM][BCST] ---------------
D/TelephonyRegistry( 1483): [QCTMM]broadcastDataConnectionStateChangedLTE()  -- anyDataConnectionState=0 state=DISCONNECTED apnType=default, interfaceName=null apn[]= null ipAddress=null gwAddress=null
W/InputManagerService( 1483): Session failed to close due to remote exception
W/InputManagerService( 1483): android.os.DeadObjectException
W/InputManagerService( 1483): 	at android.os.BinderProxy.transact(Native Method)
W/InputManagerService( 1483): 	at com.android.internal.view.IInputMethodSession$Stub$Proxy.finishSession(IInputMethodSession.java:346)
W/InputManagerService( 1483): 	at com.android.server.InputMethodManagerService.finishSession(InputMethodManagerService.java:901)
W/InputManagerService( 1483): 	at com.android.server.InputMethodManagerService.clearCurMethodLocked(InputMethodManagerService.java:912)
W/InputManagerService( 1483): 	at com.android.server.InputMethodManagerService.onServiceDisconnected(InputMethodManagerService.java:929)
W/InputManagerService( 1483): 	at android.app.LoadedApk$ServiceDispatcher.doDeath(LoadedApk.java:1112)
W/InputManagerService( 1483): 	at android.app.LoadedApk$ServiceDispatcher$RunConnection.run(LoadedApk.java:1126)
W/InputManagerService( 1483): 	at android.os.Handler.handleCallback(Handler.java:587)
W/InputManagerService( 1483): 	at android.os.Handler.dispatchMessage(Handler.java:92)
W/InputManagerService( 1483): 	at android.os.Looper.loop(Looper.java:150)
W/InputManagerService( 1483): 	at com.android.server.ServerThread.run(SystemServer.java:791)
W/InputManagerService( 1483): Session failed to close due to remote exception
W/InputManagerService( 1483): android.os.DeadObjectException
W/InputManagerService( 1483): 	at android.os.BinderProxy.transact(Native Method)
W/InputManagerService( 1483): 	at com.android.internal.view.IInputMethodSession$Stub$Proxy.finishSession(IInputMethodSession.java:346)
W/InputManagerService( 1483): 	at com.android.server.InputMethodManagerService.finishSession(InputMethodManagerService.java:901)
W/InputManagerService( 1483): 	at com.android.server.InputMethodManagerService.clearCurMethodLocked(InputMethodManagerService.java:912)
W/InputManagerService( 1483): 	at com.android.server.InputMethodManagerService.onServiceDisconnected(InputMethodManagerService.java:929)
W/InputManagerService( 1483): 	at android.app.LoadedApk$ServiceDispatcher.doDeath(LoadedApk.java:1112)
W/InputManagerService( 1483): 	at android.app.LoadedApk$ServiceDispatcher$RunConnection.run(LoadedApk.java:1126)
W/InputManagerService( 1483): 	at android.os.Handler.handleCallback(Handler.java:587)
W/InputManagerService( 1483): 	at android.os.Handler.dispatchMessage(Handler.java:92)
W/InputManagerService( 1483): 	at android.os.Looper.loop(Looper.java:150)
W/InputManagerService( 1483): 	at com.android.server.ServerThread.run(SystemServer.java:791)
W/InputManagerService( 1483): Session failed to close due to remote exception
W/InputManagerService( 1483): android.os.DeadObjectException
W/InputManagerService( 1483): 	at android.os.BinderProxy.transact(Native Method)
W/InputManagerService( 1483): 	at com.android.internal.view.IInputMethodSession$Stub$Proxy.finishSession(IInputMethodSession.java:346)
W/InputManagerService( 1483): 	at com.android.server.InputMethodManagerService.finishSession(InputMethodManagerService.java:901)
W/InputManagerService( 1483): 	at com.android.server.InputMethodManagerService.clearCurMethodLocked(InputMethodManagerService.java:912)
W/InputManagerService( 1483): 	at com.android.server.InputMethodManagerService.onServiceDisconnected(InputMethodManagerService.java:929)
W/InputManagerService( 1483): 	at android.app.LoadedApk$ServiceDispatcher.doDeath(LoadedApk.java:1112)
W/InputManagerService( 1483): 	at android.app.LoadedApk$ServiceDispatcher$RunConnection.run(LoadedApk.java:1126)
W/InputManagerService( 1483): 	at android.os.Handler.handleCallback(Handler.java:587)
W/InputManagerService( 1483): 	at android.os.Handler.dispatchMessage(Handler.java:92)
W/InputManagerService( 1483): 	at android.os.Looper.loop(Looper.java:150)
W/InputManagerService( 1483): 	at com.android.server.ServerThread.run(SystemServer.java:791)
W/InputManagerService( 1483): Session failed to close due to remote exception
W/InputManagerService( 1483): android.os.DeadObjectException
W/InputManagerService( 1483): 	at android.os.BinderProxy.transact(Native Method)
W/InputManagerService( 1483): 	at com.android.internal.view.IInputMethodSession$Stub$Proxy.finishSession(IInputMethodSession.java:346)
W/InputManagerService( 1483): 	at com.android.server.InputMethodManagerService.finishSession(InputMethodManagerService.java:901)
W/InputManagerService( 1483): 	at com.android.server.InputMethodManagerService.clearCurMethodLocked(InputMethodManagerService.java:912)
W/InputManagerService( 1483): 	at com.android.server.InputMethodManagerService.onServiceDisconnected(InputMethodManagerService.java:929)
W/InputManagerService( 1483): 	at android.app.LoadedApk$ServiceDispatcher.doDeath(LoadedApk.java:1112)
W/InputManagerService( 1483): 	at android.app.LoadedApk$ServiceDispatcher$RunConnection.run(LoadedApk.java:1126)
W/InputManagerService( 1483): 	at android.os.Handler.handleCallback(Handler.java:587)
W/InputManagerService( 1483): 	at android.os.Handler.dispatchMessage(Handler.java:92)
W/InputManagerService( 1483): 	at android.os.Looper.loop(Looper.java:150)
W/InputManagerService( 1483): 	at com.android.server.ServerThread.run(SystemServer.java:791)
D/UsbService( 1483): [USBNET] USB UEVENT: {FUNCTION=adb, SUBSYSTEM=usb_composite, ENABLED=0, DEVPATH=/devices/virtual/usb_composite/adb, SEQNUM=2246, ACTION=change}
D/UsbService( 1483): [USBNET] FUNCTION: adb,enabled=0
D/UsbService( 1483): [USBNET] USB UEVENT: {FUNCTION=adb, SUBSYSTEM=usb_composite, ENABLED=1, DEVPATH=/devices/virtual/usb_composite/adb, SEQNUM=2247, ACTION=change}
D/UsbService( 1483): [USBNET] FUNCTION: adb,enabled=1
I/WindowManager( 1483): WINDOW DIED Window{409d1190 com.android.htccontacts/com.android.htccontacts.BrowseLayerCarouselActivity paused=false}
I/WindowManager( 1483): WINDOW DIED Window{40a19418 com.android.settings/com.android.settings.framework.activity.HtcSettings paused=false}
W/InputManagerService( 1483): Session failed to close due to remote exception
W/InputManagerService( 1483): android.os.DeadObjectException
W/InputManagerService( 1483): 	at android.os.BinderProxy.transact(Native Method)
W/InputManagerService( 1483): 	at com.android.internal.view.IInputMethodSession$Stub$Proxy.finishSession(IInputMethodSession.java:346)
W/InputManagerService( 1483): 	at com.android.server.InputMethodManagerService.finishSession(InputMethodManagerService.java:901)
W/InputManagerService( 1483): 	at com.android.server.InputMethodManagerService.clearCurMethodLocked(InputMethodManagerService.java:912)
W/InputManagerService( 1483): 	at com.android.server.InputMethodManagerService.onServiceDisconnected(InputMethodManagerService.java:929)
W/InputManagerService( 1483): 	at android.app.LoadedApk$ServiceDispatcher.doDeath(LoadedApk.java:1112)
W/InputManagerService( 1483): 	at android.app.LoadedApk$ServiceDispatcher$RunConnection.run(LoadedApk.java:1126)
W/InputManagerService( 1483): 	at android.os.Handler.handleCallback(Handler.java:587)
W/InputManagerService( 1483): 	at android.os.Handler.dispatchMessage(Handler.java:92)
W/InputManagerService( 1483): 	at android.os.Looper.loop(Looper.java:150)
W/InputManagerService( 1483): 	at com.android.server.ServerThread.run(SystemServer.java:791)
I/WindowManager( 1483): WINDOW DIED Window{40db2ac8 com.android.browser/com.android.browser.BrowserActivity paused=false}
W/InputManagerService( 1483): Session failed to close due to remote exception
W/InputManagerService( 1483): android.os.DeadObjectException
W/InputManagerService( 1483): 	at android.os.BinderProxy.transact(Native Method)
W/InputManagerService( 1483): 	at com.android.internal.view.IInputMethodSession$Stub$Proxy.finishSession(IInputMethodSession.java:346)
W/InputManagerService( 1483): 	at com.android.server.InputMethodManagerService.finishSession(InputMethodManagerService.java:901)
W/InputManagerService( 1483): 	at com.android.server.InputMethodManagerService.clearCurMethodLocked(InputMethodManagerService.java:912)
W/InputManagerService( 1483): 	at com.android.server.InputMethodManagerService.onServiceDisconnected(InputMethodManagerService.java:929)
W/InputManagerService( 1483): 	at android.app.LoadedApk$ServiceDispatcher.doDeath(LoadedApk.java:1112)
W/InputManagerService( 1483): 	at android.app.LoadedApk$ServiceDispatcher$RunConnection.run(LoadedApk.java:1126)
W/InputManagerService( 1483): 	at android.os.Handler.handleCallback(Handler.java:587)
W/InputManagerService( 1483): 	at android.os.Handler.dispatchMessage(Handler.java:92)
W/InputManagerService( 1483): 	at android.os.Looper.loop(Looper.java:150)
W/InputManagerService( 1483): 	at com.android.server.ServerThread.run(SystemServer.java:791)
W/ActivityManager( 1483): Exception when sending broadcast to ComponentInfo{com.htc.android.epst/com.htc.android.epst.LPMReceiver}
W/ActivityManager( 1483): android.os.DeadObjectException
W/ActivityManager( 1483): 	at android.os.BinderProxy.transact(Native Method)
W/ActivityManager( 1483): 	at android.app.ApplicationThreadProxy.scheduleReceiver(ApplicationThreadNative.java:580)
W/ActivityManager( 1483): 	at com.android.server.am.ActivityManagerService.processCurBroadcastLocked(ActivityManagerService.java:12458)
W/ActivityManager( 1483): 	at com.android.server.am.ActivityManagerService.processNextBroadcast(ActivityManagerService.java:12865)
W/ActivityManager( 1483): 	at com.android.server.am.ActivityManagerService.finishReceiver(ActivityManagerService.java:12279)
W/ActivityManager( 1483): 	at android.app.ActivityManagerNative.onTransact(ActivityManagerNative.java:342)
W/ActivityManager( 1483): 	at com.android.server.am.ActivityManagerService.onTransact(ActivityManagerService.java:1639)
W/ActivityManager( 1483): 	at android.os.Binder.execTransact(Binder.java:320)
W/ActivityManager( 1483): 	at dalvik.system.NativeStart.run(Native Method)
E/ActivityManager( 1483): Fix ANR:broadcast when App died
W/InputManagerService( 1483): Session failed to close due to remote exception
W/InputManagerService( 1483): android.os.DeadObjectException
W/InputManagerService( 1483): 	at android.os.BinderProxy.transact(Native Method)
W/InputManagerService( 1483): 	at com.android.internal.view.IInputMethodSession$Stub$Proxy.finishSession(IInputMethodSession.java:346)
W/InputManagerService( 1483): 	at com.android.server.InputMethodManagerService.finishSession(InputMethodManagerService.java:901)
W/InputManagerService( 1483): 	at com.android.server.InputMethodManagerService.clearCurMethodLocked(InputMethodManagerService.java:912)
W/InputManagerService( 1483): 	at com.android.server.InputMethodManagerService.onServiceDisconnected(InputMethodManagerService.java:929)
W/InputManagerService( 1483): 	at android.app.LoadedApk$ServiceDispatcher.doDeath(LoadedApk.java:1112)
W/InputManagerService( 1483): 	at android.app.LoadedApk$ServiceDispatcher$RunConnection.run(LoadedApk.java:1126)
W/InputManagerService( 1483): 	at android.os.Handler.handleCallback(Handler.java:587)
W/InputManagerService( 1483): 	at android.os.Handler.dispatchMessage(Handler.java:92)
W/InputManagerService( 1483): 	at android.os.Looper.loop(Looper.java:150)
W/InputManagerService( 1483): 	at com.android.server.ServerThread.run(SystemServer.java:791)
I/ActivityManager( 1483): Start proc com.htc.android.epst for broadcast com.htc.android.epst/.LPMReceiver: pid=20900 uid=10037 gids={3003}
W/InputManagerService( 1483): Session failed to close due to remote exception
W/InputManagerService( 1483): android.os.DeadObjectException
W/InputManagerService( 1483): 	at android.os.BinderProxy.transact(Native Method)
W/InputManagerService( 1483): 	at com.android.internal.view.IInputMethodSession$Stub$Proxy.finishSession(IInputMethodSession.java:346)
W/InputManagerService( 1483): 	at com.android.server.InputMethodManagerService.finishSession(InputMethodManagerService.java:901)
W/InputManagerService( 1483): 	at com.android.server.InputMethodManagerService.clearCurMethodLocked(InputMethodManagerService.java:912)
W/InputManagerService( 1483): 	at com.android.server.InputMethodManagerService.onServiceDisconnected(InputMethodManagerService.java:929)
W/InputManagerService( 1483): 	at android.app.LoadedApk$ServiceDispatcher.doDeath(LoadedApk.java:1112)
W/InputManagerService( 1483): 	at android.app.LoadedApk$ServiceDispatcher$RunConnection.run(LoadedApk.java:1126)
W/InputManagerService( 1483): 	at android.os.Handler.handleCallback(Handler.java:587)
W/InputManagerService( 1483): 	at android.os.Handler.dispatchMessage(Handler.java:92)
W/InputManagerService( 1483): 	at android.os.Looper.loop(Looper.java:150)
W/InputManagerService( 1483): 	at com.android.server.ServerThread.run(SystemServer.java:791)
W/InputManagerService( 1483): Session failed to close due to remote exception
W/InputManagerService( 1483): android.os.DeadObjectException
W/InputManagerService( 1483): 	at android.os.BinderProxy.transact(Native Method)
W/InputManagerService( 1483): 	at com.android.internal.view.IInputMethodSession$Stub$Proxy.finishSession(IInputMethodSession.java:346)
W/InputManagerService( 1483): 	at com.android.server.InputMethodManagerService.finishSession(InputMethodManagerService.java:901)
W/InputManagerService( 1483): 	at com.android.server.InputMethodManagerService.clearCurMethodLocked(InputMethodManagerService.java:912)
W/InputManagerService( 1483): 	at com.android.server.InputMethodManagerService.onServiceDisconnected(InputMethodManagerService.java:929)
W/InputManagerService( 1483): 	at android.app.LoadedApk$ServiceDispatcher.doDeath(LoadedApk.java:1112)
W/InputManagerService( 1483): 	at android.app.LoadedApk$ServiceDispatcher$RunConnection.run(LoadedApk.java:1126)
W/InputManagerService( 1483): 	at android.os.Handler.handleCallback(Handler.java:587)
W/InputManagerService( 1483): 	at android.os.Handler.dispatchMessage(Handler.java:92)
W/InputManagerService( 1483): 	at android.os.Looper.loop(Looper.java:150)
W/InputManagerService( 1483): 	at com.android.server.ServerThread.run(SystemServer.java:791)
W/InputManagerService( 1483): Session failed to close due to remote exception
W/InputManagerService( 1483): android.os.DeadObjectException
W/InputManagerService( 1483): 	at android.os.BinderProxy.transact(Native Method)
W/InputManagerService( 1483): 	at com.android.internal.view.IInputMethodSession$Stub$Proxy.finishSession(IInputMethodSession.java:346)
W/InputManagerService( 1483): 	at com.android.server.InputMethodManagerService.finishSession(InputMethodManagerService.java:901)
W/InputManagerService( 1483): 	at com.android.server.InputMethodManagerService.clearCurMethodLocked(InputMethodManagerService.java:916)
W/InputManagerService( 1483): 	at com.android.server.InputMethodManagerService.onServiceDisconnected(InputMethodManagerService.java:929)
W/InputManagerService( 1483): 	at android.app.LoadedApk$ServiceDispatcher.doDeath(LoadedApk.java:1112)
W/InputManagerService( 1483): 	at android.app.LoadedApk$ServiceDispatcher$RunConnection.run(LoadedApk.java:1126)
W/InputManagerService( 1483): 	at android.os.Handler.handleCallback(Handler.java:587)
W/InputManagerService( 1483): 	at android.os.Handler.dispatchMessage(Handler.java:92)
W/InputManagerService( 1483): 	at android.os.Looper.loop(Looper.java:150)
W/InputManagerService( 1483): 	at com.android.server.ServerThread.run(SystemServer.java:791)
I/ActivityManager( 1483): Process com.htc.android.epst (pid 18689) has died and restarted (pid 20900).
I/ActivityManager( 1483): Process com.swype.android.inputmethod (pid 18711) has died.
W/ActivityManager( 1483): Exception when unbinding service com.swype.android.inputmethod/com.swype.android.connect.ConnectClient
W/ActivityManager( 1483): android.os.DeadObjectException
W/ActivityManager( 1483): 	at android.os.BinderProxy.transact(Native Method)
W/ActivityManager( 1483): 	at android.app.ApplicationThreadProxy.scheduleUnbindService(ApplicationThreadNative.java:634)
W/ActivityManager( 1483): 	at com.android.server.am.ActivityManagerService.removeConnectionLocked(ActivityManagerService.java:11152)
W/ActivityManager( 1483): 	at com.android.server.am.ActivityManagerService.killServicesLocked(ActivityManagerService.java:9669)
W/ActivityManager( 1483): 	at com.android.server.am.ActivityManagerService.cleanUpApplicationRecordLocked(ActivityManagerService.java:9817)
W/ActivityManager( 1483): 	at com.android.server.am.ActivityManagerService.handleAppDiedLocked(ActivityManagerService.java:2820)
W/ActivityManager( 1483): 	at com.android.server.am.ActivityManagerService.appDiedLocked(ActivityManagerService.java:2957)
W/ActivityManager( 1483): 	at com.android.server.am.ActivityManagerService$AppDeathRecipient.binderDied(ActivityManagerService.java:1048)
W/ActivityManager( 1483): 	at android.os.BinderProxy.sendDeathNotice(Binder.java:381)
W/ActivityManager( 1483): 	at dalvik.system.NativeStart.run(Native Method)
W/ActivityManager( 1483): Scheduling restart of crashed service com.swype.android.inputmethod/.SwypeInputMethod in 5000ms
V/DeviceStorageMonitorService( 1483): freeMemory=569376768
D/DeviceStorageMonitorService( 1483): OoO SMS Memory available. SMS_AVAILABLE_THRESHOLD == 524288
I/ActivityManager( 1483): Process com.android.systemui (pid 18534) has died.
W/ActivityManager( 1483): Scheduling restart of crashed service com.android.systemui/.statusbar.StatusBarService in 5000ms
I/ActivityManager( 1483): Start proc com.android.systemui for restart com.android.systemui: pid=20908 uid=1000 gids={3002, 3001, 3003, 2001, 1015, 1007}
I/ActivityManager( 1483): Process com.google.process.location (pid 18648) has died.
W/ActivityManager( 1483): Exception when unbinding service com.google.android.gms/.wearable.service.WearableService
W/ActivityManager( 1483): android.os.DeadObjectException
W/ActivityManager( 1483): 	at android.os.BinderProxy.transact(Native Method)
W/ActivityManager( 1483): 	at android.app.ApplicationThreadProxy.scheduleUnbindService(ApplicationThreadNative.java:634)
W/ActivityManager( 1483): 	at com.android.server.am.ActivityManagerService.removeConnectionLocked(ActivityManagerService.java:11152)
W/ActivityManager( 1483): 	at com.android.server.am.ActivityManagerService.killServicesLocked(ActivityManagerService.java:9669)
W/ActivityManager( 1483): 	at com.android.server.am.ActivityManagerService.cleanUpApplicationRecordLocked(ActivityManagerService.java:9817)
W/ActivityManager( 1483): 	at com.android.server.am.ActivityManagerService.handleAppDiedLocked(ActivityManagerService.java:2820)
W/ActivityManager( 1483): 	at com.android.server.am.ActivityManagerService.appDiedLocked(ActivityManagerService.java:2957)
W/ActivityManager( 1483): 	at com.android.server.am.ActivityManagerService$AppDeathRecipient.binderDied(ActivityManagerService.java:1048)
W/ActivityManager( 1483): 	at android.os.BinderProxy.sendDeathNotice(Binder.java:381)
W/ActivityManager( 1483): 	at dalvik.system.NativeStart.run(Native Method)
W/ActivityManager( 1483): Exception when stopping service com.google.android.gms/.wearable.service.WearableService
W/ActivityManager( 1483): android.os.DeadObjectException
W/ActivityManager( 1483): 	at android.os.BinderProxy.transact(Native Method)
W/ActivityManager( 1483): 	at android.app.ApplicationThreadProxy.scheduleStopService(ApplicationThreadNative.java:662)
W/ActivityManager( 1483): 	at com.android.server.am.ActivityManagerService.bringDownServiceLocked(ActivityManagerService.java:10685)
W/ActivityManager( 1483): 	at com.android.server.am.ActivityManagerService.removeConnectionLocked(ActivityManagerService.java:11160)
W/ActivityManager( 1483): 	at com.android.server.am.ActivityManagerService.killServicesLocked(ActivityManagerService.java:9669)
W/ActivityManager( 1483): 	at com.android.server.am.ActivityManagerService.cleanUpApplicationRecordLocked(ActivityManagerService.java:9817)
W/ActivityManager( 1483): 	at com.android.server.am.ActivityManagerService.handleAppDiedLocked(ActivityManagerService.java:2820)
W/ActivityManager( 1483): 	at com.android.server.am.ActivityManagerService.appDiedLocked(ActivityManagerService.java:2957)
W/ActivityManager( 1483): 	at com.android.server.am.ActivityManagerService$AppDeathRecipient.binderDied(ActivityManagerService.java:1048)
W/ActivityManager( 1483): 	at android.os.BinderProxy.sendDeathNotice(Binder.java:381)
W/ActivityManager( 1483): 	at dalvik.system.NativeStart.run(Native Method)
W/ActivityManager( 1483): Scheduling restart of crashed service com.google.android.gms/com.google.android.location.internal.GoogleLocationManagerService in 5000ms
W/ActivityManager( 1483): Scheduling restart of crashed service com.google.android.gms/.deviceconnection.service.DeviceConnectionServiceBroker in 5000ms
W/ActivityManager( 1483): Scheduling restart of crashed service com.google.android.gms/com.google.android.location.internal.server.GoogleLocationService in 5000ms
W/ActivityManager( 1483): Scheduling restart of crashed service com.google.android.gms/com.google.android.location.internal.PendingIntentCallbackService in 5000ms
I/ActivityManager( 1483): Process com.google.android.gms.wearable (pid 18800) has died.
I/ActivityManager( 1483): Process com.vzw.hss.myverizon (pid 19299) has died.
I/ActivityManager( 1483): Process com.htc.HtcLinkifyDispatcher:remote (pid 20325) has died.
I/ActivityManager( 1483): Process com.google.android.gms.unstable (pid 19803) has died.
I/ActivityManager( 1483): Process com.slacker.radio (pid 20341) has died.
I/ActivityManager( 1483): Process com.htc.dockmode (pid 18828) has died.
I/ActivityManager( 1483): Process com.android.providers.htccdmamcc (pid 19100) has died.
I/ActivityManager( 1483): Process com.pv.wmdrmservice (pid 18734) has died.
W/ActivityManager( 1483): Scheduling restart of crashed service com.pv.wmdrmservice/.PVWmdrmService in 5000ms
I/ActivityManager( 1483): Process com.htc.sdm:remote (pid 18732) has died.
W/ActivityManager( 1483): Scheduling restart of crashed service com.htc.sdm/.service.SDMService in 5000ms
I/ActivityManager( 1483): Process com.htc.opensense (pid 20305) has died.
I/ActivityManager( 1483): Process com.android.htccontacts (pid 18981) has died.
I/ActivityManager( 1483): Process com.android.mms (pid 18591) has died.
W/ActivityManager( 1483): Scheduling restart of crashed service com.android.mms/.transaction.TransactionService in 5000ms
I/DeviceStorageMonitorService( 1483): Posting Message again
D/UsbService( 1483): [USBNET] handleMessage: 2; mConnected=0(0),mConfiguration=0(0)
D/UsbService( 1483): [USBNET] handleMessage: 1; mConnected=0(0),mConfiguration=0(0)
D/UsbService( 1483): [USBNET] handleMessage: 0; mConnected=0(0),mConfiguration=0(0)
W/ActivityManager( 1483): Scheduling restart of crashed service com.google.android.gms/.icing.service.IndexWorkerService in 5000ms
W/ActivityManager( 1483): Exception when starting service com.google.android.gms/.icing.service.IndexWorkerService
W/ActivityManager( 1483): android.os.DeadObjectException
W/ActivityManager( 1483): 	at android.os.BinderProxy.transact(Native Method)
W/ActivityManager( 1483): 	at android.app.ApplicationThreadProxy.scheduleCreateService(ApplicationThreadNative.java:611)
W/ActivityManager( 1483): 	at com.android.server.am.ActivityManagerService.realStartServiceLocked(ActivityManagerService.java:10385)
W/ActivityManager( 1483): 	at com.android.server.am.ActivityManagerService.bringUpServiceLocked(ActivityManagerService.java:10553)
W/ActivityManager( 1483): 	at com.android.server.am.ActivityManagerService.startServiceLocked(ActivityManagerService.java:10755)
W/ActivityManager( 1483): 	at com.android.server.am.ActivityManagerService.startServiceInPackage(ActivityManagerService.java:10784)
W/ActivityManager( 1483): 	at com.android.server.am.PendingIntentRecord.sendInner(PendingIntentRecord.java:240)
W/ActivityManager( 1483): 	at com.android.server.am.PendingIntentRecord.send(PendingIntentRecord.java:177)
W/ActivityManager( 1483): 	at android.app.PendingIntent.send(PendingIntent.java:497)
W/ActivityManager( 1483): 	at com.android.server.AlarmManagerService$AlarmThread.run(AlarmManagerService.java:1347)
W/ActivityManager( 1483): Scheduling restart of crashed service com.google.android.gms/.update.SystemUpdateService in 5000ms
W/ActivityManager( 1483): Scheduling restart of crashed service com.google.android.gms/.common.stats.GmsCoreStatsService in 5000ms
I/ActivityManager( 1483): Start proc com.google.android.gms for service com.google.android.gms/.icing.service.IndexWorkerService: pid=20913 uid=10010 gids={3003, 1015, 2001, 1007, 1006, 3002, 3001}
I/ActivityManager( 1483): Process com.android.vending (pid 18557) has died.
I/ActivityManager( 1483): Process com.htc.album (pid 20005) has died.
I/ActivityManager( 1483): Process com.htc.android.worldclock (pid 18663) has died.
I/ActivityManager( 1483): Process com.htc.android.mail (pid 19172) has died.
I/ActivityManager( 1483): Process com.htc.android.htcime (pid 19533) has died.
I/ActivityManager( 1483): Process com.android.voicedialer (pid 20333) has died.
I/ActivityManager( 1483): Process com.smithmicro.DM (pid 18717) has died.
W/ActivityManager( 1483): Exception when unbinding service com.htc.android.omadm.service/.HtcDmService
W/ActivityManager( 1483): android.os.DeadObjectException
W/ActivityManager( 1483): 	at android.os.BinderProxy.transact(Native Method)
W/ActivityManager( 1483): 	at android.app.ApplicationThreadProxy.scheduleUnbindService(ApplicationThreadNative.java:634)
W/ActivityManager( 1483): 	at com.android.server.am.ActivityManagerService.removeConnectionLocked(ActivityManagerService.java:11152)
W/ActivityManager( 1483): 	at com.android.server.am.ActivityManagerService.killServicesLocked(ActivityManagerService.java:9669)
W/ActivityManager( 1483): 	at com.android.server.am.ActivityManagerService.cleanUpApplicationRecordLocked(ActivityManagerService.java:9817)
W/ActivityManager( 1483): 	at com.android.server.am.ActivityManagerService.handleAppDiedLocked(ActivityManagerService.java:2820)
W/ActivityManager( 1483): 	at com.android.server.am.ActivityManagerService.appDiedLocked(ActivityManagerService.java:2957)
W/ActivityManager( 1483): 	at com.android.server.am.ActivityManagerService$AppDeathRecipient.binderDied(ActivityManagerService.java:1048)
W/ActivityManager( 1483): 	at android.os.BinderProxy.sendDeathNotice(Binder.java:381)
W/ActivityManager( 1483): 	at dalvik.system.NativeStart.run(Native Method)
W/ActivityManager( 1483): Scheduling restart of crashed service com.smithmicro.DM/.DMServiceApp in 5000ms
I/ActivityManager( 1483): Process com.svox.pico (pid 20315) has died.
I/ActivityManager( 1483): Process com.htc.profilewidget (pid 19282) has died.
I/ActivityManager( 1483): Process com.gravitymobile.app.hornbill (pid 18958) has died.
I/ActivityManager( 1483): Process com.google.android.googlequicksearchbox (pid 19541) has died.
I/ActivityManager( 1483): Process com.htc.providers.settings:remote (pid 20348) has died.
I/ActivityManager( 1483): Process com.pv.wmdrmproxy (pid 18713) has died.
W/ActivityManager( 1483): Scheduling restart of crashed service com.pv.wmdrmproxy/.PVWmdrmProxy in 5000ms
I/ActivityManager( 1483): Process com.fusionone.android.sync.service (pid 18560) has died.
W/ActivityManager( 1483): Scheduling restart of crashed service com.fusionone.android.sync.service/.SyncService in 5000ms
I/ActivityManager( 1483): Process com.google.android.apps.maps:FriendService (pid 20478) has died.
I/ActivityManager( 1483): Process com.google.android.partnersetup (pid 20566) has died.
I/ActivityManager( 1483): Process com.htc.RosieUtility (pid 20361) has died.
I/ActivityManager( 1483): Start proc com.android.vending for service com.android.vending/com.google.android.finsky.services.DailyHygiene: pid=20918 uid=10088 gids={3003, 1015}
I/ActivityManager( 1483): Process com.htc.mim (pid 18681) has died.
W/ActivityManager( 1483): Scheduling restart of crashed service com.htc.mim/.engine.HtcMimService in 5000ms
I/ActivityManager( 1483): Process com.android.defcontainer (pid 20542) has died.
I/ActivityManager( 1483): Process com.android.settings (pid 18672) has died.
I/ActivityManager( 1483): Process com.htc.htcMessageUploader (pid 20817) has died.
I/ActivityManager( 1483): Process com.google.android.gms (pid 18555) has died and restarted (pid 20913).
I/ActivityManager( 1483): Process com.htc.BugReport (pid 20807) has died.
W/ActivityManager( 1483): Scheduling restart of crashed service com.htc.dcs.service.utility/.UtilityService in 5000ms
W/ActivityManager( 1483): Exception when starting service com.htc.dcs.service.utility/.UtilityService
W/ActivityManager( 1483): android.os.DeadObjectException
W/ActivityManager( 1483): 	at android.os.BinderProxy.transact(Native Method)
W/ActivityManager( 1483): 	at android.app.ApplicationThreadProxy.scheduleCreateService(ApplicationThreadNative.java:611)
W/ActivityManager( 1483): 	at com.android.server.am.ActivityManagerService.realStartServiceLocked(ActivityManagerService.java:10385)
W/ActivityManager( 1483): 	at com.android.server.am.ActivityManagerService.bringUpServiceLocked(ActivityManagerService.java:10553)
W/ActivityManager( 1483): 	at com.android.server.am.ActivityManagerService.bindService(ActivityManagerService.java:11066)
W/ActivityManager( 1483): 	at android.app.ContextImpl.bindService(ContextImpl.java:936)
W/ActivityManager( 1483): 	at com.htc.lockscreen.MusicCtrl.bindMusicService(MusicCtrl.java:164)
W/ActivityManager( 1483): 	at com.htc.lockscreen.MusicCtrl.startMusicCtrl(MusicCtrl.java:69)
W/ActivityManager( 1483): 	at com.htc.lockscreen.LSState.musicStart(LSState.java:507)
W/ActivityManager( 1483): 	at com.htc.lockscreen.HtcLockScreen.onScreenRestart(HtcLockScreen.java:3190)
W/ActivityManager( 1483): 	at com.android.internal.policy.impl.LockPatternKeyguardView.recreateChildScreen(LockPatternKeyguardView.java:590)
W/ActivityManager( 1483): 	at com.android.internal.policy.impl.KeyguardViewManager.show(KeyguardViewManager.java:230)
W/ActivityManager( 1483): 	at com.android.internal.policy.impl.KeyguardViewMediator.handleShow(KeyguardViewMediator.java:1230)
W/ActivityManager( 1483): 	at com.android.internal.policy.impl.KeyguardViewMediator.access$800(KeyguardViewMediator.java:106)
W/ActivityManager( 1483): 	at com.android.internal.policy.impl.KeyguardViewMediator$2.handleMessage(KeyguardViewMediator.java:1090)
W/ActivityManager( 1483): 	at android.os.Handler.dispatchMessage(Handler.java:99)
W/ActivityManager( 1483): 	at android.os.Looper.loop(Looper.java:150)
W/ActivityManager( 1483): 	at com.android.server.WindowManagerService$PolicyThread.run(WindowManagerService.java:647)
W/ActivityManager( 1483): Scheduling restart of crashed service com.htc.htclocationservice/.AutoSettingService in 5000ms
W/ActivityManager( 1483): Scheduling restart of crashed service com.htc.android.psclient/.ConnectToPCService in 5000ms
I/ActivityManager( 1483): Start proc com.htc.bgp for service com.htc.dcs.service.utility/.UtilityService: pid=20922 uid=10001 gids={3003, 1006, 1015, 2001}
I/ActivityManager( 1483): Process com.google.android.gm (pid 20862) has died.
I/ActivityManager( 1483): Process com.htc.bg (pid 20713) has died.
W/ActivityManager( 1483): Scheduling restart of crashed service com.htc.providers.uploads/.AutoUploadService in 5000ms
I/ActivityManager( 1483): Process com.cequint.ecid (pid 20799) has died.
I/ActivityManager( 1483): Process android.process.media (pid 20825) has died.
I/ActivityManager( 1483): Process com.google.android.apps.unveil (pid 20851) has died.
I/ActivityManager( 1483): Process com.skype.android.verizon (pid 20870) has died.
I/ActivityManager( 1483): Process com.vznavigator.ADR6350:remote (pid 18939) has died.
I/ActivityManager( 1483): Process com.htc.android.omadm.service (pid 18746) has died.
W/ActivityManager( 1483): Scheduling restart of crashed service com.htc.android.omadm.service/.HtcDmService in 5000ms
I/ActivityManager( 1483): Process com.android.browser (pid 18782) has died.
I/ActivityManager( 1483): Process com.htc.bgp (pid 18697) has died and restarted (pid 20922).
I/ActivityManager( 1483): Process com.swype.android.inputmethod:SwypeConnect (pid 18563) has died.
W/ActivityManager( 1483): Scheduling restart of crashed service com.swype.android.inputmethod/com.swype.android.connect.ConnectClient in 5000ms
I/ActivityManager( 1483): Start proc com.google.android.apps.maps for service com.google.android.apps.maps/com.google.googlenav.prefetch.android.PrefetcherService: pid=20925 uid=10039 gids={3003, 1015}
D/StatusBarManagerService( 1483): disable what =1, token = android.os.Binder@408bd448, pkg = android, mBar = com.android.internal.statusbar.IStatusBar$Stub$Proxy@40b60708
I/ActivityManager( 1483): Start proc com.htc.bg for broadcast com.htc.CustomizationSetup/.SIMStateChangeReceiver: pid=20932 uid=10001 gids={3003, 1006, 1015, 2001}
W/ActivityManager( 1483): Activity pause timeout for HistoryRecord{40b4da30 com.htc.launcher/.Launcher}
D/PowerManagerService( 1483): button light setOrientation:-1
D/PowerManagerService( 1483): setPenMenuButtonLed: 2
W/ActivityManager( 1483): finishReceiver called but none active
I/ActivityManager( 1483): Start proc com.android.browser for broadcast com.android.browser/.htc.util.HTCBrowserCustomizationChangeReceiver: pid=20954 uid=10044 gids={3003, 1015, 2001}
I/ActivityManager( 1483): Start proc com.android.mms for broadcast com.htc.vvm/.receiver.SimSwapReceiver: pid=20963 uid=10064 gids={3003, 1015, 3002, 5002}
I/ActivityManager( 1483): Start proc com.fusionone.android.sync.service for broadcast com.fusionone.android.sync.service/com.fusionone.android.sync.receivers.NetworkBroadcastReceiver: pid=20971 uid=10014 gids={3003}
V/LocationManagerService( 1483): requestLocationUpdates
V/LocationManagerService( 1483): requestLocationUpdatesLocked: updateProvidersLocked
D/LocationManagerService( 1483): [updateProvidersLocked]
D/PowerManagerService( 1483): setPenMenuButtonLed: 2
D/InputManagerService( 1483): Window already focused, ignoring focus gain of: com.android.internal.view.IInputMethodClient$Stub$Proxy@40adbf88
I/WifiService( 1483): Quickboot - Intent received: ACTION_QUICKBOOT_POWERON
D/WifiService( 1483): disable wifi due to updateWifiState
I/PackageManager( 1483):  setEnabledSetting(), pkgName=com.android.vending, clsName=com.android.vending.AssetBrowserActivity, state=1, flag=1, pid=20918, uid=10088
D/Socket_Alarm(20913): registerHTCSocketMonitorCallBack
D/Socket_Alarm(20913): set mSocketMonitor
D/Socket_Alarm(20913): HTCSocketMonitorImpl::HTCSocketMonitorImpl
D/AlarmManager( 1483): ACTION_SCREEN_OFF
W/InputManagerService( 1483): Receive : Intent.ACTION_SCREEN_OFF
D/Socket_Alarm(20918): registerHTCSocketMonitorCallBack
D/Socket_Alarm(20918): set mSocketMonitor
D/Socket_Alarm(20918): HTCSocketMonitorImpl::HTCSocketMonitorImpl
I/PackageManager( 1483):  setEnabledSetting(), pkgName=com.android.vending, clsName=com.google.android.finsky.activities.DebugActivity, state=2, flag=1, pid=20918, uid=10088
W/InputManagerService( 1483): Disable input method client.
E/ActivityThread( 1625): Failed to find provider info for android.server.checkin
D/TelephonyRegistry( 1483): [QCTMM] notifyDataConnectionLTE
D/TelephonyRegistry( 1483): [QCTMM] to phonelistener anyDataConnectionState=0,tech=7
D/TelephonyRegistry( 1483): [QCTMM] r.callback.onDataConnectionStateChanged anyDataConnectionState=0,networkType=7
D/TelephonyRegistry( 1483): [QCTMM]broadcastDataConnectionStateChangedLTE() ++  anyDataConnectionState=0 apnType=default ipVersion=IPV4, state=0apn=null interfaceName=null isDataConnectivityPossible= true reason= dataNetworkAttached ipAddress=null gwAddress=null
D/TelephonyRegistry( 1483): [QCTMM][BCST]---------------
D/TelephonyRegistry( 1483): [QCTMM][BCST] STATE_CHANGE_REASON_KEY(reason)=dataNetworkAttached
D/TelephonyRegistry( 1483): [QCTMM][BCST] DATA_APN_KEY(apn)=null,DATA_APN_TYPES_KEY=default
D/TelephonyRegistry( 1483): [QCTMM][BCST] STATE_KEY(state) we made v4/v6 =DISCONNECTED
D/TelephonyRegistry( 1483): [QCTMM][BCST] DATA_APN_TYPE_STATE(state) we made v4/v6 =DISCONNECTED
D/TelephonyRegistry( 1483): [QCTMM][BCST] DATA_IPVERSION_REAL_STATE_KEY(realipstate)=DISCONNECTED,ipVersion=IPV4
D/TelephonyRegistry( 1483): [QCTMM][BCST] ---------------
D/TelephonyRegistry( 1483): [QCTMM]broadcastDataConnectionStateChangedLTE()  -- anyDataConnectionState=0 state=DISCONNECTED apnType=default, interfaceName=null apn[]= null ipAddress=null gwAddress=null
D/Socket_Alarm(20925): registerHTCSocketMonitorCallBack
D/Socket_Alarm(20925): set mSocketMonitor
D/Socket_Alarm(20925): HTCSocketMonitorImpl::HTCSocketMonitorImpl
I/ActivityManager( 1483): Start proc android.process.media for content provider com.android.providers.downloads/.DownloadProvider: pid=21023 uid=10063 gids={1015, 5002, 2001, 3003}
I/ActivityManager( 1483): Start proc com.swype.android.inputmethod for service com.swype.android.inputmethod/.SwypeInputMethod: pid=21033 uid=10114 gids={1015, 3003}
D/StatusBarService(20908): onCreate+
I/ActivityManager( 1483): Start proc com.google.process.location for service com.google.android.gms/com.google.android.location.internal.GoogleLocationManagerService: pid=21039 uid=10010 gids={3003, 1015, 2001, 1007, 1006, 3002, 3001}
I/ActivityManager( 1483): Start proc com.pv.wmdrmservice for service com.pv.wmdrmservice/.PVWmdrmService: pid=21042 uid=10073 gids={1015}
I/ActivityManager( 1483): Start proc com.htc.sdm:remote for service com.htc.sdm/.service.SDMService: pid=21043 uid=10092 gids={3003, 2001, 1015, 5002}
I/ActivityManager( 1483): Start proc com.smithmicro.DM for service com.smithmicro.DM/.DMServiceApp: pid=21056 uid=10003 gids={3003, 1015}
I/ActivityManager( 1483): Start proc com.pv.wmdrmproxy for service com.pv.wmdrmproxy/.PVWmdrmProxy: pid=21059 uid=1000 gids={3002, 3001, 3003, 2001, 1015, 1007}
I/ActivityManager( 1483): Start proc com.htc.mim for service com.htc.mim/.engine.HtcMimService: pid=21064 uid=10105 gids={3003}
I/ActivityManager( 1483): Start proc com.htc.android.omadm.service for service com.htc.android.omadm.service/.HtcDmService: pid=21081 uid=10081 gids={3003, 2001, 1015, 3002, 3001}
I/ActivityManager( 1483): Start proc com.swype.android.inputmethod:SwypeConnect for service com.swype.android.inputmethod/com.swype.android.connect.ConnectClient: pid=21082 uid=10114 gids={1015, 3003}
I/StatusBarManagerService( 1483): registerStatusBar bar=com.android.internal.statusbar.IStatusBar$Stub$Proxy@40d823a8
D/TelephonyRegistry( 1483): [QCTMM] notifyDataConnectionLTE
D/TelephonyRegistry( 1483): [QCTMM] to phonelistener anyDataConnectionState=0,tech=5
D/TelephonyRegistry( 1483): [QCTMM] r.callback.onDataConnectionStateChanged anyDataConnectionState=0,networkType=5
D/TelephonyRegistry( 1483): [QCTMM] r.callback.onDataConnectionStateChanged anyDataConnectionState=0,networkType=5
D/TelephonyRegistry( 1483): [QCTMM] r.callback.onDataConnectionStateChanged anyDataConnectionState=0,networkType=5
D/TelephonyRegistry( 1483): [QCTMM]broadcastDataConnectionStateChangedLTE() ++  anyDataConnectionState=0 apnType=default ipVersion=IPV4, state=0apn=null interfaceName=null isDataConnectivityPossible= true reason= radioTechnologyChanged ipAddress=null gwAddress=null
D/TelephonyRegistry( 1483): [QCTMM][BCST]---------------
D/TelephonyRegistry( 1483): [QCTMM][BCST] STATE_CHANGE_REASON_KEY(reason)=radioTechnologyChanged
D/TelephonyRegistry( 1483): [QCTMM][BCST] DATA_APN_KEY(apn)=null,DATA_APN_TYPES_KEY=default
D/TelephonyRegistry( 1483): [QCTMM][BCST] STATE_KEY(state) we made v4/v6 =DISCONNECTED
D/TelephonyRegistry( 1483): [QCTMM][BCST] DATA_APN_TYPE_STATE(state) we made v4/v6 =DISCONNECTED
D/TelephonyRegistry( 1483): [QCTMM][BCST] DATA_IPVERSION_REAL_STATE_KEY(realipstate)=DISCONNECTED,ipVersion=IPV4
D/TelephonyRegistry( 1483): [QCTMM][BCST] ---------------
D/TelephonyRegistry( 1483): [QCTMM]broadcastDataConnectionStateChangedLTE()  -- anyDataConnectionState=0 state=DISCONNECTED apnType=default, interfaceName=null apn[]= null ipAddress=null gwAddress=null
D/Socket_Alarm(20971): registerHTCSocketMonitorCallBack
D/Socket_Alarm(20971): set mSocketMonitor
D/Socket_Alarm(20971): HTCSocketMonitorImpl::HTCSocketMonitorImpl
I/WifiService( 1483): WifiService trying to setNumAllowed to 11 with persist set to true
I/WifiService( 1483): WifiService trying to setNumAllowed to 11 with persist set to true
D/HtcCdmaStatusBar(20908): OoO get gpsone pre-status(3
D/HtcCdmaStatusBar(20908): Update MtGPS, status=-1, setting=3
D/HtcCdmaStatusBar(20908): FEATURE_SUPPORT_LOCATION_SERVICE = true, show GPS icon
D/HtcCdmaStatusBar(20908): OoO save gpsone pre-status(-1
D/StatusBarPolicy(20908): initial bt icon:false
D/StatusBarService(20908): onCreate-
D/StatusBarPolicy(20908): createStorageManager+
W/VoldCmdListener( 1357): share status ums
D/StorageNotification(20908): Startup with UMS connection false (media state mounted)
D/StatusBarPolicy(20908): createStorageManager-
I/StorageNotification(20908): UMS connection changed to false (media state mounted)
D/StatusBarPolicy(20908): Not in GSM phone type 
D/StatusBarPolicy(20908): Not in GSM phone type 
D/StatusBarPolicy(20908): onDataConnectionStateChanged , state= 0, networkType= 5
D/HtcCdmaStatusBar(20908): return sDataNetType_3g_cdma
D/StatusBarPolicy(20908): Not in GSM phone type 
D/StatusBarPolicy(20908): Not in GSM phone type 
D/StatusBarPolicy(20908): iconIndex=1
V/StatusBarPolicy(20908): cdmaLevel:0;max:5
D/StatusBarPolicy(20908): for VZW, cdmaLevel+1, cdmaLevel= 1
D/StatusBarPolicy(20908): iconLevel:1
D/StatusBarPolicy(20908): iconIndex=1
V/StatusBarPolicy(20908): cdmaLevel:0;max:5
D/StatusBarPolicy(20908): for VZW, cdmaLevel+1, cdmaLevel= 1
D/StatusBarPolicy(20908): iconLevel:1
D/StatusBarPolicy(20908): iconIndex=1
V/StatusBarPolicy(20908): cdmaLevel:-1;max:5
D/StatusBarPolicy(20908): cdmaLevel < 0, assign cdmaLevel= -1
D/StatusBarPolicy(20908): iconLevel:-1
D/StatusBarService(20908): makeStatusBarViewExtra+
D/Socket_Alarm(21039): registerHTCSocketMonitorCallBack
D/Socket_Alarm(21039): set mSocketMonitor
D/Socket_Alarm(21039): HTCSocketMonitorImpl::HTCSocketMonitorImpl
D/ConnectivityService( 1483): getNetworkInfo(6) not avaliable
D/Socket_Alarm(20922): registerHTCSocketMonitorCallBack
V/LocationManagerService( 1483): requestLocationUpdates
V/LocationManagerService( 1483): requestLocationUpdatesLocked: updateProvidersLocked
D/LocationManagerService( 1483): [updateProvidersLocked]
I/ActivityManager( 1483): Start proc com.google.android.gms.wearable for service com.google.android.gms/.wearable.service.WearableService: pid=21117 uid=10010 gids={3003, 1015, 2001, 1007, 1006, 3002, 3001}
D/ConnectivityService( 1483): getNetworkInfo(6) not avaliable
D/Socket_Alarm(20922): set mSocketMonitor
D/Socket_Alarm(20922): HTCSocketMonitorImpl::HTCSocketMonitorImpl
D/PowerManagerService( 1483): button light setOrientation:-1
D/PowerManagerService( 1483): setPenMenuButtonLed: 2
D/PowerManagerService( 1483): setPenMenuButtonLed: 2
D/StatusBarService(20908): makeStatusBarViewExtra-
D/StatusBarPolicy(20908): iconIndex=1
V/StatusBarPolicy(20908): cdmaLevel:0;max:5
D/StatusBarPolicy(20908): for VZW, cdmaLevel+1, cdmaLevel= 1
D/StatusBarPolicy(20908): iconLevel:1
W/CarrierLabel(20908): updateNetworkNameExt: mSimState = READY
V/CarrierLabel(20908): Cdma ROAMING_INDICATOR_OFF, removing ERI icon
W/CarrierLabel(20908): updateNetworkNameExt: mSimState = UNKNOWN
W/CarrierLabel(20908): updateNetworkNameExt: mSimState = UNKNOWN
W/CarrierLabel(20908): updateNetworkNameExt: mSimState = READY
W/CarrierLabel(20908): updateNetworkNameExt: mSimState = UNKNOWN
V/LocationManagerService( 1483): requestLocationUpdates
V/LocationManagerService( 1483): requestLocationUpdatesLocked: updateProvidersLocked
D/LocationManagerService( 1483): [updateProvidersLocked]
W/CarrierLabel(20908): updateNetworkNameExt: mSimState = UNKNOWN
D/StatusBarPolicy(20908): iconIndex=1
V/StatusBarPolicy(20908): cdmaLevel:0;max:5
D/StatusBarPolicy(20908): for VZW, cdmaLevel+1, cdmaLevel= 1
D/StatusBarPolicy(20908): iconLevel:1
W/CarrierLabel(20908): updateNetworkNameExt: mSimState = UNKNOWN
V/CarrierLabel(20908): Cdma ROAMING_INDICATOR_OFF, removing ERI icon
D/StatusBarPolicy(20908): iconIndex=1
V/StatusBarPolicy(20908): cdmaLevel:0;max:5
D/StatusBarPolicy(20908): for VZW, cdmaLevel+1, cdmaLevel= 1
D/StatusBarPolicy(20908): iconLevel:1
D/StatusBarPolicy(20908): hasService()=true ,mDataState=0 ,mPhone.htcModemLinkOn()=false ,mDataActivity=4
D/StatusBarPolicy(20908): slotType[0]=NV
D/StatusBarPolicy(20908): iconIndex=1
V/StatusBarPolicy(20908): cdmaLevel:0;max:5
D/StatusBarPolicy(20908): for VZW, cdmaLevel+1, cdmaLevel= 1
D/StatusBarPolicy(20908): iconLevel:1
D/StatusBarPolicy(20908): hasService()=true ,mDataState=0 ,mPhone.htcModemLinkOn()=false ,mDataActivity=0
D/StatusBarPolicy(20908): slotType[0]=NV
D/TelephonyRegistry( 1483): [QCTMM] notifyDataConnectionLTE
D/TelephonyRegistry( 1483): [QCTMM] to phonelistener anyDataConnectionState=0,tech=6
D/TelephonyRegistry( 1483): [QCTMM] r.callback.onDataConnectionStateChanged anyDataConnectionState=0,networkType=6
D/TelephonyRegistry( 1483): [QCTMM] r.callback.onDataConnectionStateChanged anyDataConnectionState=0,networkType=6
D/StatusBarPolicy(20908): onDataConnectionStateChanged , state= 0, networkType= 6
D/HtcCdmaStatusBar(20908): return sDataNetType_3g_cdma
D/TelephonyRegistry( 1483): [QCTMM] r.callback.onDataConnectionStateChanged anyDataConnectionState=0,networkType=6
D/TelephonyRegistry( 1483): [QCTMM] r.callback.onDataConnectionStateChanged anyDataConnectionState=0,networkType=6
D/TelephonyRegistry( 1483): [QCTMM] r.callback.onDataConnectionStateChanged anyDataConnectionState=0,networkType=6
D/StatusBarPolicy(20908): hasService()=true ,mDataState=0 ,mPhone.htcModemLinkOn()=false ,mDataActivity=0
